
Allocating common symbols
Common symbol       size              file

SaveRState          0x2               ./libraries/STM32_USB-FS-Device_Driver/src/usb_int.o
DeviceState         0x1               ./src/main.o
SaveState           0x2               ./libraries/STM32_USB-FS-Device_Driver/src/usb_init.o
JumpAddress         0x4               ./src/main.o
wIstr               0x2               ./src/usb_istr.o
pProperty           0x4               ./libraries/STM32_USB-FS-Device_Driver/src/usb_init.o
MAL_Buffer          0x400             ./src/dfu_mal.o
EPindex             0x1               ./libraries/STM32_USB-FS-Device_Driver/src/usb_init.o
Jump_To_Application
                    0x4               ./src/main.o
SaveTState          0x2               ./libraries/STM32_USB-FS-Device_Driver/src/usb_int.o
DeviceStatus        0x6               ./src/main.o
Device_Info         0x1c              ./libraries/STM32_USB-FS-Device_Driver/src/usb_init.o
pUser_Standard_Requests
                    0x4               ./libraries/STM32_USB-FS-Device_Driver/src/usb_init.o
StatusInfo          0x2               ./libraries/STM32_USB-FS-Device_Driver/src/usb_core.o
pInformation        0x4               ./libraries/STM32_USB-FS-Device_Driver/src/usb_init.o
ResumeS             0x2               ./src/usb_pwr.o
pMAL_Init           0x4               ./src/dfu_mal.o
pMAL_Erase          0x4               ./src/dfu_mal.o
pMAL_Read           0x4               ./src/dfu_mal.o
wInterrupt_Mask     0x2               ./libraries/STM32_USB-FS-Device_Driver/src/usb_init.o
pMAL_Write          0x4               ./src/dfu_mal.o

Discarded input sections

 .text          0x0000000000000000       0x14 ./startup/startup_stm32f10x_md.o
 .data          0x0000000000000000        0x0 ./startup/startup_stm32f10x_md.o
 .bss           0x0000000000000000        0x0 ./startup/startup_stm32f10x_md.o
 .group         0x0000000000000000        0x8 ./src/dfu_mal.o
 .group         0x0000000000000000        0x8 ./src/dfu_mal.o
 .group         0x0000000000000000        0x8 ./src/dfu_mal.o
 .group         0x0000000000000000        0x8 ./src/dfu_mal.o
 .group         0x0000000000000000        0x8 ./src/dfu_mal.o
 .group         0x0000000000000000        0x8 ./src/dfu_mal.o
 .group         0x0000000000000000        0x8 ./src/dfu_mal.o
 .group         0x0000000000000000        0x8 ./src/dfu_mal.o
 .group         0x0000000000000000        0x8 ./src/dfu_mal.o
 .group         0x0000000000000000        0x8 ./src/dfu_mal.o
 .group         0x0000000000000000        0x8 ./src/dfu_mal.o
 .group         0x0000000000000000        0x8 ./src/dfu_mal.o
 .group         0x0000000000000000        0x8 ./src/dfu_mal.o
 .group         0x0000000000000000        0x8 ./src/dfu_mal.o
 .group         0x0000000000000000        0x8 ./src/dfu_mal.o
 .group         0x0000000000000000        0x8 ./src/dfu_mal.o
 .group         0x0000000000000000        0x8 ./src/dfu_mal.o
 .group         0x0000000000000000        0x8 ./src/dfu_mal.o
 .group         0x0000000000000000        0x8 ./src/dfu_mal.o
 .group         0x0000000000000000        0x8 ./src/dfu_mal.o
 .group         0x0000000000000000        0x8 ./src/dfu_mal.o
 .group         0x0000000000000000        0x8 ./src/dfu_mal.o
 .group         0x0000000000000000        0x8 ./src/dfu_mal.o
 .group         0x0000000000000000        0x8 ./src/dfu_mal.o
 .group         0x0000000000000000        0x8 ./src/dfu_mal.o
 .group         0x0000000000000000        0x8 ./src/dfu_mal.o
 .group         0x0000000000000000        0x8 ./src/dfu_mal.o
 .group         0x0000000000000000        0x8 ./src/dfu_mal.o
 .group         0x0000000000000000        0x8 ./src/dfu_mal.o
 .group         0x0000000000000000        0x8 ./src/dfu_mal.o
 .group         0x0000000000000000        0x8 ./src/dfu_mal.o
 .group         0x0000000000000000        0x8 ./src/dfu_mal.o
 .group         0x0000000000000000        0x8 ./src/dfu_mal.o
 .group         0x0000000000000000        0x8 ./src/dfu_mal.o
 .group         0x0000000000000000        0x8 ./src/dfu_mal.o
 .group         0x0000000000000000        0x8 ./src/dfu_mal.o
 .group         0x0000000000000000        0x8 ./src/dfu_mal.o
 .group         0x0000000000000000        0x8 ./src/dfu_mal.o
 .group         0x0000000000000000        0x8 ./src/dfu_mal.o
 .group         0x0000000000000000        0x8 ./src/dfu_mal.o
 .group         0x0000000000000000        0x8 ./src/dfu_mal.o
 .text          0x0000000000000000        0x0 ./src/dfu_mal.o
 .data          0x0000000000000000        0x0 ./src/dfu_mal.o
 .bss           0x0000000000000000        0x0 ./src/dfu_mal.o
 .text.MAL_Read
                0x0000000000000000       0x20 ./src/dfu_mal.o
 .group         0x0000000000000000        0x8 ./src/flash_if.o
 .group         0x0000000000000000        0x8 ./src/flash_if.o
 .group         0x0000000000000000        0x8 ./src/flash_if.o
 .group         0x0000000000000000        0x8 ./src/flash_if.o
[...]
Memory Configuration

Name             Origin             Length             Attributes
RAM              0x0000000020000000 0x0000000000005000 xrw
FLASH            0x0000000008000000 0x0000000000020000 xr
FLASHB1          0x0000000000000000 0x0000000000000000 xr
EXTMEMB0         0x0000000000000000 0x0000000000000000 xr
EXTMEMB1         0x0000000000000000 0x0000000000000000 xr
EXTMEMB2         0x0000000000000000 0x0000000000000000 xr
EXTMEMB3         0x0000000000000000 0x0000000000000000 xr
*default*        0x0000000000000000 0xffffffffffffffff

Linker script and memory map

LOAD ./startup/startup_stm32f10x_md.o
LOAD ./src/dfu_mal.o
LOAD ./src/flash_if.o
LOAD ./src/hw_config.o
LOAD ./src/main.o
LOAD ./src/stm32_it.o
LOAD ./src/system_stm32f10x.o
LOAD ./src/usb_desc.o
LOAD ./src/usb_istr.o
LOAD ./src/usb_prop.o
LOAD ./src/usb_pwr.o
LOAD ./libraries/STM32_USB-FS-Device_Driver/src/usb_core.o
LOAD ./libraries/STM32_USB-FS-Device_Driver/src/usb_init.o
LOAD ./libraries/STM32_USB-FS-Device_Driver/src/usb_int.o
LOAD ./libraries/STM32_USB-FS-Device_Driver/src/usb_mem.o
LOAD ./libraries/STM32_USB-FS-Device_Driver/src/usb_regs.o
LOAD ./libraries/STM32_USB-FS-Device_Driver/src/usb_sil.o
LOAD ./libraries/STM32F10x_StdPeriph_Driver/src/misc.o
LOAD ./libraries/STM32F10x_StdPeriph_Driver/src/stm32f10x_adc.o
LOAD ./libraries/STM32F10x_StdPeriph_Driver/src/stm32f10x_bkp.o
LOAD ./libraries/STM32F10x_StdPeriph_Driver/src/stm32f10x_dma.o
LOAD ./libraries/STM32F10x_StdPeriph_Driver/src/stm32f10x_exti.o
LOAD ./libraries/STM32F10x_StdPeriph_Driver/src/stm32f10x_flash.o
LOAD ./libraries/STM32F10x_StdPeriph_Driver/src/stm32f10x_gpio.o
LOAD ./libraries/STM32F10x_StdPeriph_Driver/src/stm32f10x_i2c.o
LOAD ./libraries/STM32F10x_StdPeriph_Driver/src/stm32f10x_pwr.o
LOAD ./libraries/STM32F10x_StdPeriph_Driver/src/stm32f10x_rcc.o
LOAD ./libraries/STM32F10x_StdPeriph_Driver/src/stm32f10x_rtc.o
LOAD ./libraries/STM32F10x_StdPeriph_Driver/src/stm32f10x_spi.o
LOAD ./libraries/STM32F10x_StdPeriph_Driver/src/stm32f10x_tim.o
LOAD ./libraries/STM32F10x_StdPeriph_Driver/src/stm32f10x_usart.o
START GROUP
LOAD /usr/local/gcc-arm-none-eabi-4_7-2013q1/bin/../lib/gcc/arm-none-eabi/4.7.3/armv7-m/libgcc.a
LOAD /usr/local/gcc-arm-none-eabi-4_7-2013q1/bin/../lib/gcc/arm-none-eabi/4.7.3/../../../../arm-none-eabi/lib/armv7-m/libg.a
LOAD /usr/local/gcc-arm-none-eabi-4_7-2013q1/bin/../lib/gcc/arm-none-eabi/4.7.3/../../../../arm-none-eabi/lib/armv7-m/libc.a
END GROUP
                0x0000000000000400                __Stack_Size = 0x400
                0x0000000000000400                PROVIDE (_Stack_Size, __Stack_Size)
                0x0000000020004c00                __Stack_Init = (_estack - __Stack_Size)
                0x0000000020004c00                PROVIDE (_Stack_Init, __Stack_Init)
                0x0000000000000100                _Minimum_Stack_Size = 0x100
                0x0000000020005000                _estack = 0x20005000

.isr_vector     0x0000000008000000      0x10c
                0x0000000008000000                . = ALIGN (0x4)
 *(.isr_vector)
 .isr_vector    0x0000000008000000      0x10c ./startup/startup_stm32f10x_md.o
                0x0000000008000000                g_pfnVectors
                0x000000000800010c                . = ALIGN (0x4)

.flashtext      0x000000000800010c        0x0
                0x000000000800010c                . = ALIGN (0x4)
 *(.flashtext)
                0x000000000800010c                . = ALIGN (0x4)

.text           0x000000000800010c     0x1e44
                0x000000000800010c                . = ALIGN (0x4)
 *(.text)
 *(.text.*)
 .text.Reset_Handler
                0x000000000800010c       0x4c ./startup/startup_stm32f10x_md.o
                0x000000000800010c                Reset_Handler
 .text.Default_Handler
                0x0000000008000158        0x4 ./startup/startup_stm32f10x_md.o
                0x0000000008000158                USBWakeUp_IRQHandler
                0x0000000008000158                TIM1_CC_IRQHandler
                0x0000000008000158                PVD_IRQHandler
                0x0000000008000158                EXTI3_IRQHandler
                0x0000000008000158                I2C2_EV_IRQHandler
                0x0000000008000158                ADC1_2_IRQHandler
                0x0000000008000158                SPI1_IRQHandler
                0x0000000008000158                TAMPER_IRQHandler
                0x0000000008000158                DMA1_Channel4_IRQHandler
                0x0000000008000158                USART3_IRQHandler
                0x0000000008000158                RTC_IRQHandler
                0x0000000008000158                DMA1_Channel7_IRQHandler
                0x0000000008000158                CAN1_RX1_IRQHandler
                0x0000000008000158                TIM4_IRQHandler
                0x0000000008000158                I2C1_EV_IRQHandler
                0x0000000008000158                DMA1_Channel6_IRQHandler
                0x0000000008000158                TIM3_IRQHandler
                0x0000000008000158                RCC_IRQHandler
                0x0000000008000158                TIM1_TRG_COM_IRQHandler
                0x0000000008000158                DMA1_Channel1_IRQHandler
                0x0000000008000158                Default_Handler
                0x0000000008000158                EXTI9_5_IRQHandler
                0x0000000008000158                SPI2_IRQHandler
                0x0000000008000158                DMA1_Channel5_IRQHandler
                0x0000000008000158                EXTI4_IRQHandler
                0x0000000008000158                USB_HP_CAN1_TX_IRQHandler
                0x0000000008000158                DMA1_Channel3_IRQHandler
                0x0000000008000158                WWDG_IRQHandler
                0x0000000008000158                TIM2_IRQHandler
                0x0000000008000158                TIM1_BRK_IRQHandler
                0x0000000008000158                EXTI1_IRQHandler
                0x0000000008000158                RTCAlarm_IRQHandler
                0x0000000008000158                USART2_IRQHandler
                0x0000000008000158                I2C2_ER_IRQHandler
                0x0000000008000158                DMA1_Channel2_IRQHandler
                0x0000000008000158                CAN1_SCE_IRQHandler
                0x0000000008000158                FLASH_IRQHandler
                0x0000000008000158                USART1_IRQHandler
                0x0000000008000158                I2C1_ER_IRQHandler
                0x0000000008000158                EXTI2_IRQHandler
 .text.MAL_Init
                0x000000000800015c        0xa ./src/dfu_mal.o
                0x000000000800015c                MAL_Init
 *fill*         0x0000000008000166        0x2 00
 .text.MAL_Erase
                0x0000000008000168       0x20 ./src/dfu_mal.o
                0x0000000008000168                MAL_Erase
 .text.MAL_Write
                0x0000000008000188       0x20 ./src/dfu_mal.o
                0x0000000008000188                MAL_Write
 .text.MAL_GetStatus
                0x00000000080001a8       0x1c ./src/dfu_mal.o
                0x00000000080001a8                MAL_GetStatus
 .text.FLASH_If_Init
                0x00000000080001c4        0x4 ./src/flash_if.o
                0x00000000080001c4                FLASH_If_Init
 .text.FLASH_If_Erase
                0x00000000080001c8        0xa ./src/flash_if.o
                0x00000000080001c8                FLASH_If_Erase
 *fill*         0x00000000080001d2        0x2 00
 .text.FLASH_If_Write
                0x00000000080001d4       0x44 ./src/flash_if.o
                0x00000000080001d4                FLASH_If_Write
 .text.IntToUnicode
                0x0000000008000218       0x2a ./src/hw_config.o
 .text.NVIC_Configuration
                0x0000000008000242        0x8 ./src/hw_config.o
                0x0000000008000242                NVIC_Configuration
 *fill*         0x000000000800024a        0x2 00
 .text.LED_Init
                0x000000000800024c       0x3c ./src/hw_config.o
                0x000000000800024c                LED_Init
 .text.LED_Off  0x0000000008000288       0x1c ./src/hw_config.o
                0x0000000008000288                LED_Off
 .text.LED_Toggle
                0x00000000080002a4       0x20 ./src/hw_config.o
                0x00000000080002a4                LED_Toggle
 .text.BUTTON_EXTI_Config
                0x00000000080002c4       0x44 ./src/hw_config.o
                0x00000000080002c4                BUTTON_EXTI_Config
 .text.BUTTON_Init
                0x0000000008000308       0xf0 ./src/hw_config.o
                0x0000000008000308                BUTTON_Init
 .text.Set_System
                0x00000000080003f8       0x88 ./src/hw_config.o
                0x00000000080003f8                Set_System
 .text.BUTTON_GetState
                0x0000000008000480       0x1c ./src/hw_config.o
                0x0000000008000480                BUTTON_GetState
 .text.BUTTON_GetDebouncedState
                0x000000000800049c       0x14 ./src/hw_config.o
                0x000000000800049c                BUTTON_GetDebouncedState
 .text.USB_Disconnect_Config
                0x00000000080004b0       0x2c ./src/hw_config.o
                0x00000000080004b0                USB_Disconnect_Config
 .text.Set_USBClock
                0x00000000080004dc       0x16 ./src/hw_config.o
                0x00000000080004dc                Set_USBClock
 *fill*         0x00000000080004f2        0x2 00
 .text.Enter_LowPowerMode
                0x00000000080004f4        0xc ./src/hw_config.o
                0x00000000080004f4                Enter_LowPowerMode
 .text.Leave_LowPowerMode
                0x0000000008000500       0x1c ./src/hw_config.o
                0x0000000008000500                Leave_LowPowerMode
 .text.USB_Interrupts_Config
                0x000000000800051c       0x20 ./src/hw_config.o
                0x000000000800051c                USB_Interrupts_Config
 .text.USB_Cable_Config
                0x000000000800053c       0x1c ./src/hw_config.o
                0x000000000800053c                USB_Cable_Config
 .text.Reset_Device
                0x0000000008000558       0x2c ./src/hw_config.o
                0x0000000008000558                Reset_Device
 .text.Get_SerialNum
                0x0000000008000584       0x34 ./src/hw_config.o
                0x0000000008000584                Get_SerialNum
 .text.startup.main
                0x00000000080005b8       0xe4 ./src/main.o
                0x00000000080005b8                main
 .text.Timing_Decrement
                0x000000000800069c       0x2c ./src/main.o
                0x000000000800069c                Timing_Decrement
 .text.NMI_Handler
                0x00000000080006c8        0x2 ./src/stm32_it.o
                0x00000000080006c8                NMI_Handler
 .text.HardFault_Handler
                0x00000000080006ca        0x2 ./src/stm32_it.o
                0x00000000080006ca                HardFault_Handler
 .text.MemManage_Handler
                0x00000000080006cc        0x2 ./src/stm32_it.o
                0x00000000080006cc                MemManage_Handler
 .text.BusFault_Handler
                0x00000000080006ce        0x2 ./src/stm32_it.o
                0x00000000080006ce                BusFault_Handler
 .text.UsageFault_Handler
                0x00000000080006d0        0x2 ./src/stm32_it.o
                0x00000000080006d0                UsageFault_Handler
 .text.SVC_Handler
                0x00000000080006d2        0x2 ./src/stm32_it.o
                0x00000000080006d2                SVC_Handler
 .text.DebugMon_Handler
                0x00000000080006d4        0x2 ./src/stm32_it.o
                0x00000000080006d4                DebugMon_Handler
 .text.PendSV_Handler
                0x00000000080006d6        0x2 ./src/stm32_it.o
                0x00000000080006d6                PendSV_Handler
 .text.SysTick_Handler
                0x00000000080006d8        0x4 ./src/stm32_it.o
                0x00000000080006d8                SysTick_Handler
 .text.EXTI0_IRQHandler
                0x00000000080006dc       0x30 ./src/stm32_it.o
                0x00000000080006dc                EXTI0_IRQHandler
 .text.EXTI15_10_IRQHandler
                0x000000000800070c       0x30 ./src/stm32_it.o
                0x000000000800070c                EXTI15_10_IRQHandler
 .text.TIM1_UP_IRQHandler
                0x000000000800073c       0x3c ./src/stm32_it.o
                0x000000000800073c                TIM1_UP_IRQHandler
 .text.USB_LP_CAN1_RX0_IRQHandler
                0x0000000008000778        0x4 ./src/stm32_it.o
                0x0000000008000778                USB_LP_CAN1_RX0_IRQHandler
 .text.SystemInit
                0x000000000800077c       0xfc ./src/system_stm32f10x.o
                0x000000000800077c                SystemInit
 .text.USB_Istr
                0x0000000008000878      0x100 ./src/usb_istr.o
                0x0000000008000878                USB_Istr
 .text.DFU_SetConfiguration
                0x0000000008000978       0x18 ./src/usb_prop.o
                0x0000000008000978                DFU_SetConfiguration
 .text.DFU_SetDeviceAddress
                0x0000000008000990        0xc ./src/usb_prop.o
                0x0000000008000990                DFU_SetDeviceAddress
 .text.DFU_Status_In
                0x000000000800099c        0x2 ./src/usb_prop.o
                0x000000000800099c                DFU_Status_In
 *fill*         0x000000000800099e        0x2 00
 .text.DFU_Data_Setup
                0x00000000080009a0       0x60 ./src/usb_prop.o
                0x00000000080009a0                DFU_Data_Setup
 .text.DFU_Get_Interface_Setting
                0x0000000008000a00       0x10 ./src/usb_prop.o
                0x0000000008000a00                DFU_Get_Interface_Setting
 .text.DNLOAD   0x0000000008000a10       0x50 ./src/usb_prop.o
                0x0000000008000a10                DNLOAD
 .text.GETSTATE
                0x0000000008000a60       0x18 ./src/usb_prop.o
                0x0000000008000a60                GETSTATE
 .text.GETSTATUS
                0x0000000008000a78       0xa4 ./src/usb_prop.o
                0x0000000008000a78                GETSTATUS
 .text.DFU_GetStringDescriptor
                0x0000000008000b1c       0x20 ./src/usb_prop.o
                0x0000000008000b1c                DFU_GetStringDescriptor
 .text.DFU_GetConfigDescriptor
                0x0000000008000b3c        0xc ./src/usb_prop.o
                0x0000000008000b3c                DFU_GetConfigDescriptor
 .text.DFU_GetDeviceDescriptor
                0x0000000008000b48        0xc ./src/usb_prop.o
                0x0000000008000b48                DFU_GetDeviceDescriptor
 .text.DFU_Reset
                0x0000000008000b54       0xac ./src/usb_prop.o
                0x0000000008000b54                DFU_Reset
 .text.DFU_init
                0x0000000008000c00       0x28 ./src/usb_prop.o
                0x0000000008000c00                DFU_init
 .text.DFU_NoData_Setup
                0x0000000008000c28       0xcc ./src/usb_prop.o
                0x0000000008000c28                DFU_NoData_Setup
 .text.DFU_write_crc
                0x0000000008000cf4       0x44 ./src/usb_prop.o
                0x0000000008000cf4                DFU_write_crc
 .text.DFU_Status_Out
                0x0000000008000d38       0xc8 ./src/usb_prop.o
                0x0000000008000d38                DFU_Status_Out
 .text.PowerOn  0x0000000008000e00       0x30 ./src/usb_pwr.o
                0x0000000008000e00                PowerOn
 .text.Suspend  0x0000000008000e30       0x20 ./src/usb_pwr.o
                0x0000000008000e30                Suspend
 .text.Resume_Init
                0x0000000008000e50       0x20 ./src/usb_pwr.o
                0x0000000008000e50                Resume_Init
 .text.Resume   0x0000000008000e70       0x88 ./src/usb_pwr.o
                0x0000000008000e70                Resume
 .text.Standard_GetConfiguration
                0x0000000008000ef8       0x24 ./libraries/STM32_USB-FS-Device_Driver/src/usb_core.o
                0x0000000008000ef8                Standard_GetConfiguration
 .text.Standard_GetInterface
                0x0000000008000f1c       0x24 ./libraries/STM32_USB-FS-Device_Driver/src/usb_core.o
                0x0000000008000f1c                Standard_GetInterface
 .text.Standard_GetStatus
                0x0000000008000f40       0x9c ./libraries/STM32_USB-FS-Device_Driver/src/usb_core.o
                0x0000000008000f40                Standard_GetStatus
 .text.DataStageIn
                0x0000000008000fdc       0xa4 ./libraries/STM32_USB-FS-Device_Driver/src/usb_core.o
 .text.Standard_SetConfiguration
                0x0000000008001080       0x38 ./libraries/STM32_USB-FS-Device_Driver/src/usb_core.o
                0x0000000008001080                Standard_SetConfiguration
 .text.Standard_SetInterface
                0x00000000080010b8       0x48 ./libraries/STM32_USB-FS-Device_Driver/src/usb_core.o
                0x00000000080010b8                Standard_SetInterface
 .text.Standard_ClearFeature
                0x0000000008001100       0xdc ./libraries/STM32_USB-FS-Device_Driver/src/usb_core.o
                0x0000000008001100                Standard_ClearFeature
 .text.Standard_SetEndPointFeature
                0x00000000080011dc       0x8c ./libraries/STM32_USB-FS-Device_Driver/src/usb_core.o
                0x00000000080011dc                Standard_SetEndPointFeature
 .text.Standard_SetDeviceFeature
                0x0000000008001268       0x24 ./libraries/STM32_USB-FS-Device_Driver/src/usb_core.o
                0x0000000008001268                Standard_SetDeviceFeature
 .text.Standard_GetDescriptorData
                0x000000000800128c       0x1c ./libraries/STM32_USB-FS-Device_Driver/src/usb_core.o
                0x000000000800128c                Standard_GetDescriptorData
 .text.Post0_Process
                0x00000000080012a8       0x40 ./libraries/STM32_USB-FS-Device_Driver/src/usb_core.o
                0x00000000080012a8                Post0_Process
 .text.Out0_Process
                0x00000000080012e8       0xd4 ./libraries/STM32_USB-FS-Device_Driver/src/usb_core.o
                0x00000000080012e8                Out0_Process
 .text.Setup0_Process
                0x00000000080013bc      0x2f4 ./libraries/STM32_USB-FS-Device_Driver/src/usb_core.o
                0x00000000080013bc                Setup0_Process
 .text.SetDeviceAddress
                0x00000000080016b0       0x40 ./libraries/STM32_USB-FS-Device_Driver/src/usb_core.o
                0x00000000080016b0                SetDeviceAddress
 .text.In0_Process
                0x00000000080016f0       0x60 ./libraries/STM32_USB-FS-Device_Driver/src/usb_core.o
                0x00000000080016f0                In0_Process
 .text.NOP_Process
                0x0000000008001750        0x2 ./libraries/STM32_USB-FS-Device_Driver/src/usb_core.o
                0x0000000008001750                NOP_Process
 *fill*         0x0000000008001752        0x2 00
 .text.USB_Init
                0x0000000008001754       0x38 ./libraries/STM32_USB-FS-Device_Driver/src/usb_init.o
                0x0000000008001754                USB_Init
 .text.CTR_LP   0x000000000800178c      0x18c ./libraries/STM32_USB-FS-Device_Driver/src/usb_int.o
                0x000000000800178c                CTR_LP
 .text.UserToPMABufferCopy
                0x0000000008001918       0x2e ./libraries/STM32_USB-FS-Device_Driver/src/usb_mem.o
                0x0000000008001918                UserToPMABufferCopy
 .text.PMAToUserBufferCopy
                0x0000000008001946       0x24 ./libraries/STM32_USB-FS-Device_Driver/src/usb_mem.o
                0x0000000008001946                PMAToUserBufferCopy
 .text.SetEPTxStatus
                0x000000000800196a       0x3a ./libraries/STM32_USB-FS-Device_Driver/src/usb_regs.o
                0x000000000800196a                SetEPTxStatus
 .text.SetEPRxValid
                0x00000000080019a4       0x22 ./libraries/STM32_USB-FS-Device_Driver/src/usb_regs.o
                0x00000000080019a4                SetEPRxValid
 .text.Clear_Status_Out
                0x00000000080019c6       0x1e ./libraries/STM32_USB-FS-Device_Driver/src/usb_regs.o
                0x00000000080019c6                Clear_Status_Out
 .text.ClearDTOG_RX
                0x00000000080019e4       0x24 ./libraries/STM32_USB-FS-Device_Driver/src/usb_regs.o
                0x00000000080019e4                ClearDTOG_RX
 .text.ClearDTOG_TX
                0x0000000008001a08       0x24 ./libraries/STM32_USB-FS-Device_Driver/src/usb_regs.o
                0x0000000008001a08                ClearDTOG_TX
 .text.GetEPTxAddr
                0x0000000008001a2c       0x1c ./libraries/STM32_USB-FS-Device_Driver/src/usb_regs.o
                0x0000000008001a2c                GetEPTxAddr
 .text.GetEPRxAddr
                0x0000000008001a48       0x1c ./libraries/STM32_USB-FS-Device_Driver/src/usb_regs.o
                0x0000000008001a48                GetEPRxAddr
 .text.SetEPTxCount
                0x0000000008001a64       0x1c ./libraries/STM32_USB-FS-Device_Driver/src/usb_regs.o
                0x0000000008001a64                SetEPTxCount
 .text.SetEPRxCount
                0x0000000008001a80       0x3c ./libraries/STM32_USB-FS-Device_Driver/src/usb_regs.o
                0x0000000008001a80                SetEPRxCount
 .text.ByteSwap
                0x0000000008001abc        0xa ./libraries/STM32_USB-FS-Device_Driver/src/usb_regs.o
                0x0000000008001abc                ByteSwap
 *fill*         0x0000000008001ac6        0x2 00
 .text.USB_SIL_Init
                0x0000000008001ac8       0x20 ./libraries/STM32_USB-FS-Device_Driver/src/usb_sil.o
                0x0000000008001ac8                USB_SIL_Init
 .text.NVIC_PriorityGroupConfig
                0x0000000008001ae8       0x14 ./libraries/STM32F10x_StdPeriph_Driver/src/misc.o
                0x0000000008001ae8                NVIC_PriorityGroupConfig
 .text.NVIC_Init
                0x0000000008001afc       0x68 ./libraries/STM32F10x_StdPeriph_Driver/src/misc.o
                0x0000000008001afc                NVIC_Init
 .text.EXTI_Init
                0x0000000008001b64       0x78 ./libraries/STM32F10x_StdPeriph_Driver/src/stm32f10x_exti.o
                0x0000000008001b64                EXTI_Init
 .text.EXTI_ClearFlag
                0x0000000008001bdc        0xc ./libraries/STM32F10x_StdPeriph_Driver/src/stm32f10x_exti.o
                0x0000000008001bdc                EXTI_ClearFlag
 .text.EXTI_GetITStatus
                0x0000000008001be8       0x20 ./libraries/STM32F10x_StdPeriph_Driver/src/stm32f10x_exti.o
                0x0000000008001be8                EXTI_GetITStatus
 .text.FLASH_Unlock
                0x0000000008001c08       0x18 ./libraries/STM32F10x_StdPeriph_Driver/src/stm32f10x_flash.o
                0x0000000008001c08                FLASH_Unlock
 .text.FLASH_GetBank1Status
                0x0000000008001c20       0x28 ./libraries/STM32F10x_StdPeriph_Driver/src/stm32f10x_flash.o
                0x0000000008001c20                FLASH_GetBank1Status
 .text.FLASH_WaitForLastOperation
                0x0000000008001c48       0x22 ./libraries/STM32F10x_StdPeriph_Driver/src/stm32f10x_flash.o
                0x0000000008001c48                FLASH_WaitForLastOperation
 *fill*         0x0000000008001c6a        0x2 00
 .text.FLASH_ProgramWord
                0x0000000008001c6c       0x54 ./libraries/STM32F10x_StdPeriph_Driver/src/stm32f10x_flash.o
                0x0000000008001c6c                FLASH_ProgramWord
 .text.FLASH_ErasePage
                0x0000000008001cc0       0x3c ./libraries/STM32F10x_StdPeriph_Driver/src/stm32f10x_flash.o
                0x0000000008001cc0                FLASH_ErasePage
 .text.GPIO_Init
                0x0000000008001cfc       0xa0 ./libraries/STM32F10x_StdPeriph_Driver/src/stm32f10x_gpio.o
                0x0000000008001cfc                GPIO_Init
 .text.GPIO_ReadInputDataBit
                0x0000000008001d9c        0xc ./libraries/STM32F10x_StdPeriph_Driver/src/stm32f10x_gpio.o
                0x0000000008001d9c                GPIO_ReadInputDataBit
 .text.GPIO_SetBits
                0x0000000008001da8        0x4 ./libraries/STM32F10x_StdPeriph_Driver/src/stm32f10x_gpio.o
                0x0000000008001da8                GPIO_SetBits
 .text.GPIO_ResetBits
                0x0000000008001dac        0x4 ./libraries/STM32F10x_StdPeriph_Driver/src/stm32f10x_gpio.o
                0x0000000008001dac                GPIO_ResetBits
 .text.GPIO_EXTILineConfig
                0x0000000008001db0       0x34 ./libraries/STM32F10x_StdPeriph_Driver/src/stm32f10x_gpio.o
                0x0000000008001db0                GPIO_EXTILineConfig
 .text.RCC_USBCLKConfig
                0x0000000008001de4        0xc ./libraries/STM32F10x_StdPeriph_Driver/src/stm32f10x_rcc.o
                0x0000000008001de4                RCC_USBCLKConfig
 .text.RCC_APB2PeriphClockCmd
                0x0000000008001df0       0x18 ./libraries/STM32F10x_StdPeriph_Driver/src/stm32f10x_rcc.o
                0x0000000008001df0                RCC_APB2PeriphClockCmd
 .text.RCC_APB1PeriphClockCmd
                0x0000000008001e08       0x18 ./libraries/STM32F10x_StdPeriph_Driver/src/stm32f10x_rcc.o
                0x0000000008001e08                RCC_APB1PeriphClockCmd
 .text.TIM_TimeBaseInit
                0x0000000008001e20       0x94 ./libraries/STM32F10x_StdPeriph_Driver/src/stm32f10x_tim.o
                0x0000000008001e20                TIM_TimeBaseInit
 .text.TIM_TimeBaseStructInit
                0x0000000008001eb4       0x12 ./libraries/STM32F10x_StdPeriph_Driver/src/stm32f10x_tim.o
                0x0000000008001eb4                TIM_TimeBaseStructInit
 .text.TIM_Cmd  0x0000000008001ec6       0x18 ./libraries/STM32F10x_StdPeriph_Driver/src/stm32f10x_tim.o
                0x0000000008001ec6                TIM_Cmd
 .text.TIM_ITConfig
                0x0000000008001ede       0x12 ./libraries/STM32F10x_StdPeriph_Driver/src/stm32f10x_tim.o
                0x0000000008001ede                TIM_ITConfig
 .text.TIM_SelectOnePulseMode
                0x0000000008001ef0       0x16 ./libraries/STM32F10x_StdPeriph_Driver/src/stm32f10x_tim.o
                0x0000000008001ef0                TIM_SelectOnePulseMode
 .text.TIM_GetITStatus
                0x0000000008001f06       0x16 ./libraries/STM32F10x_StdPeriph_Driver/src/stm32f10x_tim.o
                0x0000000008001f06                TIM_GetITStatus
 .text.TIM_ClearITPendingBit
                0x0000000008001f1c        0x8 ./libraries/STM32F10x_StdPeriph_Driver/src/stm32f10x_tim.o
                0x0000000008001f1c                TIM_ClearITPendingBit
 *(.rodata)
 .rodata        0x0000000008001f24        0x4 ./src/dfu_mal.o
 .rodata        0x0000000008001f28       0x28 ./src/hw_config.o
                0x0000000008001f28                LED_CLK
                0x0000000008001f30                LED_PIN
                0x0000000008001f34                BUTTON_PORT_SOURCE
                0x0000000008001f38                BUTTON_PIN_SOURCE
                0x0000000008001f3c                BUTTON_EXTI_LINE
                0x0000000008001f40                BUTTON_CLK
                0x0000000008001f48                BUTTON_PIN
                0x0000000008001f4c                BUTTON_IRQn
 *(.rodata*)
 *(.glue_7)
 .glue_7        0x0000000000000000        0x0 linker stubs
 *(.glue_7t)
 .glue_7t       0x0000000000000000        0x0 linker stubs
                0x0000000008001f50                . = ALIGN (0x4)
                0x0000000008001f50                _etext = .
                0x0000000008001f50                _sidata = _etext

.vfp11_veneer   0x0000000008001f50        0x0
 .vfp11_veneer  0x0000000000000000        0x0 linker stubs

.v4_bx          0x0000000008001f50        0x0
 .v4_bx         0x0000000000000000        0x0 linker stubs

.iplt           0x0000000008001f50        0x0
 .iplt          0x0000000000000000        0x0 ./startup/startup_stm32f10x_md.o

.rel.dyn        0x0000000008001f50        0x0
 .rel.iplt      0x0000000000000000        0x0 ./startup/startup_stm32f10x_md.o

.data           0x0000000020000000      0x1e0 load address 0x0000000008001f50
                0x0000000020000000                . = ALIGN (0x4)
                0x0000000020000000                _sdata = .
 *(.data)
 .data          0x0000000020000000       0x14 ./src/hw_config.o
                0x0000000020000000                LED_PORT
                0x0000000020000008                BUTTON_EXTI_TRIGGER
                0x000000002000000a                BUTTON_GPIO_MODE
                0x000000002000000c                BUTTON_PORT
 .data          0x0000000020000014       0x14 ./src/system_stm32f10x.o
                0x0000000020000014                SystemCoreClock
                0x0000000020000018                AHBPrescTable
 .data          0x0000000020000028       0xe7 ./src/usb_desc.o
                0x0000000020000028                DFU_StringInterface0
                0x000000002000008a                DFU_StringSerial
                0x00000000200000a4                DFU_StringProduct
                0x00000000200000b8                DFU_StringVendor
                0x00000000200000de                DFU_StringLangId
                0x00000000200000e2                DFU_ConfigDescriptor
                0x00000000200000fd                DFU_DeviceDescriptor
 *fill*         0x000000002000010f        0x1 00
 .data          0x0000000020000110       0x38 ./src/usb_istr.o
                0x0000000020000110                pEpInt_OUT
                0x000000002000012c                pEpInt_IN
 .data          0x0000000020000148       0x94 ./src/usb_prop.o
                0x0000000020000148                Pointer
                0x000000002000014c                Config_Descriptor
                0x0000000020000154                DFU_String_Descriptor
                0x000000002000017c                Device_Descriptor
                0x0000000020000184                Device_Property
                0x00000000200001b4                User_Standard_Requests
                0x00000000200001d8                Device_Table
 .data          0x00000000200001dc        0x1 ./src/usb_pwr.o
                0x00000000200001dc                fSuspendEnabled
 *(.data.*)
                0x00000000200001e0                . = ALIGN (0x4)
 *fill*         0x00000000200001dd        0x3 00
                0x00000000200001e0                _edata = .

.igot.plt       0x00000000200001e0        0x0 load address 0x0000000008002130
 .igot.plt      0x0000000000000000        0x0 ./startup/startup_stm32f10x_md.o

.bss            0x00000000200001e0      0x48c load address 0x0000000008002130
                0x00000000200001e0                . = ALIGN (0x4)
                0x00000000200001e0                _sbss = .
 *(.bss)
 .bss           0x00000000200001e0        0x2 ./src/hw_config.o
                0x00000000200001e0                BUTTON_DEBOUNCED
 *fill*         0x00000000200001e2        0x2 00
 .bss           0x00000000200001e4       0x10 ./src/main.o
                0x00000000200001e8                DFUDeviceMode
 .bss           0x00000000200001f4        0x1 ./src/usb_istr.o
                0x00000000200001f4                bIntPackSOF
 *fill*         0x00000000200001f5        0x3 00
 .bss           0x00000000200001f8        0xc ./src/usb_prop.o
                0x00000000200001f8                wBlockNum
                0x00000000200001fc                wlength
                0x0000000020000200                Manifest_State
 .bss           0x0000000020000204        0x4 ./src/usb_pwr.o
                0x0000000020000204                bDeviceState
 .bss           0x0000000020000208        0x1 ./libraries/STM32_USB-FS-Device_Driver/src/usb_core.o
                0x0000000020000208                Data_Mul_MaxPacketSize
 *(COMMON)
 *fill*         0x0000000020000209        0x3 00
 COMMON         0x000000002000020c      0x410 ./src/dfu_mal.o
                0x000000002000020c                MAL_Buffer
                0x000000002000060c                pMAL_Init
                0x0000000020000610                pMAL_Erase
                0x0000000020000614                pMAL_Read
                0x0000000020000618                pMAL_Write
 COMMON         0x000000002000061c       0x12 ./src/main.o
                0x000000002000061c                DeviceState
                0x0000000020000620                JumpAddress
                0x0000000020000624                Jump_To_Application
                0x0000000020000628                DeviceStatus
 COMMON         0x000000002000062e        0x2 ./src/usb_istr.o
                0x000000002000062e                wIstr
 COMMON         0x0000000020000630        0x2 ./src/usb_pwr.o
                0x0000000020000630                ResumeS
 COMMON         0x0000000020000632        0x2 ./libraries/STM32_USB-FS-Device_Driver/src/usb_core.o
                0x0000000020000632                StatusInfo
 COMMON         0x0000000020000634       0x32 ./libraries/STM32_USB-FS-Device_Driver/src/usb_init.o
                0x0000000020000634                SaveState
                0x0000000020000638                pProperty
                0x000000002000063c                EPindex
                0x0000000020000640                Device_Info
                0x000000002000065c                pUser_Standard_Requests
                0x0000000020000660                pInformation
                0x0000000020000664                wInterrupt_Mask
 COMMON         0x0000000020000666        0x4 ./libraries/STM32_USB-FS-Device_Driver/src/usb_int.o
                0x0000000020000666                SaveRState
                0x0000000020000668                SaveTState
                0x000000002000066c                . = ALIGN (0x4)
 *fill*         0x000000002000066a        0x2 00
                0x000000002000066c                _ebss = .
                0x000000002000066c                PROVIDE (end, _ebss)
                0x000000002000066c                PROVIDE (_end, _ebss)

._usrstack      0x000000002000066c      0x100 load address 0x00000000080025bc
                0x000000002000066c                . = ALIGN (0x4)
                0x000000002000066c                _susrstack = .
                0x000000002000076c                . = (. + _Minimum_Stack_Size)
 *fill*         0x000000002000066c      0x100 00
                0x000000002000076c                . = ALIGN (0x4)
                0x000000002000076c                _eusrstack = .

.b1text
 *(.b1text)
 *(.b1rodata)
 *(.b1rodata*)

.eb0text
 *(.eb0text)
 *(.eb0rodata)
 *(.eb0rodata*)

.eb1text
 *(.eb1text)
 *(.eb1rodata)
 *(.eb1rodata*)

.eb2text
 *(.eb2text)
 *(.eb2rodata)
 *(.eb2rodata*)

.eb3text
 *(.eb3text)
 *(.eb3rodata)
 *(.eb3rodata*)

DISCARD
 libc.a(*)
 libm.a(*)
 libgcc.a(*)

.stab
 *(.stab)

.stabstr
 *(.stabstr)

.stab.excl
 *(.stab.excl)

.stab.exclstr
 *(.stab.exclstr)

.stab.index
 *(.stab.index)

.stab.indexstr
 *(.stab.indexstr)

.comment        0x0000000000000000       0x70
 *(.comment)
 .comment       0x0000000000000000       0x70 ./src/dfu_mal.o
                                         0x71 (size before relaxing)
 .comment       0x0000000000000000       0x71 ./src/flash_if.o
 .comment       0x0000000000000000       0x71 ./src/hw_config.o
 .comment       0x0000000000000000       0x71 ./src/main.o
 .comment       0x0000000000000000       0x71 ./src/stm32_it.o
 .comment       0x0000000000000000       0x71 ./src/system_stm32f10x.o
 .comment       0x0000000000000000       0x71 ./src/usb_desc.o
 .comment       0x0000000000000000       0x71 ./src/usb_istr.o
 .comment       0x0000000000000000       0x71 ./src/usb_prop.o
 .comment       0x0000000000000000       0x71 ./src/usb_pwr.o
 .comment       0x0000000000000000       0x71 ./libraries/STM32_USB-FS-Device_Driver/src/usb_core.o
 .comment       0x0000000000000000       0x71 ./libraries/STM32_USB-FS-Device_Driver/src/usb_init.o
 .comment       0x0000000000000000       0x71 ./libraries/STM32_USB-FS-Device_Driver/src/usb_int.o
 .comment       0x0000000000000000       0x71 ./libraries/STM32_USB-FS-Device_Driver/src/usb_mem.o
 .comment       0x0000000000000000       0x71 ./libraries/STM32_USB-FS-Device_Driver/src/usb_regs.o
 .comment       0x0000000000000000       0x71 ./libraries/STM32_USB-FS-Device_Driver/src/usb_sil.o
 .comment       0x0000000000000000       0x71 ./libraries/STM32F10x_StdPeriph_Driver/src/misc.o
 .comment       0x0000000000000000       0x71 ./libraries/STM32F10x_StdPeriph_Driver/src/stm32f10x_exti.o
 .comment       0x0000000000000000       0x71 ./libraries/STM32F10x_StdPeriph_Driver/src/stm32f10x_flash.o
 .comment       0x0000000000000000       0x71 ./libraries/STM32F10x_StdPeriph_Driver/src/stm32f10x_gpio.o
 .comment       0x0000000000000000       0x71 ./libraries/STM32F10x_StdPeriph_Driver/src/stm32f10x_rcc.o
 .comment       0x0000000000000000       0x71 ./libraries/STM32F10x_StdPeriph_Driver/src/stm32f10x_tim.o

.ARM.attributes
                0x0000000000000000       0x2f
 .ARM.attributes
                0x0000000000000000       0x21 ./startup/startup_stm32f10x_md.o
 .ARM.attributes
                0x0000000000000021       0x33 ./src/dfu_mal.o
 .ARM.attributes
                0x0000000000000054       0x33 ./src/flash_if.o
 .ARM.attributes
                0x0000000000000087       0x33 ./src/hw_config.o
 .ARM.attributes
                0x00000000000000ba       0x33 ./src/main.o
 .ARM.attributes
                0x00000000000000ed       0x33 ./src/stm32_it.o
 .ARM.attributes
                0x0000000000000120       0x33 ./src/system_stm32f10x.o
 .ARM.attributes
                0x0000000000000153       0x33 ./src/usb_desc.o
 .ARM.attributes
                0x0000000000000186       0x33 ./src/usb_istr.o
 .ARM.attributes
                0x00000000000001b9       0x33 ./src/usb_prop.o
 .ARM.attributes
                0x00000000000001ec       0x33 ./src/usb_pwr.o
 .ARM.attributes
                0x000000000000021f       0x33 ./libraries/STM32_USB-FS-Device_Driver/src/usb_core.o
 .ARM.attributes
                0x0000000000000252       0x33 ./libraries/STM32_USB-FS-Device_Driver/src/usb_init.o
 .ARM.attributes
                0x0000000000000285       0x33 ./libraries/STM32_USB-FS-Device_Driver/src/usb_int.o
 .ARM.attributes
                0x00000000000002b8       0x33 ./libraries/STM32_USB-FS-Device_Driver/src/usb_mem.o
 .ARM.attributes
                0x00000000000002eb       0x33 ./libraries/STM32_USB-FS-Device_Driver/src/usb_regs.o
 .ARM.attributes
                0x000000000000031e       0x33 ./libraries/STM32_USB-FS-Device_Driver/src/usb_sil.o
 .ARM.attributes
                0x0000000000000351       0x33 ./libraries/STM32F10x_StdPeriph_Driver/src/misc.o
 .ARM.attributes
                0x0000000000000384       0x33 ./libraries/STM32F10x_StdPeriph_Driver/src/stm32f10x_exti.o
 .ARM.attributes
                0x00000000000003b7       0x33 ./libraries/STM32F10x_StdPeriph_Driver/src/stm32f10x_flash.o
 .ARM.attributes
                0x00000000000003ea       0x33 ./libraries/STM32F10x_StdPeriph_Driver/src/stm32f10x_gpio.o
 .ARM.attributes
                0x000000000000041d       0x33 ./libraries/STM32F10x_StdPeriph_Driver/src/stm32f10x_rcc.o
 .ARM.attributes
                0x0000000000000450       0x33 ./libraries/STM32F10x_StdPeriph_Driver/src/stm32f10x_tim.o

.debug
 *(.debug)

.line
 *(.line)

.debug_srcinfo
 *(.debug_srcinfo)

.debug_sfnames
 *(.debug_sfnames)

.debug_aranges  0x0000000000000000      0xc98
 *(.debug_aranges)
 .debug_aranges
                0x0000000000000000       0x28 ./startup/startup_stm32f10x_md.o
 .debug_aranges
                0x0000000000000028       0x40 ./src/dfu_mal.o
 .debug_aranges
                0x0000000000000068       0x38 ./src/flash_if.o
 .debug_aranges
                0x00000000000000a0       0xb0 ./src/hw_config.o
 .debug_aranges
                0x0000000000000150       0x30 ./src/main.o
 .debug_aranges
                0x0000000000000180       0x80 ./src/stm32_it.o
 .debug_aranges
                0x0000000000000200       0x28 ./src/system_stm32f10x.o
 .debug_aranges
                0x0000000000000228       0x18 ./src/usb_desc.o
 .debug_aranges
                0x0000000000000240       0x20 ./src/usb_istr.o
 .debug_aranges
                0x0000000000000260       0xa0 ./src/usb_prop.o
 .debug_aranges
                0x0000000000000300       0x40 ./src/usb_pwr.o
 .debug_aranges
                0x0000000000000340       0x98 ./libraries/STM32_USB-FS-Device_Driver/src/usb_core.o
 .debug_aranges
                0x00000000000003d8       0x20 ./libraries/STM32_USB-FS-Device_Driver/src/usb_init.o
 .debug_aranges
                0x00000000000003f8       0x28 ./libraries/STM32_USB-FS-Device_Driver/src/usb_int.o
 .debug_aranges
                0x0000000000000420       0x28 ./libraries/STM32_USB-FS-Device_Driver/src/usb_mem.o
 .debug_aranges
                0x0000000000000448      0x1f0 ./libraries/STM32_USB-FS-Device_Driver/src/usb_regs.o
 .debug_aranges
                0x0000000000000638       0x30 ./libraries/STM32_USB-FS-Device_Driver/src/usb_sil.o
 .debug_aranges
                0x0000000000000668       0x40 ./libraries/STM32F10x_StdPeriph_Driver/src/misc.o
 .debug_aranges
                0x00000000000006a8       0x58 ./libraries/STM32F10x_StdPeriph_Driver/src/stm32f10x_exti.o
 .debug_aranges
                0x0000000000000700       0xf8 ./libraries/STM32F10x_StdPeriph_Driver/src/stm32f10x_flash.o
 .debug_aranges
                0x00000000000007f8       0xa8 ./libraries/STM32F10x_StdPeriph_Driver/src/stm32f10x_gpio.o
 .debug_aranges
                0x00000000000008a0      0x118 ./libraries/STM32F10x_StdPeriph_Driver/src/stm32f10x_rcc.o
 .debug_aranges
                0x00000000000009b8      0x2e0 ./libraries/STM32F10x_StdPeriph_Driver/src/stm32f10x_tim.o

.debug_pubnames
 *(.debug_pubnames)

.debug_info     0x0000000000000000     0xb3b5
 *(.debug_info .gnu.linkonce.wi.*)
 .debug_info    0x0000000000000000       0x66 ./startup/startup_stm32f10x_md.o
 .debug_info    0x0000000000000066      0x37c ./src/dfu_mal.o
 .debug_info    0x00000000000003e2      0x232 ./src/flash_if.o
 .debug_info    0x0000000000000614     0x183d ./src/hw_config.o
 .debug_info    0x0000000000001e51      0x400 ./src/main.o
 .debug_info    0x0000000000002251      0x6cd ./src/stm32_it.o
 .debug_info    0x000000000000291e      0x4e2 ./src/system_stm32f10x.o
 .debug_info    0x0000000000002e00      0x186 ./src/usb_desc.o
 .debug_info    0x0000000000002f86      0x377 ./src/usb_istr.o
 .debug_info    0x00000000000032fd      0xd30 ./src/usb_prop.o
 .debug_info    0x000000000000402d      0x363 ./src/usb_pwr.o
 .debug_info    0x0000000000004390      0xf33 ./libraries/STM32_USB-FS-Device_Driver/src/usb_core.o
 .debug_info    0x00000000000052c3      0x49d ./libraries/STM32_USB-FS-Device_Driver/src/usb_init.o
 .debug_info    0x0000000000005760      0x1ff ./libraries/STM32_USB-FS-Device_Driver/src/usb_int.o
 .debug_info    0x000000000000595f      0x1c8 ./libraries/STM32_USB-FS-Device_Driver/src/usb_mem.o
 .debug_info    0x0000000000005b27      0xde4 ./libraries/STM32_USB-FS-Device_Driver/src/usb_regs.o
 .debug_info    0x000000000000690b      0x29d ./libraries/STM32_USB-FS-Device_Driver/src/usb_sil.o
 .debug_info    0x0000000000006ba8      0x59c ./libraries/STM32F10x_StdPeriph_Driver/src/misc.o
 .debug_info    0x0000000000007144      0x373 ./libraries/STM32F10x_StdPeriph_Driver/src/stm32f10x_exti.o
 .debug_info    0x00000000000074b7      0xab1 ./libraries/STM32F10x_StdPeriph_Driver/src/stm32f10x_flash.o
 .debug_info    0x0000000000007f68      0x844 ./libraries/STM32F10x_StdPeriph_Driver/src/stm32f10x_gpio.o
 .debug_info    0x00000000000087ac      0x948 ./libraries/STM32F10x_StdPeriph_Driver/src/stm32f10x_rcc.o
 .debug_info    0x00000000000090f4     0x22c1 ./libraries/STM32F10x_StdPeriph_Driver/src/stm32f10x_tim.o

.debug_abbrev   0x0000000000000000     0x2a01
 *(.debug_abbrev)
 .debug_abbrev  0x0000000000000000       0x12 ./startup/startup_stm32f10x_md.o
 .debug_abbrev  0x0000000000000012      0x19d ./src/dfu_mal.o
 .debug_abbrev  0x00000000000001af      0x15b ./src/flash_if.o
 .debug_abbrev  0x000000000000030a      0x46c ./src/hw_config.o
 .debug_abbrev  0x0000000000000776      0x1ff ./src/main.o
 .debug_abbrev  0x0000000000000975      0x1c9 ./src/stm32_it.o
 .debug_abbrev  0x0000000000000b3e      0x182 ./src/system_stm32f10x.o
 .debug_abbrev  0x0000000000000cc0       0x71 ./src/usb_desc.o
 .debug_abbrev  0x0000000000000d31      0x164 ./src/usb_istr.o
 .debug_abbrev  0x0000000000000e95      0x395 ./src/usb_prop.o
 .debug_abbrev  0x000000000000122a      0x1a9 ./src/usb_pwr.o
 .debug_abbrev  0x00000000000013d3      0x3ee ./libraries/STM32_USB-FS-Device_Driver/src/usb_core.o
 .debug_abbrev  0x00000000000017c1      0x125 ./libraries/STM32_USB-FS-Device_Driver/src/usb_init.o
 .debug_abbrev  0x00000000000018e6       0xf3 ./libraries/STM32_USB-FS-Device_Driver/src/usb_int.o
 .debug_abbrev  0x00000000000019d9       0xb3 ./libraries/STM32_USB-FS-Device_Driver/src/usb_mem.o
 .debug_abbrev  0x0000000000001a8c      0x210 ./libraries/STM32_USB-FS-Device_Driver/src/usb_regs.o
 .debug_abbrev  0x0000000000001c9c      0x139 ./libraries/STM32_USB-FS-Device_Driver/src/usb_sil.o
 .debug_abbrev  0x0000000000001dd5      0x157 ./libraries/STM32F10x_StdPeriph_Driver/src/misc.o
 .debug_abbrev  0x0000000000001f2c      0x181 ./libraries/STM32F10x_StdPeriph_Driver/src/stm32f10x_exti.o
 .debug_abbrev  0x00000000000020ad      0x22c ./libraries/STM32F10x_StdPeriph_Driver/src/stm32f10x_flash.o
 .debug_abbrev  0x00000000000022d9      0x214 ./libraries/STM32F10x_StdPeriph_Driver/src/stm32f10x_gpio.o
 .debug_abbrev  0x00000000000024ed      0x20e ./libraries/STM32F10x_StdPeriph_Driver/src/stm32f10x_rcc.o
 .debug_abbrev  0x00000000000026fb      0x306 ./libraries/STM32F10x_StdPeriph_Driver/src/stm32f10x_tim.o

.debug_line     0x0000000000000000     0xa410
 *(.debug_line)
 .debug_line    0x0000000000000000       0x7d ./startup/startup_stm32f10x_md.o
 .debug_line    0x000000000000007d      0x68e ./src/dfu_mal.o
 .debug_line    0x000000000000070b      0x5c0 ./src/flash_if.o
 .debug_line    0x0000000000000ccb      0x859 ./src/hw_config.o
 .debug_line    0x0000000000001524      0x6c2 ./src/main.o
 .debug_line    0x0000000000001be6      0x711 ./src/stm32_it.o
 .debug_line    0x00000000000022f7      0x58c ./src/system_stm32f10x.o
 .debug_line    0x0000000000002883      0x539 ./src/usb_desc.o
 .debug_line    0x0000000000002dbc      0x663 ./src/usb_istr.o
 .debug_line    0x000000000000341f      0x8af ./src/usb_prop.o
 .debug_line    0x0000000000003cce      0x69e ./src/usb_pwr.o
 .debug_line    0x000000000000436c      0x937 ./libraries/STM32_USB-FS-Device_Driver/src/usb_core.o
 .debug_line    0x0000000000004ca3      0x642 ./libraries/STM32_USB-FS-Device_Driver/src/usb_init.o
 .debug_line    0x00000000000052e5      0x6a8 ./libraries/STM32_USB-FS-Device_Driver/src/usb_int.o
 .debug_line    0x000000000000598d      0x67c ./libraries/STM32_USB-FS-Device_Driver/src/usb_mem.o
 .debug_line    0x0000000000006009      0xc57 ./libraries/STM32_USB-FS-Device_Driver/src/usb_regs.o
 .debug_line    0x0000000000006c60      0x667 ./libraries/STM32_USB-FS-Device_Driver/src/usb_sil.o
 .debug_line    0x00000000000072c7      0x5a8 ./libraries/STM32F10x_StdPeriph_Driver/src/misc.o
 .debug_line    0x000000000000786f      0x601 ./libraries/STM32F10x_StdPeriph_Driver/src/stm32f10x_exti.o
 .debug_line    0x0000000000007e70      0x85e ./libraries/STM32F10x_StdPeriph_Driver/src/stm32f10x_flash.o
 .debug_line    0x00000000000086ce      0x70e ./libraries/STM32F10x_StdPeriph_Driver/src/stm32f10x_gpio.o
 .debug_line    0x0000000000008ddc      0x7f1 ./libraries/STM32F10x_StdPeriph_Driver/src/stm32f10x_rcc.o
 .debug_line    0x00000000000095cd      0xe43 ./libraries/STM32F10x_StdPeriph_Driver/src/stm32f10x_tim.o

.debug_frame    0x0000000000000000     0x1b34
 *(.debug_frame)
 .debug_frame   0x0000000000000000       0x6c ./src/dfu_mal.o
 .debug_frame   0x000000000000006c       0x6c ./src/flash_if.o
 .debug_frame   0x00000000000000d8      0x1e4 ./src/hw_config.o
 .debug_frame   0x00000000000002bc       0x4c ./src/main.o
 .debug_frame   0x0000000000000308      0x104 ./src/stm32_it.o
 .debug_frame   0x000000000000040c       0x34 ./src/system_stm32f10x.o
 .debug_frame   0x0000000000000440       0x30 ./src/usb_istr.o
 .debug_frame   0x0000000000000470      0x184 ./src/usb_prop.o
 .debug_frame   0x00000000000005f4       0x94 ./src/usb_pwr.o
 .debug_frame   0x0000000000000688      0x1dc ./libraries/STM32_USB-FS-Device_Driver/src/usb_core.o
 .debug_frame   0x0000000000000864       0x2c ./libraries/STM32_USB-FS-Device_Driver/src/usb_init.o
 .debug_frame   0x0000000000000890       0x54 ./libraries/STM32_USB-FS-Device_Driver/src/usb_int.o
 .debug_frame   0x00000000000008e4       0x48 ./libraries/STM32_USB-FS-Device_Driver/src/usb_mem.o
 .debug_frame   0x000000000000092c      0x3d8 ./libraries/STM32_USB-FS-Device_Driver/src/usb_regs.o
 .debug_frame   0x0000000000000d04       0x60 ./libraries/STM32_USB-FS-Device_Driver/src/usb_sil.o
 .debug_frame   0x0000000000000d64       0x6c ./libraries/STM32F10x_StdPeriph_Driver/src/misc.o
 .debug_frame   0x0000000000000dd0       0x9c ./libraries/STM32F10x_StdPeriph_Driver/src/stm32f10x_exti.o
 .debug_frame   0x0000000000000e6c      0x28c ./libraries/STM32F10x_StdPeriph_Driver/src/stm32f10x_flash.o
 .debug_frame   0x00000000000010f8      0x180 ./libraries/STM32F10x_StdPeriph_Driver/src/stm32f10x_gpio.o
 .debug_frame   0x0000000000001278      0x22c ./libraries/STM32F10x_StdPeriph_Driver/src/stm32f10x_rcc.o
 .debug_frame   0x00000000000014a4      0x690 ./libraries/STM32F10x_StdPeriph_Driver/src/stm32f10x_tim.o

.debug_str      0x0000000000000000    0x54f5c
 *(.debug_str)
 .debug_str     0x0000000000000000    0x506d7 ./src/dfu_mal.o
                                      0x507bc (size before relaxing)
 .debug_str     0x00000000000506d7       0x88 ./src/flash_if.o
                                      0x4e41c (size before relaxing)
 .debug_str     0x000000000005075f      0xd68 ./src/hw_config.o
                                      0x514f2 (size before relaxing)
 .debug_str     0x00000000000514c7      0x463 ./src/main.o
                                      0x50c6a (size before relaxing)
 .debug_str     0x000000000005192a      0x144 ./src/stm32_it.o
                                      0x5076b (size before relaxing)
 .debug_str     0x0000000000051a6e      0x114 ./src/system_stm32f10x.o
                                      0x4de00 (size before relaxing)
 .debug_str     0x0000000000051b82       0x85 ./src/usb_desc.o
                                      0x4e23e (size before relaxing)
 .debug_str     0x0000000000051c07      0x1bc ./src/usb_istr.o
                                      0x50a33 (size before relaxing)
 .debug_str     0x0000000000051dc3      0x3ee ./src/usb_prop.o
                                      0x512c4 (size before relaxing)
 .debug_str     0x00000000000521b1       0x4b ./src/usb_pwr.o
                                      0x5066d (size before relaxing)
 .debug_str     0x00000000000521fc      0x612 ./libraries/STM32_USB-FS-Device_Driver/src/usb_core.o
                                      0x50f72 (size before relaxing)
 .debug_str     0x000000000005280e       0x49 ./libraries/STM32_USB-FS-Device_Driver/src/usb_init.o
                                      0x50828 (size before relaxing)
 .debug_str     0x0000000000052857       0x44 ./libraries/STM32_USB-FS-Device_Driver/src/usb_int.o
                                      0x50504 (size before relaxing)
 .debug_str     0x000000000005289b       0x66 ./libraries/STM32_USB-FS-Device_Driver/src/usb_mem.o
                                      0x504dd (size before relaxing)
 .debug_str     0x0000000000052901      0x379 ./libraries/STM32_USB-FS-Device_Driver/src/usb_regs.o
                                      0x50865 (size before relaxing)
 .debug_str     0x0000000000052c7a       0x74 ./libraries/STM32_USB-FS-Device_Driver/src/usb_sil.o
                                      0x50545 (size before relaxing)
 .debug_str     0x0000000000052cee       0xf9 ./libraries/STM32F10x_StdPeriph_Driver/src/misc.o
                                      0x4def9 (size before relaxing)
 .debug_str     0x0000000000052de7      0x102 ./libraries/STM32F10x_StdPeriph_Driver/src/stm32f10x_exti.o
                                      0x4de86 (size before relaxing)
 .debug_str     0x0000000000052ee9      0x70b ./libraries/STM32F10x_StdPeriph_Driver/src/stm32f10x_flash.o
                                      0x4e473 (size before relaxing)
 .debug_str     0x00000000000535f4      0x462 ./libraries/STM32F10x_StdPeriph_Driver/src/stm32f10x_gpio.o
                                      0x4e277 (size before relaxing)
 .debug_str     0x0000000000053a56      0xaa5 ./libraries/STM32F10x_StdPeriph_Driver/src/stm32f10x_rcc.o
                                      0x4e846 (size before relaxing)
 .debug_str     0x00000000000544fb      0xa61 ./libraries/STM32F10x_StdPeriph_Driver/src/stm32f10x_tim.o
                                      0x4e992 (size before relaxing)

.debug_loc      0x0000000000000000     0x6634
 *(.debug_loc)
 .debug_loc     0x0000000000000000      0x18f ./src/dfu_mal.o
 .debug_loc     0x000000000000018f      0x11f ./src/flash_if.o
 .debug_loc     0x00000000000002ae      0x59d ./src/hw_config.o
 .debug_loc     0x000000000000084b       0x33 ./src/main.o
 .debug_loc     0x000000000000087e       0x60 ./src/stm32_it.o
 .debug_loc     0x00000000000008de       0xfd ./src/system_stm32f10x.o
 .debug_loc     0x00000000000009db       0x20 ./src/usb_istr.o
 .debug_loc     0x00000000000009fb      0x4b8 ./src/usb_prop.o
 .debug_loc     0x0000000000000eb3      0x1a8 ./src/usb_pwr.o
 .debug_loc     0x000000000000105b      0x988 ./libraries/STM32_USB-FS-Device_Driver/src/usb_core.o
 .debug_loc     0x00000000000019e3       0x20 ./libraries/STM32_USB-FS-Device_Driver/src/usb_init.o
 .debug_loc     0x0000000000001a03      0x120 ./libraries/STM32_USB-FS-Device_Driver/src/usb_int.o
 .debug_loc     0x0000000000001b23      0x19c ./libraries/STM32_USB-FS-Device_Driver/src/usb_mem.o
 .debug_loc     0x0000000000001cbf      0xcb3 ./libraries/STM32_USB-FS-Device_Driver/src/usb_regs.o
 .debug_loc     0x0000000000002972      0x120 ./libraries/STM32_USB-FS-Device_Driver/src/usb_sil.o
 .debug_loc     0x0000000000002a92      0x1de ./libraries/STM32F10x_StdPeriph_Driver/src/misc.o
 .debug_loc     0x0000000000002c70      0x218 ./libraries/STM32F10x_StdPeriph_Driver/src/stm32f10x_exti.o
 .debug_loc     0x0000000000002e88      0x936 ./libraries/STM32F10x_StdPeriph_Driver/src/stm32f10x_flash.o
 .debug_loc     0x00000000000037be      0x62c ./libraries/STM32F10x_StdPeriph_Driver/src/stm32f10x_gpio.o
 .debug_loc     0x0000000000003dea      0x7a9 ./libraries/STM32F10x_StdPeriph_Driver/src/stm32f10x_rcc.o
 .debug_loc     0x0000000000004593     0x20a1 ./libraries/STM32F10x_StdPeriph_Driver/src/stm32f10x_tim.o

.debug_macinfo
 *(.debug_macinfo)

.debug_weaknames
 *(.debug_weaknames)

.debug_funcnames
 *(.debug_funcnames)

.debug_typenames
 *(.debug_typenames)

.debug_varnames
 *(.debug_varnames)
OUTPUT(dfu.elf elf32-littlearm)

.debug_ranges   0x0000000000000000      0xd70
 .debug_ranges  0x0000000000000000       0x20 ./startup/startup_stm32f10x_md.o
 .debug_ranges  0x0000000000000020       0x30 ./src/dfu_mal.o
 .debug_ranges  0x0000000000000050       0x28 ./src/flash_if.o
 .debug_ranges  0x0000000000000078       0xe8 ./src/hw_config.o
 .debug_ranges  0x0000000000000160       0x20 ./src/main.o
 .debug_ranges  0x0000000000000180       0x70 ./src/stm32_it.o
 .debug_ranges  0x00000000000001f0       0x78 ./src/system_stm32f10x.o
 .debug_ranges  0x0000000000000268       0x10 ./src/usb_istr.o
 .debug_ranges  0x0000000000000278       0x90 ./src/usb_prop.o
 .debug_ranges  0x0000000000000308       0x30 ./src/usb_pwr.o
 .debug_ranges  0x0000000000000338      0x158 ./libraries/STM32_USB-FS-Device_Driver/src/usb_core.o
 .debug_ranges  0x0000000000000490       0x10 ./libraries/STM32_USB-FS-Device_Driver/src/usb_init.o
 .debug_ranges  0x00000000000004a0       0x30 ./libraries/STM32_USB-FS-Device_Driver/src/usb_int.o
 .debug_ranges  0x00000000000004d0       0x18 ./libraries/STM32_USB-FS-Device_Driver/src/usb_mem.o
 .debug_ranges  0x00000000000004e8      0x228 ./libraries/STM32_USB-FS-Device_Driver/src/usb_regs.o
 .debug_ranges  0x0000000000000710       0x20 ./libraries/STM32_USB-FS-Device_Driver/src/usb_sil.o
 .debug_ranges  0x0000000000000730       0x30 ./libraries/STM32F10x_StdPeriph_Driver/src/misc.o
 .debug_ranges  0x0000000000000760       0x48 ./libraries/STM32F10x_StdPeriph_Driver/src/stm32f10x_exti.o
 .debug_ranges  0x00000000000007a8       0xe8 ./libraries/STM32F10x_StdPeriph_Driver/src/stm32f10x_flash.o
 .debug_ranges  0x0000000000000890       0x98 ./libraries/STM32F10x_StdPeriph_Driver/src/stm32f10x_gpio.o
 .debug_ranges  0x0000000000000928      0x108 ./libraries/STM32F10x_StdPeriph_Driver/src/stm32f10x_rcc.o
 .debug_ranges  0x0000000000000a30      0x340 ./libraries/STM32F10x_StdPeriph_Driver/src/stm32f10x_tim.o

.debug_macro    0x0000000000000000    0x10982
 .debug_macro   0x0000000000000000      0x238 ./src/dfu_mal.o
 .debug_macro   0x0000000000000238      0x808 ./src/dfu_mal.o
 .debug_macro   0x0000000000000a40       0x22 ./src/dfu_mal.o
 .debug_macro   0x0000000000000a62       0x5d ./src/dfu_mal.o
 .debug_macro   0x0000000000000abf       0x3a ./src/dfu_mal.o
 .debug_macro   0x0000000000000af9       0x3a ./src/dfu_mal.o
 .debug_macro   0x0000000000000b33       0x10 ./src/dfu_mal.o
 .debug_macro   0x0000000000000b43       0x2e ./src/dfu_mal.o
 .debug_macro   0x0000000000000b71       0xa2 ./src/dfu_mal.o
 .debug_macro   0x0000000000000c13      0x20e ./src/dfu_mal.o
 .debug_macro   0x0000000000000e21       0x18 ./src/dfu_mal.o
 .debug_macro   0x0000000000000e39      0xa8b ./src/dfu_mal.o
 .debug_macro   0x00000000000018c4     0x7eb3 ./src/dfu_mal.o
 .debug_macro   0x0000000000009777      0x2e4 ./src/dfu_mal.o
 .debug_macro   0x0000000000009a5b      0x14a ./src/dfu_mal.o
 .debug_macro   0x0000000000009ba5      0x3cf ./src/dfu_mal.o
 .debug_macro   0x0000000000009f74      0x17b ./src/dfu_mal.o
 .debug_macro   0x000000000000a0ef       0xac ./src/dfu_mal.o
 .debug_macro   0x000000000000a19b      0x3b0 ./src/dfu_mal.o
 .debug_macro   0x000000000000a54b       0x9d ./src/dfu_mal.o
 .debug_macro   0x000000000000a5e8      0x2d5 ./src/dfu_mal.o
 .debug_macro   0x000000000000a8bd      0x279 ./src/dfu_mal.o
 .debug_macro   0x000000000000ab36      0x2ad ./src/dfu_mal.o
 .debug_macro   0x000000000000ade3      0x2b4 ./src/dfu_mal.o
 .debug_macro   0x000000000000b097       0x64 ./src/dfu_mal.o
 .debug_macro   0x000000000000b0fb       0x82 ./src/dfu_mal.o
 .debug_macro   0x000000000000b17d      0x3e2 ./src/dfu_mal.o
 .debug_macro   0x000000000000b55f       0x58 ./src/dfu_mal.o
 .debug_macro   0x000000000000b5b7      0x344 ./src/dfu_mal.o
 .debug_macro   0x000000000000b8fb      0x2c4 ./src/dfu_mal.o
 .debug_macro   0x000000000000bbbf      0x711 ./src/dfu_mal.o
 .debug_macro   0x000000000000c2d0      0x229 ./src/dfu_mal.o
 .debug_macro   0x000000000000c4f9       0x34 ./src/dfu_mal.o
 .debug_macro   0x000000000000c52d       0x8c ./src/dfu_mal.o
 .debug_macro   0x000000000000c5b9       0x35 ./src/dfu_mal.o
 .debug_macro   0x000000000000c5ee       0xe2 ./src/dfu_mal.o
 .debug_macro   0x000000000000c6d0       0x4c ./src/dfu_mal.o
 .debug_macro   0x000000000000c71c       0x40 ./src/dfu_mal.o
 .debug_macro   0x000000000000c75c       0x88 ./src/dfu_mal.o
 .debug_macro   0x000000000000c7e4      0x454 ./src/dfu_mal.o
 .debug_macro   0x000000000000cc38       0x28 ./src/dfu_mal.o
 .debug_macro   0x000000000000cc60       0x5e ./src/dfu_mal.o
 .debug_macro   0x000000000000ccbe      0x1ba ./src/flash_if.o
 .debug_macro   0x000000000000ce78      0x234 ./src/hw_config.o
 .debug_macro   0x000000000000d0ac      0x23c ./src/main.o
 .debug_macro   0x000000000000d2e8       0x10 ./src/main.o
 .debug_macro   0x000000000000d2f8       0xf4 ./src/main.o
 .debug_macro   0x000000000000d3ec      0x225 ./src/stm32_it.o
 .debug_macro   0x000000000000d611      0x192 ./src/system_stm32f10x.o
 .debug_macro   0x000000000000d7a3      0x1a3 ./src/usb_desc.o
 .debug_macro   0x000000000000d946       0x46 ./src/usb_desc.o
 .debug_macro   0x000000000000d98c      0x22b ./src/usb_istr.o
 .debug_macro   0x000000000000dbb7      0x23d ./src/usb_prop.o
 .debug_macro   0x000000000000ddf4      0x214 ./src/usb_pwr.o
 .debug_macro   0x000000000000e008      0x246 ./libraries/STM32_USB-FS-Device_Driver/src/usb_core.o
 .debug_macro   0x000000000000e24e      0x20a ./libraries/STM32_USB-FS-Device_Driver/src/usb_init.o
 .debug_macro   0x000000000000e458      0x20a ./libraries/STM32_USB-FS-Device_Driver/src/usb_int.o
 .debug_macro   0x000000000000e662      0x20a ./libraries/STM32_USB-FS-Device_Driver/src/usb_mem.o
 .debug_macro   0x000000000000e86c      0x20a ./libraries/STM32_USB-FS-Device_Driver/src/usb_regs.o
 .debug_macro   0x000000000000ea76      0x20a ./libraries/STM32_USB-FS-Device_Driver/src/usb_sil.o
 .debug_macro   0x000000000000ec80      0x196 ./libraries/STM32F10x_StdPeriph_Driver/src/misc.o
 .debug_macro   0x000000000000ee16       0x86 ./libraries/STM32F10x_StdPeriph_Driver/src/misc.o
 .debug_macro   0x000000000000ee9c      0x196 ./libraries/STM32F10x_StdPeriph_Driver/src/stm32f10x_exti.o
 .debug_macro   0x000000000000f032       0x97 ./libraries/STM32F10x_StdPeriph_Driver/src/stm32f10x_exti.o
 .debug_macro   0x000000000000f0c9      0x226 ./libraries/STM32F10x_StdPeriph_Driver/src/stm32f10x_flash.o
 .debug_macro   0x000000000000f2ef      0x2cf ./libraries/STM32F10x_StdPeriph_Driver/src/stm32f10x_flash.o
 .debug_macro   0x000000000000f5be      0x1de ./libraries/STM32F10x_StdPeriph_Driver/src/stm32f10x_gpio.o
 .debug_macro   0x000000000000f79c      0x2a7 ./libraries/STM32F10x_StdPeriph_Driver/src/stm32f10x_gpio.o
 .debug_macro   0x000000000000fa43      0x2b0 ./libraries/STM32F10x_StdPeriph_Driver/src/stm32f10x_rcc.o
 .debug_macro   0x000000000000fcf3      0x3dc ./libraries/STM32F10x_StdPeriph_Driver/src/stm32f10x_rcc.o
 .debug_macro   0x00000000000100cf      0x1a8 ./libraries/STM32F10x_StdPeriph_Driver/src/stm32f10x_tim.o
 .debug_macro   0x0000000000010277      0x70b ./libraries/STM32F10x_StdPeriph_Driver/src/stm32f10x_tim.o
