Archive member included because of file (symbol)

/usr/local/gcc-arm-none-eabi-4_7-2013q1/bin/../lib/gcc/arm-none-eabi/4.7.3/../../../../arm-none-eabi/lib/armv7-m/libg.a(lib_a-errno.o)
                              ./libraries/CC3000_Host_Driver/socket.o (__errno)
/usr/local/gcc-arm-none-eabi-4_7-2013q1/bin/../lib/gcc/arm-none-eabi/4.7.3/../../../../arm-none-eabi/lib/armv7-m/libg.a(lib_a-impure.o)
                              /usr/local/gcc-arm-none-eabi-4_7-2013q1/bin/../lib/gcc/arm-none-eabi/4.7.3/../../../../arm-none-eabi/lib/armv7-m/libg.a(lib_a-errno.o) (_impure_ptr)
/usr/local/gcc-arm-none-eabi-4_7-2013q1/bin/../lib/gcc/arm-none-eabi/4.7.3/../../../../arm-none-eabi/lib/armv7-m/libg.a(lib_a-malloc.o)
                              ./libraries/CC3000_Host_Driver/os.o (malloc)
/usr/local/gcc-arm-none-eabi-4_7-2013q1/bin/../lib/gcc/arm-none-eabi/4.7.3/../../../../arm-none-eabi/lib/armv7-m/libg.a(lib_a-mallocr.o)
                              /usr/local/gcc-arm-none-eabi-4_7-2013q1/bin/../lib/gcc/arm-none-eabi/4.7.3/../../../../arm-none-eabi/lib/armv7-m/libg.a(lib_a-malloc.o) (_malloc_r)
/usr/local/gcc-arm-none-eabi-4_7-2013q1/bin/../lib/gcc/arm-none-eabi/4.7.3/../../../../arm-none-eabi/lib/armv7-m/libg.a(lib_a-memcpy.o)
                              ./src/spark_utilities.o (memcpy)
/usr/local/gcc-arm-none-eabi-4_7-2013q1/bin/../lib/gcc/arm-none-eabi/4.7.3/../../../../arm-none-eabi/lib/armv7-m/libg.a(lib_a-memset.o)
                              ./src/spark_utilities.o (memset)
/usr/local/gcc-arm-none-eabi-4_7-2013q1/bin/../lib/gcc/arm-none-eabi/4.7.3/../../../../arm-none-eabi/lib/armv7-m/libg.a(lib_a-mlock.o)
                              /usr/local/gcc-arm-none-eabi-4_7-2013q1/bin/../lib/gcc/arm-none-eabi/4.7.3/../../../../arm-none-eabi/lib/armv7-m/libg.a(lib_a-mallocr.o) (__malloc_lock)
/usr/local/gcc-arm-none-eabi-4_7-2013q1/bin/../lib/gcc/arm-none-eabi/4.7.3/../../../../arm-none-eabi/lib/armv7-m/libg.a(lib_a-sbrkr.o)
                              /usr/local/gcc-arm-none-eabi-4_7-2013q1/bin/../lib/gcc/arm-none-eabi/4.7.3/../../../../arm-none-eabi/lib/armv7-m/libg.a(lib_a-mallocr.o) (_sbrk_r)
/usr/local/gcc-arm-none-eabi-4_7-2013q1/bin/../lib/gcc/arm-none-eabi/4.7.3/../../../../arm-none-eabi/lib/armv7-m/libg.a(lib_a-strchr.o)
                              ./src/spark_utilities.o (strchr)
/usr/local/gcc-arm-none-eabi-4_7-2013q1/bin/../lib/gcc/arm-none-eabi/4.7.3/../../../../arm-none-eabi/lib/armv7-m/libg.a(lib_a-strcmp.o)
                              ./src/spark_utilities.o (strcmp)
/usr/local/gcc-arm-none-eabi-4_7-2013q1/bin/../lib/gcc/arm-none-eabi/4.7.3/../../../../arm-none-eabi/lib/armv7-m/libg.a(lib_a-strlen.o)
                              ./src/spark_utilities.o (strlen)
/usr/local/gcc-arm-none-eabi-4_7-2013q1/bin/../lib/gcc/arm-none-eabi/4.7.3/../../../../arm-none-eabi/lib/armv7-m/libg.a(lib_a-strncmp.o)
                              ./src/spark_utilities.o (strncmp)
/usr/local/gcc-arm-none-eabi-4_7-2013q1/bin/../lib/gcc/arm-none-eabi/4.7.3/../../../../arm-none-eabi/lib/armv7-m/libg.a(lib_a-freer.o)
                              /usr/local/gcc-arm-none-eabi-4_7-2013q1/bin/../lib/gcc/arm-none-eabi/4.7.3/../../../../arm-none-eabi/lib/armv7-m/libg.a(lib_a-malloc.o) (_free_r)
/usr/local/gcc-arm-none-eabi-4_7-2013q1/bin/../lib/gcc/arm-none-eabi/4.7.3/../../../../arm-none-eabi/lib/armv7-m/libg.a(lib_a-reent.o)
                              /usr/local/gcc-arm-none-eabi-4_7-2013q1/bin/../lib/gcc/arm-none-eabi/4.7.3/../../../../arm-none-eabi/lib/armv7-m/libg.a(lib_a-sbrkr.o) (errno)

Allocating common symbols
Common symbol       size              file

SaveRState          0x2               ./libraries/STM32_USB-FS-Device_Driver/src/usb_int.o
WLAN_CAN_SHUTDOWN   0x1               ./src/main.o
WLAN_CONNECTED      0x1               ./src/main.o
SaveState           0x2               ./libraries/STM32_USB-FS-Device_Driver/src/usb_init.o
readSet             0x4               ./src/spark_utilities.o
errno               0x4               /usr/local/gcc-arm-none-eabi-4_7-2013q1/bin/../lib/gcc/arm-none-eabi/4.7.3/../../../../arm-none-eabi/lib/armv7-m/libg.a(lib_a-reent.o)
WLAN_SMART_CONFIG_START
                    0x1               ./src/main.o
patchVer            0x2               ./src/main.o
profileArray        0x43              ./libraries/CC3000_Host_Driver/wlan.o
tSLInformation      0x44              ./libraries/CC3000_Host_Driver/wlan.o
SPARK_SOCKET_CONNECTED
                    0x1               ./src/main.o
TimingLED1          0x4               ./src/main.o
wIstr               0x2               ./src/usb_istr.o
pProperty           0x4               ./libraries/STM32_USB-FS-Device_Driver/src/usb_init.o
WLAN_SMART_CONFIG_DONE
                    0x1               ./src/main.o
EPindex             0x1               ./libraries/STM32_USB-FS-Device_Driver/src/usb_init.o
sparkSocket         0x4               ./src/spark_utilities.o
TimingDelay         0x4               ./src/main.o
[...]
Memory Configuration

Name             Origin             Length             Attributes
RAM              0x0000000020000000 0x0000000000005000 xrw
FLASH            0x000000000800a000 0x0000000000016000 xr
FLASHB1          0x0000000000000000 0x0000000000000000 xr
EXTMEMB0         0x0000000000000000 0x0000000000000000 xr
EXTMEMB1         0x0000000000000000 0x0000000000000000 xr
EXTMEMB2         0x0000000000000000 0x0000000000000000 xr
EXTMEMB3         0x0000000000000000 0x0000000000000000 xr
*default*        0x0000000000000000 0xffffffffffffffff

Linker script and memory map

LOAD ./startup/startup_stm32f10x_md.o
LOAD ./src/application.o
LOAD ./src/cc3000_spi.o
LOAD ./src/hw_config.o
LOAD ./src/main.o
LOAD ./src/spark_utilities.o
LOAD ./src/spark_wiring.o
LOAD ./src/sst25vf_spi.o
LOAD ./src/stm32_it.o
LOAD ./src/system_stm32f10x.o
LOAD ./src/usb_desc.o
LOAD ./src/usb_endp.o
LOAD ./src/usb_istr.o
LOAD ./src/usb_prop.o
LOAD ./src/usb_pwr.o
LOAD ./libraries/STM32_USB-FS-Device_Driver/src/usb_core.o
LOAD ./libraries/STM32_USB-FS-Device_Driver/src/usb_init.o
LOAD ./libraries/STM32_USB-FS-Device_Driver/src/usb_int.o
LOAD ./libraries/STM32_USB-FS-Device_Driver/src/usb_mem.o
LOAD ./libraries/STM32_USB-FS-Device_Driver/src/usb_regs.o
LOAD ./libraries/STM32_USB-FS-Device_Driver/src/usb_sil.o
LOAD ./libraries/STM32F10x_StdPeriph_Driver/src/misc.o
LOAD ./libraries/STM32F10x_StdPeriph_Driver/src/stm32f10x_adc.o
LOAD ./libraries/STM32F10x_StdPeriph_Driver/src/stm32f10x_bkp.o
LOAD ./libraries/STM32F10x_StdPeriph_Driver/src/stm32f10x_dma.o
LOAD ./libraries/STM32F10x_StdPeriph_Driver/src/stm32f10x_exti.o
LOAD ./libraries/STM32F10x_StdPeriph_Driver/src/stm32f10x_flash.o
LOAD ./libraries/STM32F10x_StdPeriph_Driver/src/stm32f10x_gpio.o
LOAD ./libraries/STM32F10x_StdPeriph_Driver/src/stm32f10x_i2c.o
LOAD ./libraries/STM32F10x_StdPeriph_Driver/src/stm32f10x_pwr.o
LOAD ./libraries/STM32F10x_StdPeriph_Driver/src/stm32f10x_rcc.o
LOAD ./libraries/STM32F10x_StdPeriph_Driver/src/stm32f10x_rtc.o
LOAD ./libraries/STM32F10x_StdPeriph_Driver/src/stm32f10x_spi.o
LOAD ./libraries/STM32F10x_StdPeriph_Driver/src/stm32f10x_tim.o
LOAD ./libraries/STM32F10x_StdPeriph_Driver/src/stm32f10x_usart.o
LOAD ./libraries/CC3000_Host_Driver/cc3000_common.o
LOAD ./libraries/CC3000_Host_Driver/evnt_handler.o
LOAD ./libraries/CC3000_Host_Driver/hci.o
LOAD ./libraries/CC3000_Host_Driver/netapp.o
LOAD ./libraries/CC3000_Host_Driver/nvmem.o
LOAD ./libraries/CC3000_Host_Driver/os.o
LOAD ./libraries/CC3000_Host_Driver/security.o
LOAD ./libraries/CC3000_Host_Driver/socket.o
LOAD ./libraries/CC3000_Host_Driver/wlan.o
START GROUP
LOAD /usr/local/gcc-arm-none-eabi-4_7-2013q1/bin/../lib/gcc/arm-none-eabi/4.7.3/armv7-m/libgcc.a
LOAD /usr/local/gcc-arm-none-eabi-4_7-2013q1/bin/../lib/gcc/arm-none-eabi/4.7.3/../../../../arm-none-eabi/lib/armv7-m/libg.a
LOAD /usr/local/gcc-arm-none-eabi-4_7-2013q1/bin/../lib/gcc/arm-none-eabi/4.7.3/../../../../arm-none-eabi/lib/armv7-m/libc.a
END GROUP
                0x0000000000000400                __Stack_Size = 0x400
                0x0000000000000400                PROVIDE (_Stack_Size, __Stack_Size)
                0x0000000020004c00                __Stack_Init = (_estack - __Stack_Size)
                0x0000000020004c00                PROVIDE (_Stack_Init, __Stack_Init)
                0x0000000000000100                _Minimum_Stack_Size = 0x100
                0x0000000020005000                _estack = 0x20005000

.isr_vector     0x000000000800a000      0x10c
                0x000000000800a000                . = ALIGN (0x4)
 *(.isr_vector)
 .isr_vector    0x000000000800a000      0x10c ./startup/startup_stm32f10x_md.o
                0x000000000800a000                g_pfnVectors
                0x000000000800a10c                . = ALIGN (0x4)

.flashtext      0x000000000800a10c        0x0
                0x000000000800a10c                . = ALIGN (0x4)
 *(.flashtext)
                0x000000000800a10c                . = ALIGN (0x4)

.text           0x000000000800a10c     0x87e8
                0x000000000800a10c                . = ALIGN (0x4)
 *(.text)
 *(.text.*)
 .text.Reset_Handler
                0x000000000800a10c       0x4c ./startup/startup_stm32f10x_md.o
                0x000000000800a10c                Reset_Handler
 .text.Default_Handler
                0x000000000800a158        0x4 ./startup/startup_stm32f10x_md.o
                0x000000000800a158                USBWakeUp_IRQHandler
                0x000000000800a158                TIM1_CC_IRQHandler
                0x000000000800a158                PVD_IRQHandler
                0x000000000800a158                EXTI3_IRQHandler
                0x000000000800a158                I2C2_EV_IRQHandler
                0x000000000800a158                ADC1_2_IRQHandler
                0x000000000800a158                SPI1_IRQHandler
                0x000000000800a158                TAMPER_IRQHandler
                0x000000000800a158                DMA1_Channel4_IRQHandler
                0x000000000800a158                USART3_IRQHandler
                0x000000000800a158                RTC_IRQHandler
                0x000000000800a158                DMA1_Channel7_IRQHandler
                0x000000000800a158                CAN1_RX1_IRQHandler
                0x000000000800a158                TIM4_IRQHandler
                0x000000000800a158                I2C1_EV_IRQHandler
                0x000000000800a158                DMA1_Channel6_IRQHandler
                0x000000000800a158                TIM3_IRQHandler
                0x000000000800a158                RCC_IRQHandler
                0x000000000800a158                TIM1_TRG_COM_IRQHandler
                0x000000000800a158                DMA1_Channel1_IRQHandler
                0x000000000800a158                Default_Handler
                0x000000000800a158                EXTI9_5_IRQHandler
                0x000000000800a158                SPI2_IRQHandler
                0x000000000800a158                EXTI4_IRQHandler
                0x000000000800a158                USB_HP_CAN1_TX_IRQHandler
                0x000000000800a158                WWDG_IRQHandler
                0x000000000800a158                TIM2_IRQHandler
                0x000000000800a158                TIM1_BRK_IRQHandler
                0x000000000800a158                EXTI1_IRQHandler
                0x000000000800a158                RTCAlarm_IRQHandler
                0x000000000800a158                USART2_IRQHandler
                0x000000000800a158                I2C2_ER_IRQHandler
                0x000000000800a158                DMA1_Channel2_IRQHandler
                0x000000000800a158                CAN1_SCE_IRQHandler
                0x000000000800a158                FLASH_IRQHandler
                0x000000000800a158                USART1_IRQHandler
                0x000000000800a158                I2C1_ER_IRQHandler
                0x000000000800a158                EXTI2_IRQHandler
 .text.setup    0x000000000800a15c        0xc ./src/application.o
                0x000000000800a15c                setup
 .text.loop     0x000000000800a168        0xc ./src/application.o
                0x000000000800a168                loop
 .text.SysCtlDelay
                0x000000000800a174       0x24 ./src/cc3000_spi.o
                0x000000000800a174                SysCtlDelay
 .text.SpiOpen  0x000000000800a198       0x74 ./src/cc3000_spi.o
                0x000000000800a198                SpiOpen
 .text.SpiResumeSpi
                0x000000000800a20c        0xc ./src/cc3000_spi.o
                0x000000000800a20c                SpiResumeSpi
 .text.SpiPauseSpi
                0x000000000800a218        0xc ./src/cc3000_spi.o
                0x000000000800a218                SpiPauseSpi
 .text.SpiTriggerRxProcessing
                0x000000000800a224       0x44 ./src/cc3000_spi.o
                0x000000000800a224                SpiTriggerRxProcessing
 .text.SpiReadData
                0x000000000800a268       0x24 ./src/cc3000_spi.o
                0x000000000800a268                SpiReadData
 .text.SpiWriteAsync
                0x000000000800a28c       0x24 ./src/cc3000_spi.o
                0x000000000800a28c                SpiWriteAsync
 .text.SpiReadWriteStringInt
                0x000000000800a2b0       0xfc ./src/cc3000_spi.o
                0x000000000800a2b0                SpiReadWriteStringInt
 .text.SpiReadWriteString
                0x000000000800a3ac       0xe8 ./src/cc3000_spi.o
                0x000000000800a3ac                SpiReadWriteString
 .text.SpiFirstWrite
                0x000000000800a494       0x70 ./src/cc3000_spi.o
                0x000000000800a494                SpiFirstWrite
 .text.SpiWrite
                0x000000000800a504      0x16c ./src/cc3000_spi.o
                0x000000000800a504                SpiWrite
 .text.SpiReadDataCont
                0x000000000800a670      0x104 ./src/cc3000_spi.o
                0x000000000800a670                SpiReadDataCont
 .text.SpiReadHeader
                0x000000000800a774       0x20 ./src/cc3000_spi.o
                0x000000000800a774                SpiReadHeader
 .text.SpiContReadOperation
                0x000000000800a794       0x14 ./src/cc3000_spi.o
                0x000000000800a794                SpiContReadOperation
 .text.SPI_DMA_IntHandler
                0x000000000800a7a8      0x198 ./src/cc3000_spi.o
                0x000000000800a7a8                SPI_DMA_IntHandler
 .text.SPI_EXTI_IntHandler
                0x000000000800a940       0xd8 ./src/cc3000_spi.o
                0x000000000800a940                SPI_EXTI_IntHandler
 .text.NVIC_GetPriorityGrouping
                0x000000000800aa18       0x20 ./src/hw_config.o
 .text.NVIC_SetPriority
                0x000000000800aa38       0x5c ./src/hw_config.o
 .text.NVIC_EncodePriority
                0x000000000800aa94       0x78 ./src/hw_config.o
 .text.SysTick_Config
                0x000000000800ab0c       0x64 ./src/hw_config.o
 .text.Set_System
                0x000000000800ab70       0xd0 ./src/hw_config.o
                0x000000000800ab70                Set_System
 .text.NVIC_Configuration
                0x000000000800ac40       0x1c ./src/hw_config.o
                0x000000000800ac40                NVIC_Configuration
 .text.DIO_Init
                0x000000000800ac5c       0x6c ./src/hw_config.o
                0x000000000800ac5c                DIO_Init
 .text.DIO_SetState
                0x000000000800acc8       0x78 ./src/hw_config.o
                0x000000000800acc8                DIO_SetState
 .text.LED_Init
                0x000000000800ad40       0x60 ./src/hw_config.o
                0x000000000800ad40                LED_Init
 .text.LED_On   0x000000000800ada0       0x34 ./src/hw_config.o
                0x000000000800ada0                LED_On
 .text.LED_Off  0x000000000800add4       0x34 ./src/hw_config.o
                0x000000000800add4                LED_Off
 .text.LED_Toggle
                0x000000000800ae08       0x44 ./src/hw_config.o
                0x000000000800ae08                LED_Toggle
 .text.BUTTON_Init
                0x000000000800ae4c      0x178 ./src/hw_config.o
                0x000000000800ae4c                BUTTON_Init
 .text.BUTTON_EXTI_Config
                0x000000000800afc4       0x84 ./src/hw_config.o
                0x000000000800afc4                BUTTON_EXTI_Config
 .text.BUTTON_GetState
                0x000000000800b048       0x3c ./src/hw_config.o
                0x000000000800b048                BUTTON_GetState
 .text.BUTTON_GetDebouncedState
                0x000000000800b084       0x40 ./src/hw_config.o
                0x000000000800b084                BUTTON_GetDebouncedState
 .text.CC3000_WIFI_Init
                0x000000000800b0c4       0x70 ./src/hw_config.o
                0x000000000800b0c4                CC3000_WIFI_Init
 .text.CC3000_SPI_Init
                0x000000000800b134       0xc8 ./src/hw_config.o
                0x000000000800b134                CC3000_SPI_Init
 .text.CC3000_DMA_Config
                0x000000000800b1fc       0xbc ./src/hw_config.o
                0x000000000800b1fc                CC3000_DMA_Config
 .text.CC3000_SPI_DMA_Init
                0x000000000800b2b8       0xc8 ./src/hw_config.o
                0x000000000800b2b8                CC3000_SPI_DMA_Init
 .text.CC3000_SPI_DMA_Channels
                0x000000000800b380       0x34 ./src/hw_config.o
                0x000000000800b380                CC3000_SPI_DMA_Channels
 .text.CC3000_Read_Interrupt_Pin
                0x000000000800b3b4       0x1c ./src/hw_config.o
                0x000000000800b3b4                CC3000_Read_Interrupt_Pin
 .text.CC3000_Interrupt_Enable
                0x000000000800b3d0       0x90 ./src/hw_config.o
                0x000000000800b3d0                CC3000_Interrupt_Enable
 .text.CC3000_Interrupt_Disable
                0x000000000800b460       0x3c ./src/hw_config.o
                0x000000000800b460                CC3000_Interrupt_Disable
 .text.CC3000_Write_Enable_Pin
                0x000000000800b49c       0x3c ./src/hw_config.o
                0x000000000800b49c                CC3000_Write_Enable_Pin
 .text.USB_Cable_Config
                0x000000000800b4d8       0x3c ./src/hw_config.o
                0x000000000800b4d8                USB_Cable_Config
 .text.Handle_USBAsynchXfer
                0x000000000800b514      0x18c ./src/hw_config.o
                0x000000000800b514                Handle_USBAsynchXfer
 .text.Get_SerialNum
                0x000000000800b6a0       0x60 ./src/hw_config.o
                0x000000000800b6a0                Get_SerialNum
 .text.IntToUnicode
                0x000000000800b700       0x94 ./src/hw_config.o
 .text.NVIC_SystemReset
                0x000000000800b794       0x30 ./src/main.o
 .text.main     0x000000000800b7c4      0x1e0 ./src/main.o
                0x000000000800b7c4                main
 .text.Delay    0x000000000800b9a4       0x30 ./src/main.o
                0x000000000800b9a4                Delay
 .text.Timing_Decrement
                0x000000000800b9d4      0x220 ./src/main.o
                0x000000000800b9d4                Timing_Decrement
 .text.Load_SystemFlags
                0x000000000800bbf4       0x4c ./src/main.o
                0x000000000800bbf4                Load_SystemFlags
 .text.Save_SystemFlags
                0x000000000800bc40       0x8c ./src/main.o
                0x000000000800bc40                Save_SystemFlags
 .text.Set_NetApp_Timeout
                0x000000000800bccc       0x5c ./src/main.o
                0x000000000800bccc                Set_NetApp_Timeout
 .text.Start_Smart_Config
                0x000000000800bd28       0xdc ./src/main.o
                0x000000000800bd28                Start_Smart_Config
 .text.WLAN_Async_Callback
                0x000000000800be04       0xec ./src/main.o
                0x000000000800be04                WLAN_Async_Callback
 .text.WLAN_Firmware_Patch
                0x000000000800bef0       0x20 ./src/main.o
                0x000000000800bef0                WLAN_Firmware_Patch
 .text.WLAN_Driver_Patch
                0x000000000800bf10       0x20 ./src/main.o
                0x000000000800bf10                WLAN_Driver_Patch
 .text.WLAN_BootLoader_Patch
                0x000000000800bf30       0x20 ./src/main.o
                0x000000000800bf30                WLAN_BootLoader_Patch
 .text.Spark_Connect
                0x000000000800bf50       0xf8 ./src/spark_utilities.o
                0x000000000800bf50                Spark_Connect
 .text.Spark_Disconnect
                0x000000000800c048       0x40 ./src/spark_utilities.o
                0x000000000800c048                Spark_Disconnect
 .text.receive_line
                0x000000000800c088      0x1cc ./src/spark_utilities.o
                0x000000000800c088                receive_line
 .text.process_command
                0x000000000800c254      0x2f4 ./src/spark_utilities.o
                0x000000000800c254                process_command
 .text.Spark_Process_API_Response
                0x000000000800c548       0x24 ./src/spark_utilities.o
                0x000000000800c548                Spark_Process_API_Response
 .text.user_function
                0x000000000800c56c       0x7c ./src/spark_utilities.o
 .text.Spark_Send_Device_Message
                0x000000000800c5e8      0x144 ./src/spark_utilities.o
 .text.itoa     0x000000000800c72c       0xd0 ./src/spark_utilities.o
 .text.atoc     0x000000000800c7fc       0x80 ./src/spark_utilities.o
 .text.NMI_Handler
                0x000000000800c87c        0xc ./src/stm32_it.o
                0x000000000800c87c                NMI_Handler
 .text.HardFault_Handler
                0x000000000800c888        0x8 ./src/stm32_it.o
                0x000000000800c888                HardFault_Handler
 .text.MemManage_Handler
                0x000000000800c890        0x8 ./src/stm32_it.o
                0x000000000800c890                MemManage_Handler
 .text.BusFault_Handler
                0x000000000800c898        0x8 ./src/stm32_it.o
                0x000000000800c898                BusFault_Handler
 .text.UsageFault_Handler
                0x000000000800c8a0        0x8 ./src/stm32_it.o
                0x000000000800c8a0                UsageFault_Handler
 .text.SVC_Handler
                0x000000000800c8a8        0xc ./src/stm32_it.o
                0x000000000800c8a8                SVC_Handler
 .text.DebugMon_Handler
                0x000000000800c8b4        0xc ./src/stm32_it.o
                0x000000000800c8b4                DebugMon_Handler
 .text.PendSV_Handler
                0x000000000800c8c0        0xc ./src/stm32_it.o
                0x000000000800c8c0                PendSV_Handler
 .text.SysTick_Handler
                0x000000000800c8cc        0xc ./src/stm32_it.o
                0x000000000800c8cc                SysTick_Handler
 .text.DMA1_Channel3_IRQHandler
                0x000000000800c8d8        0xc ./src/stm32_it.o
                0x000000000800c8d8                DMA1_Channel3_IRQHandler
 .text.DMA1_Channel5_IRQHandler
                0x000000000800c8e4        0xc ./src/stm32_it.o
                0x000000000800c8e4                DMA1_Channel5_IRQHandler
 .text.EXTI0_IRQHandler
                0x000000000800c8f0       0x54 ./src/stm32_it.o
                0x000000000800c8f0                EXTI0_IRQHandler
 .text.EXTI15_10_IRQHandler
                0x000000000800c944       0x54 ./src/stm32_it.o
                0x000000000800c944                EXTI15_10_IRQHandler
 .text.TIM1_UP_IRQHandler
                0x000000000800c998       0x64 ./src/stm32_it.o
                0x000000000800c998                TIM1_UP_IRQHandler
 .text.USB_LP_CAN1_RX0_IRQHandler
                0x000000000800c9fc        0xc ./src/stm32_it.o
                0x000000000800c9fc                USB_LP_CAN1_RX0_IRQHandler
 .text.SystemInit
                0x000000000800ca08       0xa8 ./src/system_stm32f10x.o
                0x000000000800ca08                SystemInit
 .text.SetSysClock
                0x000000000800cab0        0xc ./src/system_stm32f10x.o
 .text.SetSysClockTo72
                0x000000000800cabc      0x1ac ./src/system_stm32f10x.o
 .text.EP1_IN_Callback
                0x000000000800cc68      0x100 ./src/usb_endp.o
                0x000000000800cc68                EP1_IN_Callback
 .text.EP3_OUT_Callback
                0x000000000800cd68       0x54 ./src/usb_endp.o
                0x000000000800cd68                EP3_OUT_Callback
 .text.SOF_Callback
                0x000000000800cdbc       0x4c ./src/usb_endp.o
                0x000000000800cdbc                SOF_Callback
 .text.USB_Istr
                0x000000000800ce08       0xc8 ./src/usb_istr.o
                0x000000000800ce08                USB_Istr
 .text.Virtual_Com_Port_init
                0x000000000800ced0       0x30 ./src/usb_prop.o
                0x000000000800ced0                Virtual_Com_Port_init
 .text.Virtual_Com_Port_Reset
                0x000000000800cf00      0x14c ./src/usb_prop.o
                0x000000000800cf00                Virtual_Com_Port_Reset
 .text.Virtual_Com_Port_SetConfiguration
                0x000000000800d04c       0x30 ./src/usb_prop.o
                0x000000000800d04c                Virtual_Com_Port_SetConfiguration
 .text.Virtual_Com_Port_SetDeviceAddress
                0x000000000800d07c       0x18 ./src/usb_prop.o
                0x000000000800d07c                Virtual_Com_Port_SetDeviceAddress
 .text.Virtual_Com_Port_Status_In
                0x000000000800d094       0x28 ./src/usb_prop.o
                0x000000000800d094                Virtual_Com_Port_Status_In
 .text.Virtual_Com_Port_Status_Out
                0x000000000800d0bc        0xc ./src/usb_prop.o
                0x000000000800d0bc                Virtual_Com_Port_Status_Out
 .text.Virtual_Com_Port_Data_Setup
                0x000000000800d0c8       0xa8 ./src/usb_prop.o
                0x000000000800d0c8                Virtual_Com_Port_Data_Setup
 .text.Virtual_Com_Port_NoData_Setup
                0x000000000800d170       0x48 ./src/usb_prop.o
                0x000000000800d170                Virtual_Com_Port_NoData_Setup
 .text.Virtual_Com_Port_GetDeviceDescriptor
                0x000000000800d1b8       0x28 ./src/usb_prop.o
                0x000000000800d1b8                Virtual_Com_Port_GetDeviceDescriptor
 .text.Virtual_Com_Port_GetConfigDescriptor
                0x000000000800d1e0       0x28 ./src/usb_prop.o
                0x000000000800d1e0                Virtual_Com_Port_GetConfigDescriptor
 .text.Virtual_Com_Port_GetStringDescriptor
                0x000000000800d208       0x4c ./src/usb_prop.o
                0x000000000800d208                Virtual_Com_Port_GetStringDescriptor
 .text.Virtual_Com_Port_Get_Interface_Setting
                0x000000000800d254       0x38 ./src/usb_prop.o
                0x000000000800d254                Virtual_Com_Port_Get_Interface_Setting
 .text.Virtual_Com_Port_GetLineCoding
                0x000000000800d28c       0x3c ./src/usb_prop.o
                0x000000000800d28c                Virtual_Com_Port_GetLineCoding
 .text.Virtual_Com_Port_SetLineCoding
                0x000000000800d2c8       0x3c ./src/usb_prop.o
                0x000000000800d2c8                Virtual_Com_Port_SetLineCoding
 .text.PowerOn  0x000000000800d304       0x80 ./src/usb_pwr.o
                0x000000000800d304                PowerOn
 .text.Standard_GetConfiguration
                0x000000000800d384       0x4c ./libraries/STM32_USB-FS-Device_Driver/src/usb_core.o
                0x000000000800d384                Standard_GetConfiguration
 .text.Standard_SetConfiguration
                0x000000000800d3d0       0x74 ./libraries/STM32_USB-FS-Device_Driver/src/usb_core.o
                0x000000000800d3d0                Standard_SetConfiguration
 .text.Standard_GetInterface
                0x000000000800d444       0x4c ./libraries/STM32_USB-FS-Device_Driver/src/usb_core.o
                0x000000000800d444                Standard_GetInterface
 .text.Standard_SetInterface
                0x000000000800d490       0xc8 ./libraries/STM32_USB-FS-Device_Driver/src/usb_core.o
                0x000000000800d490                Standard_SetInterface
 .text.Standard_GetStatus
                0x000000000800d558      0x1bc ./libraries/STM32_USB-FS-Device_Driver/src/usb_core.o
                0x000000000800d558                Standard_GetStatus
 .text.Standard_ClearFeature
                0x000000000800d714      0x230 ./libraries/STM32_USB-FS-Device_Driver/src/usb_core.o
                0x000000000800d714                Standard_ClearFeature
 .text.Standard_SetEndPointFeature
                0x000000000800d944      0x148 ./libraries/STM32_USB-FS-Device_Driver/src/usb_core.o
                0x000000000800d944                Standard_SetEndPointFeature
 .text.Standard_SetDeviceFeature
                0x000000000800da8c       0x38 ./libraries/STM32_USB-FS-Device_Driver/src/usb_core.o
                0x000000000800da8c                Standard_SetDeviceFeature
 .text.Standard_GetDescriptorData
                0x000000000800dac4       0x54 ./libraries/STM32_USB-FS-Device_Driver/src/usb_core.o
                0x000000000800dac4                Standard_GetDescriptorData
 .text.DataStageOut
                0x000000000800db18      0x13c ./libraries/STM32_USB-FS-Device_Driver/src/usb_core.o
 .text.DataStageIn
                0x000000000800dc54      0x150 ./libraries/STM32_USB-FS-Device_Driver/src/usb_core.o
 .text.NoData_Setup0
                0x000000000800dda4      0x208 ./libraries/STM32_USB-FS-Device_Driver/src/usb_core.o
 .text.Data_Setup0
                0x000000000800dfac      0x488 ./libraries/STM32_USB-FS-Device_Driver/src/usb_core.o
 .text.Setup0_Process
                0x000000000800e434      0x120 ./libraries/STM32_USB-FS-Device_Driver/src/usb_core.o
                0x000000000800e434                Setup0_Process
 .text.In0_Process
                0x000000000800e554       0xbc ./libraries/STM32_USB-FS-Device_Driver/src/usb_core.o
                0x000000000800e554                In0_Process
 .text.Out0_Process
                0x000000000800e610       0x8c ./libraries/STM32_USB-FS-Device_Driver/src/usb_core.o
                0x000000000800e610                Out0_Process
 .text.Post0_Process
                0x000000000800e69c       0x60 ./libraries/STM32_USB-FS-Device_Driver/src/usb_core.o
                0x000000000800e69c                Post0_Process
 .text.SetDeviceAddress
                0x000000000800e6fc       0x88 ./libraries/STM32_USB-FS-Device_Driver/src/usb_core.o
                0x000000000800e6fc                SetDeviceAddress
 .text.NOP_Process
                0x000000000800e784        0xc ./libraries/STM32_USB-FS-Device_Driver/src/usb_core.o
                0x000000000800e784                NOP_Process
 .text.CTR_LP   0x000000000800e790      0x428 ./libraries/STM32_USB-FS-Device_Driver/src/usb_int.o
                0x000000000800e790                CTR_LP
 .text.UserToPMABufferCopy
                0x000000000800ebb8       0x88 ./libraries/STM32_USB-FS-Device_Driver/src/usb_mem.o
                0x000000000800ebb8                UserToPMABufferCopy
 .text.PMAToUserBufferCopy
                0x000000000800ec40       0x6c ./libraries/STM32_USB-FS-Device_Driver/src/usb_mem.o
                0x000000000800ec40                PMAToUserBufferCopy
 .text.SetBTABLE
                0x000000000800ecac       0x28 ./libraries/STM32_USB-FS-Device_Driver/src/usb_regs.o
                0x000000000800ecac                SetBTABLE
 .text.SetEPType
                0x000000000800ecd4       0x4c ./libraries/STM32_USB-FS-Device_Driver/src/usb_regs.o
                0x000000000800ecd4                SetEPType
 .text.SetEPTxStatus
                0x000000000800ed20       0x74 ./libraries/STM32_USB-FS-Device_Driver/src/usb_regs.o
                0x000000000800ed20                SetEPTxStatus
 .text.SetEPRxStatus
                0x000000000800ed94       0x74 ./libraries/STM32_USB-FS-Device_Driver/src/usb_regs.o
                0x000000000800ed94                SetEPRxStatus
 .text.SetEPTxValid
                0x000000000800ee08       0x58 ./libraries/STM32_USB-FS-Device_Driver/src/usb_regs.o
                0x000000000800ee08                SetEPTxValid
 .text.SetEPRxValid
                0x000000000800ee60       0x58 ./libraries/STM32_USB-FS-Device_Driver/src/usb_regs.o
                0x000000000800ee60                SetEPRxValid
 .text.Clear_Status_Out
                0x000000000800eeb8       0x58 ./libraries/STM32_USB-FS-Device_Driver/src/usb_regs.o
                0x000000000800eeb8                Clear_Status_Out
 .text.ClearDTOG_RX
                0x000000000800ef10       0x60 ./libraries/STM32_USB-FS-Device_Driver/src/usb_regs.o
                0x000000000800ef10                ClearDTOG_RX
 .text.ClearDTOG_TX
                0x000000000800ef70       0x60 ./libraries/STM32_USB-FS-Device_Driver/src/usb_regs.o
                0x000000000800ef70                ClearDTOG_TX
 .text.SetEPTxAddr
                0x000000000800efd0       0x48 ./libraries/STM32_USB-FS-Device_Driver/src/usb_regs.o
                0x000000000800efd0                SetEPTxAddr
 .text.SetEPRxAddr
                0x000000000800f018       0x4c ./libraries/STM32_USB-FS-Device_Driver/src/usb_regs.o
                0x000000000800f018                SetEPRxAddr
 .text.GetEPTxAddr
                0x000000000800f064       0x3c ./libraries/STM32_USB-FS-Device_Driver/src/usb_regs.o
                0x000000000800f064                GetEPTxAddr
 .text.GetEPRxAddr
                0x000000000800f0a0       0x40 ./libraries/STM32_USB-FS-Device_Driver/src/usb_regs.o
                0x000000000800f0a0                GetEPRxAddr
 .text.SetEPTxCount
                0x000000000800f0e0       0x40 ./libraries/STM32_USB-FS-Device_Driver/src/usb_regs.o
                0x000000000800f0e0                SetEPTxCount
 .text.SetEPRxCount
                0x000000000800f120       0x98 ./libraries/STM32_USB-FS-Device_Driver/src/usb_regs.o
                0x000000000800f120                SetEPRxCount
 .text.GetEPRxCount
                0x000000000800f1b8       0x48 ./libraries/STM32_USB-FS-Device_Driver/src/usb_regs.o
                0x000000000800f1b8                GetEPRxCount
 .text.ByteSwap
                0x000000000800f200       0x34 ./libraries/STM32_USB-FS-Device_Driver/src/usb_regs.o
                0x000000000800f200                ByteSwap
 .text.USB_SIL_Init
                0x000000000800f234       0x40 ./libraries/STM32_USB-FS-Device_Driver/src/usb_sil.o
                0x000000000800f234                USB_SIL_Init
 .text.NVIC_PriorityGroupConfig
                0x000000000800f274       0x28 ./libraries/STM32F10x_StdPeriph_Driver/src/misc.o
                0x000000000800f274                NVIC_PriorityGroupConfig
 .text.NVIC_Init
                0x000000000800f29c       0xe8 ./libraries/STM32F10x_StdPeriph_Driver/src/misc.o
                0x000000000800f29c                NVIC_Init
 .text.NVIC_SetVectorTable
                0x000000000800f384       0x2c ./libraries/STM32F10x_StdPeriph_Driver/src/misc.o
                0x000000000800f384                NVIC_SetVectorTable
 .text.DMA_DeInit
                0x000000000800f3b0      0x220 ./libraries/STM32F10x_StdPeriph_Driver/src/stm32f10x_dma.o
                0x000000000800f3b0                DMA_DeInit
 .text.DMA_Init
                0x000000000800f5d0       0x80 ./libraries/STM32F10x_StdPeriph_Driver/src/stm32f10x_dma.o
                0x000000000800f5d0                DMA_Init
 .text.DMA_Cmd  0x000000000800f650       0x38 ./libraries/STM32F10x_StdPeriph_Driver/src/stm32f10x_dma.o
                0x000000000800f650                DMA_Cmd
 .text.DMA_ITConfig
                0x000000000800f688       0x3c ./libraries/STM32F10x_StdPeriph_Driver/src/stm32f10x_dma.o
                0x000000000800f688                DMA_ITConfig
 .text.DMA_GetCurrDataCounter
                0x000000000800f6c4       0x1c ./libraries/STM32F10x_StdPeriph_Driver/src/stm32f10x_dma.o
                0x000000000800f6c4                DMA_GetCurrDataCounter
 .text.DMA_GetFlagStatus
                0x000000000800f6e0       0x60 ./libraries/STM32F10x_StdPeriph_Driver/src/stm32f10x_dma.o
                0x000000000800f6e0                DMA_GetFlagStatus
 .text.DMA_ClearFlag
                0x000000000800f740       0x38 ./libraries/STM32F10x_StdPeriph_Driver/src/stm32f10x_dma.o
                0x000000000800f740                DMA_ClearFlag
 .text.EXTI_Init
                0x000000000800f778      0x138 ./libraries/STM32F10x_StdPeriph_Driver/src/stm32f10x_exti.o
                0x000000000800f778                EXTI_Init
 .text.EXTI_ClearFlag
                0x000000000800f8b0       0x20 ./libraries/STM32F10x_StdPeriph_Driver/src/stm32f10x_exti.o
                0x000000000800f8b0                EXTI_ClearFlag
 .text.EXTI_GetITStatus
                0x000000000800f8d0       0x58 ./libraries/STM32F10x_StdPeriph_Driver/src/stm32f10x_exti.o
                0x000000000800f8d0                EXTI_GetITStatus
 .text.FLASH_Unlock
                0x000000000800f928       0x30 ./libraries/STM32F10x_StdPeriph_Driver/src/stm32f10x_flash.o
                0x000000000800f928                FLASH_Unlock
 .text.FLASH_Lock
                0x000000000800f958       0x24 ./libraries/STM32F10x_StdPeriph_Driver/src/stm32f10x_flash.o
                0x000000000800f958                FLASH_Lock
 .text.FLASH_ErasePage
                0x000000000800f97c       0x90 ./libraries/STM32F10x_StdPeriph_Driver/src/stm32f10x_flash.o
                0x000000000800f97c                FLASH_ErasePage
 .text.FLASH_ProgramHalfWord
                0x000000000800fa0c       0x74 ./libraries/STM32F10x_StdPeriph_Driver/src/stm32f10x_flash.o
                0x000000000800fa0c                FLASH_ProgramHalfWord
 .text.FLASH_ClearFlag
                0x000000000800fa80       0x20 ./libraries/STM32F10x_StdPeriph_Driver/src/stm32f10x_flash.o
                0x000000000800fa80                FLASH_ClearFlag
 .text.FLASH_GetBank1Status
                0x000000000800faa0       0x70 ./libraries/STM32F10x_StdPeriph_Driver/src/stm32f10x_flash.o
                0x000000000800faa0                FLASH_GetBank1Status
 .text.FLASH_WaitForLastOperation
                0x000000000800fb10       0x4c ./libraries/STM32F10x_StdPeriph_Driver/src/stm32f10x_flash.o
                0x000000000800fb10                FLASH_WaitForLastOperation
 .text.GPIO_Init
                0x000000000800fb5c      0x1b0 ./libraries/STM32F10x_StdPeriph_Driver/src/stm32f10x_gpio.o
                0x000000000800fb5c                GPIO_Init
 .text.GPIO_ReadInputDataBit
                0x000000000800fd0c       0x3c ./libraries/STM32F10x_StdPeriph_Driver/src/stm32f10x_gpio.o
                0x000000000800fd0c                GPIO_ReadInputDataBit
 .text.GPIO_SetBits
                0x000000000800fd48       0x1c ./libraries/STM32F10x_StdPeriph_Driver/src/stm32f10x_gpio.o
                0x000000000800fd48                GPIO_SetBits
 .text.GPIO_ResetBits
                0x000000000800fd64       0x1c ./libraries/STM32F10x_StdPeriph_Driver/src/stm32f10x_gpio.o
                0x000000000800fd64                GPIO_ResetBits
 .text.GPIO_EXTILineConfig
                0x000000000800fd80       0xb0 ./libraries/STM32F10x_StdPeriph_Driver/src/stm32f10x_gpio.o
                0x000000000800fd80                GPIO_EXTILineConfig
 .text.PWR_BackupAccessCmd
                0x000000000800fe30       0x20 ./libraries/STM32F10x_StdPeriph_Driver/src/stm32f10x_pwr.o
                0x000000000800fe30                PWR_BackupAccessCmd
 .text.RCC_AHBPeriphClockCmd
                0x000000000800fe50       0x54 ./libraries/STM32F10x_StdPeriph_Driver/src/stm32f10x_rcc.o
                0x000000000800fe50                RCC_AHBPeriphClockCmd
 .text.RCC_APB2PeriphClockCmd
                0x000000000800fea4       0x54 ./libraries/STM32F10x_StdPeriph_Driver/src/stm32f10x_rcc.o
                0x000000000800fea4                RCC_APB2PeriphClockCmd
 .text.RCC_APB1PeriphClockCmd
                0x000000000800fef8       0x54 ./libraries/STM32F10x_StdPeriph_Driver/src/stm32f10x_rcc.o
                0x000000000800fef8                RCC_APB1PeriphClockCmd
 .text.SPI_Init
                0x000000000800ff4c       0x88 ./libraries/STM32F10x_StdPeriph_Driver/src/stm32f10x_spi.o
                0x000000000800ff4c                SPI_Init
 .text.SPI_Cmd  0x000000000800ffd4       0x40 ./libraries/STM32F10x_StdPeriph_Driver/src/stm32f10x_spi.o
                0x000000000800ffd4                SPI_Cmd
 .text.SPI_I2S_DMACmd
                0x0000000008010014       0x48 ./libraries/STM32F10x_StdPeriph_Driver/src/stm32f10x_spi.o
                0x0000000008010014                SPI_I2S_DMACmd
 .text.SPI_I2S_GetFlagStatus
                0x000000000801005c       0x40 ./libraries/STM32F10x_StdPeriph_Driver/src/stm32f10x_spi.o
                0x000000000801005c                SPI_I2S_GetFlagStatus
 .text.TIM_TimeBaseInit
                0x000000000801009c      0x11c ./libraries/STM32F10x_StdPeriph_Driver/src/stm32f10x_tim.o
                0x000000000801009c                TIM_TimeBaseInit
 .text.TIM_TimeBaseStructInit
                0x00000000080101b8       0x3c ./libraries/STM32F10x_StdPeriph_Driver/src/stm32f10x_tim.o
                0x00000000080101b8                TIM_TimeBaseStructInit
 .text.TIM_Cmd  0x00000000080101f4       0x40 ./libraries/STM32F10x_StdPeriph_Driver/src/stm32f10x_tim.o
                0x00000000080101f4                TIM_Cmd
 .text.TIM_ITConfig
                0x0000000008010234       0x48 ./libraries/STM32F10x_StdPeriph_Driver/src/stm32f10x_tim.o
                0x0000000008010234                TIM_ITConfig
 .text.TIM_SelectOnePulseMode
                0x000000000801027c       0x38 ./libraries/STM32F10x_StdPeriph_Driver/src/stm32f10x_tim.o
                0x000000000801027c                TIM_SelectOnePulseMode
 .text.TIM_GetITStatus
                0x00000000080102b4       0x60 ./libraries/STM32F10x_StdPeriph_Driver/src/stm32f10x_tim.o
                0x00000000080102b4                TIM_GetITStatus
 .text.TIM_ClearITPendingBit
                0x0000000008010314       0x24 ./libraries/STM32F10x_StdPeriph_Driver/src/stm32f10x_tim.o
                0x0000000008010314                TIM_ClearITPendingBit
 .text.UINT32_TO_STREAM_f
                0x0000000008010338       0x64 ./libraries/CC3000_Host_Driver/cc3000_common.o
                0x0000000008010338                UINT32_TO_STREAM_f
 .text.UINT16_TO_STREAM_f
                0x000000000801039c       0x40 ./libraries/CC3000_Host_Driver/cc3000_common.o
                0x000000000801039c                UINT16_TO_STREAM_f
 .text.STREAM_TO_UINT16_f
                0x00000000080103dc       0x38 ./libraries/CC3000_Host_Driver/cc3000_common.o
                0x00000000080103dc                STREAM_TO_UINT16_f
 .text.STREAM_TO_UINT32_f
                0x0000000008010414       0x58 ./libraries/CC3000_Host_Driver/cc3000_common.o
                0x0000000008010414                STREAM_TO_UINT32_f
 .text.hci_unsol_handle_patch_request
                0x000000000801046c      0x158 ./libraries/CC3000_Host_Driver/evnt_handler.o
                0x000000000801046c                hci_unsol_handle_patch_request
 .text.hci_event_handler
                0x00000000080105c4      0x5dc ./libraries/CC3000_Host_Driver/evnt_handler.o
                0x00000000080105c4                hci_event_handler
 .text.hci_unsol_event_handler
                0x0000000008010ba0      0x338 ./libraries/CC3000_Host_Driver/evnt_handler.o
                0x0000000008010ba0                hci_unsol_event_handler
 .text.hci_unsolicited_event_handler
                0x0000000008010ed8       0x60 ./libraries/CC3000_Host_Driver/evnt_handler.o
                0x0000000008010ed8                hci_unsolicited_event_handler
 .text.set_socket_active_status
                0x0000000008010f38       0x74 ./libraries/CC3000_Host_Driver/evnt_handler.o
                0x0000000008010f38                set_socket_active_status
 .text.hci_event_unsol_flowcontrol_handler
                0x0000000008010fac       0xa4 ./libraries/CC3000_Host_Driver/evnt_handler.o
 .text.get_socket_active_status
                0x0000000008011050       0x48 ./libraries/CC3000_Host_Driver/evnt_handler.o
                0x0000000008011050                get_socket_active_status
 .text.update_socket_active_status
                0x0000000008011098       0x40 ./libraries/CC3000_Host_Driver/evnt_handler.o
 .text.SimpleLinkWaitEvent
                0x00000000080110d8       0x30 ./libraries/CC3000_Host_Driver/evnt_handler.o
                0x00000000080110d8                SimpleLinkWaitEvent
 .text.SimpleLinkWaitData
                0x0000000008011108       0x2c ./libraries/CC3000_Host_Driver/evnt_handler.o
                0x0000000008011108                SimpleLinkWaitData
 .text.hci_command_send
                0x0000000008011134       0x64 ./libraries/CC3000_Host_Driver/hci.o
                0x0000000008011134                hci_command_send
 .text.hci_data_send
                0x0000000008011198       0x88 ./libraries/CC3000_Host_Driver/hci.o
                0x0000000008011198                hci_data_send
 .text.hci_patch_send
                0x0000000008011220      0x15c ./libraries/CC3000_Host_Driver/hci.o
                0x0000000008011220                hci_patch_send
 .text.netapp_timeout_values
                0x000000000801137c       0xec ./libraries/CC3000_Host_Driver/netapp.o
                0x000000000801137c                netapp_timeout_values
 .text.nvmem_read_sp_version
                0x0000000008011468       0x4c ./libraries/CC3000_Host_Driver/nvmem.o
                0x0000000008011468                nvmem_read_sp_version
 .text.HostFlowControlConsumeBuff
                0x00000000080114b4       0x8c ./libraries/CC3000_Host_Driver/socket.o
                0x00000000080114b4                HostFlowControlConsumeBuff
 .text.socket   0x0000000008011540       0x88 ./libraries/CC3000_Host_Driver/socket.o
                0x0000000008011540                socket
 .text.closesocket
                0x00000000080115c8       0x6c ./libraries/CC3000_Host_Driver/socket.o
                0x00000000080115c8                closesocket
 .text.connect  0x0000000008011634       0xac ./libraries/CC3000_Host_Driver/socket.o
                0x0000000008011634                connect
 .text.select   0x00000000080116e0      0x194 ./libraries/CC3000_Host_Driver/socket.o
                0x00000000080116e0                select
 .text.simple_link_recv
                0x0000000008011874       0x8c ./libraries/CC3000_Host_Driver/socket.o
                0x0000000008011874                simple_link_recv
 .text.recv     0x0000000008011900       0x38 ./libraries/CC3000_Host_Driver/socket.o
                0x0000000008011900                recv
 .text.simple_link_send
                0x0000000008011938      0x174 ./libraries/CC3000_Host_Driver/socket.o
                0x0000000008011938                simple_link_send
 .text.send     0x0000000008011aac       0x38 ./libraries/CC3000_Host_Driver/socket.o
                0x0000000008011aac                send
 .text.SimpleLink_Init_Start
                0x0000000008011ae4       0x5c ./libraries/CC3000_Host_Driver/wlan.o
 .text.wlan_init
                0x0000000008011b40       0x88 ./libraries/CC3000_Host_Driver/wlan.o
                0x0000000008011b40                wlan_init
 .text.SpiReceiveHandler
                0x0000000008011bc8       0x30 ./libraries/CC3000_Host_Driver/wlan.o
                0x0000000008011bc8                SpiReceiveHandler
 .text.wlan_start
                0x0000000008011bf8      0x14c ./libraries/CC3000_Host_Driver/wlan.o
                0x0000000008011bf8                wlan_start
 .text.wlan_connect
                0x0000000008011d44      0x194 ./libraries/CC3000_Host_Driver/wlan.o
                0x0000000008011d44                wlan_connect
 .text.wlan_ioctl_set_connection_policy
                0x0000000008011ed8       0x6c ./libraries/CC3000_Host_Driver/wlan.o
                0x0000000008011ed8                wlan_ioctl_set_connection_policy
 .text.wlan_ioctl_del_profile
                0x0000000008011f44       0x54 ./libraries/CC3000_Host_Driver/wlan.o
                0x0000000008011f44                wlan_ioctl_del_profile
 .text.wlan_set_event_mask
                0x0000000008011f98       0xac ./libraries/CC3000_Host_Driver/wlan.o
                0x0000000008011f98                wlan_set_event_mask
 .text.wlan_smart_config_start
                0x0000000008012044       0x5c ./libraries/CC3000_Host_Driver/wlan.o
                0x0000000008012044                wlan_smart_config_start
 .text.__errno  0x00000000080120a0        0xc /usr/local/gcc-arm-none-eabi-4_7-2013q1/bin/../lib/gcc/arm-none-eabi/4.7.3/../../../../arm-none-eabi/lib/armv7-m/libg.a(lib_a-errno.o)
                0x00000000080120a0                __errno
 .text.memcpy   0x00000000080120ac      0x15c /usr/local/gcc-arm-none-eabi-4_7-2013q1/bin/../lib/gcc/arm-none-eabi/4.7.3/../../../../arm-none-eabi/lib/armv7-m/libg.a(lib_a-memcpy.o)
                0x00000000080120ac                memcpy
 .text.memset   0x0000000008012208      0x12c /usr/local/gcc-arm-none-eabi-4_7-2013q1/bin/../lib/gcc/arm-none-eabi/4.7.3/../../../../arm-none-eabi/lib/armv7-m/libg.a(lib_a-memset.o)
                0x0000000008012208                memset
 .text.strchr   0x0000000008012334       0xfc /usr/local/gcc-arm-none-eabi-4_7-2013q1/bin/../lib/gcc/arm-none-eabi/4.7.3/../../../../arm-none-eabi/lib/armv7-m/libg.a(lib_a-strchr.o)
                0x0000000008012334                strchr
 .text.strcmp   0x0000000008012430       0x80 /usr/local/gcc-arm-none-eabi-4_7-2013q1/bin/../lib/gcc/arm-none-eabi/4.7.3/../../../../arm-none-eabi/lib/armv7-m/libg.a(lib_a-strcmp.o)
                0x0000000008012430                strcmp
 .text.strcmp_unaligned
                0x00000000080124b0      0x15c /usr/local/gcc-arm-none-eabi-4_7-2013q1/bin/../lib/gcc/arm-none-eabi/4.7.3/../../../../arm-none-eabi/lib/armv7-m/libg.a(lib_a-strcmp.o)
 .text.strlen   0x000000000801260c       0x60 /usr/local/gcc-arm-none-eabi-4_7-2013q1/bin/../lib/gcc/arm-none-eabi/4.7.3/../../../../arm-none-eabi/lib/armv7-m/libg.a(lib_a-strlen.o)
                0x000000000801260c                strlen
 .text.strncmp  0x000000000801266c      0x120 /usr/local/gcc-arm-none-eabi-4_7-2013q1/bin/../lib/gcc/arm-none-eabi/4.7.3/../../../../arm-none-eabi/lib/armv7-m/libg.a(lib_a-strncmp.o)
                0x000000000801266c                strncmp
 *(.rodata)
 .rodata        0x000000000801278c       0x58 ./src/hw_config.o
                0x000000000801278c                DIO_PIN
                0x000000000801279c                DIO_CLK
                0x00000000080127bc                LED_PIN
                0x00000000080127c0                LED_CLK
                0x00000000080127c8                BUTTON_PIN
                0x00000000080127cc                BUTTON_CLK
                0x00000000080127d4                BUTTON_EXTI_LINE
                0x00000000080127d8                BUTTON_PORT_SOURCE
                0x00000000080127dc                BUTTON_PIN_SOURCE
                0x00000000080127e0                BUTTON_IRQn
 .rodata        0x00000000080127e4       0x10 ./src/main.o
 .rodata        0x00000000080127f4       0x44 ./src/spark_utilities.o
                0x00000000080127f4                Device_Secret
                0x00000000080127fc                Device_Name
                0x0000000008012804                Device_Ok
                0x0000000008012808                Device_Fail
                0x0000000008012810                Device_CRLF
                0x0000000008012814                API_Alive
                0x000000000801281c                API_Who
                0x0000000008012820                API_UserFunc
                0x000000000801282c                API_Callback
 .rodata        0x0000000008012838       0xb8 ./src/usb_desc.o
                0x0000000008012838                Virtual_Com_Port_DeviceDescriptor
                0x000000000801284c                Virtual_Com_Port_ConfigDescriptor
                0x0000000008012890                Virtual_Com_Port_StringLangID
                0x0000000008012894                Virtual_Com_Port_StringVendor
                0x00000000080128bc                Virtual_Com_Port_StringProduct
 *(.rodata*)
 .rodata.str1.4
                0x00000000080128f0        0x4 /usr/local/gcc-arm-none-eabi-4_7-2013q1/bin/../lib/gcc/arm-none-eabi/4.7.3/../../../../arm-none-eabi/lib/armv7-m/libg.a(lib_a-impure.o)
 *(.glue_7)
 .glue_7        0x0000000000000000        0x0 linker stubs
 *(.glue_7t)
 .glue_7t       0x0000000000000000        0x0 linker stubs
                0x00000000080128f4                . = ALIGN (0x4)
                0x00000000080128f4                _etext = .
                0x00000000080128f4                _sidata = _etext

.vfp11_veneer   0x00000000080128f4        0x0
 .vfp11_veneer  0x0000000000000000        0x0 linker stubs

.v4_bx          0x00000000080128f4        0x0
 .v4_bx         0x0000000000000000        0x0 linker stubs

.iplt           0x00000000080128f4        0x0
 .iplt          0x0000000000000000        0x0 ./startup/startup_stm32f10x_md.o

.rel.dyn        0x00000000080128f4        0x0
 .rel.iplt      0x0000000000000000        0x0 ./startup/startup_stm32f10x_md.o

.data           0x0000000020000000      0x594 load address 0x00000000080128f4
                0x0000000020000000                . = ALIGN (0x4)
                0x0000000020000000                _sdata = .
 *(.data)
 .data          0x0000000020000000        0x8 ./src/cc3000_spi.o
                0x0000000020000000                tSpiReadHeader
 .data          0x0000000020000008       0x3c ./src/hw_config.o
                0x0000000020000008                DIO_PORT
                0x0000000020000028                LED_PORT
                0x0000000020000030                BUTTON_PORT
                0x0000000020000038                BUTTON_GPIO_MODE
                0x000000002000003c                BUTTON_EXTI_TRIGGER
                0x0000000020000040                USB_USART_BaudRate
 .data          0x0000000020000044        0x6 ./src/main.o
                0x0000000020000044                WLAN_MANUAL_CONNECT
                0x0000000020000046                NetApp_Timeout_SysFlag
                0x0000000020000048                Smart_Config_SysFlag
 *fill*         0x000000002000004a        0x2 00
 .data          0x000000002000004c       0x1c ./src/spark_utilities.o
                0x000000002000004c                High_Dx
                0x0000000020000054                Low_Dx
                0x000000002000005c                digits
 .data          0x0000000020000068       0x14 ./src/system_stm32f10x.o
                0x0000000020000068                SystemCoreClock
                0x000000002000006c                AHBPrescTable
 .data          0x000000002000007c       0x1c ./src/usb_desc.o
                0x000000002000007c                Virtual_Com_Port_StringSerial
 .data          0x0000000020000098       0x38 ./src/usb_istr.o
                0x0000000020000098                pEpInt_IN
                0x00000000200000b4                pEpInt_OUT
 .data          0x00000000200000d0       0x90 ./src/usb_prop.o
                0x00000000200000d0                linecoding
                0x00000000200000d8                Device_Table
                0x00000000200000dc                Device_Property
                0x000000002000010c                User_Standard_Requests
                0x0000000020000130                Device_Descriptor
                0x0000000020000138                Config_Descriptor
                0x0000000020000140                String_Descriptor
 .data          0x0000000020000160        0x4 ./libraries/CC3000_Host_Driver/evnt_handler.o
                0x0000000020000160                socket_active_status
 *(.data.*)
 *fill*         0x0000000020000164        0x4 00
 .data.impure_data
                0x0000000020000168      0x428 /usr/local/gcc-arm-none-eabi-4_7-2013q1/bin/../lib/gcc/arm-none-eabi/4.7.3/../../../../arm-none-eabi/lib/armv7-m/libg.a(lib_a-impure.o)
 .data._impure_ptr
                0x0000000020000590        0x4 /usr/local/gcc-arm-none-eabi-4_7-2013q1/bin/../lib/gcc/arm-none-eabi/4.7.3/../../../../arm-none-eabi/lib/armv7-m/libg.a(lib_a-impure.o)
                0x0000000020000590                _impure_ptr
                0x0000000020000594                . = ALIGN (0x4)
                0x0000000020000594                _edata = .

.igot.plt       0x0000000020000594        0x0 load address 0x0000000008012e88
 .igot.plt      0x0000000000000000        0x0 ./startup/startup_stm32f10x_md.o

.bss            0x0000000020000594      0xcb0 load address 0x0000000008012e88
                0x0000000020000594                . = ALIGN (0x4)
                0x0000000020000594                _sbss = .
 *(.bss)
 .bss           0x0000000020000594       0x18 ./src/hw_config.o
                0x0000000020000594                BUTTON_DEBOUNCED
                0x0000000020000598                USART_Rx_ptr_in
                0x000000002000059c                USART_Rx_ptr_out
                0x00000000200005a0                USART_Rx_length
                0x00000000200005a4                USB_Rx_length
                0x00000000200005a6                USB_Rx_ptr
                0x00000000200005a8                USB_Tx_State
                0x00000000200005a9                USB_Rx_State
 .bss           0x00000000200005ac        0x1 ./src/main.o
 *fill*         0x00000000200005ad        0x3 00
 .bss           0x00000000200005b0        0x4 ./src/spark_utilities.o
                0x00000000200005b0                total_bytes_received
 .bss           0x00000000200005b4        0x4 ./src/usb_endp.o
 .bss           0x00000000200005b8        0x1 ./src/usb_istr.o
                0x00000000200005b8                bIntPackSOF
 .bss           0x00000000200005b9        0x1 ./src/usb_prop.o
                0x00000000200005b9                Request
 *fill*         0x00000000200005ba        0x2 00
 .bss           0x00000000200005bc        0x4 ./src/usb_pwr.o
                0x00000000200005bc                bDeviceState
 .bss           0x00000000200005c0        0x1 ./libraries/STM32_USB-FS-Device_Driver/src/usb_core.o
                0x00000000200005c0                Data_Mul_MaxPacketSize
 *(COMMON)
 *fill*         0x00000000200005c1        0x3 00
 COMMON         0x00000000200005c4      0x814 ./src/cc3000_spi.o
                0x00000000200005c4                sSpiInformation
                0x00000000200005d8                wlan_tx_buffer
                0x00000000200009d8                wlan_rx_buffer
 COMMON         0x0000000020000dd8      0x140 ./src/hw_config.o
                0x0000000020000dd8                USB_Rx_Buffer
                0x0000000020000e18                USART_Rx_Buffer
 COMMON         0x0000000020000f18       0x30 ./src/main.o
                0x0000000020000f18                WLAN_CAN_SHUTDOWN
                0x0000000020000f19                WLAN_CONNECTED
                0x0000000020000f1a                WLAN_SMART_CONFIG_START
                0x0000000020000f1c                patchVer
                0x0000000020000f1e                SPARK_SOCKET_CONNECTED
                0x0000000020000f20                TimingLED1
                0x0000000020000f24                WLAN_SMART_CONFIG_DONE
                0x0000000020000f28                TimingDelay
                0x0000000020000f2c                TimingBUTTON1
                0x0000000020000f30                SPARK_DEVICE_ACKED
                0x0000000020000f31                SPARK_SOCKET_ALIVE
                0x0000000020000f34                TimingSparkAliveTimeout
                0x0000000020000f38                WLAN_DHCP
                0x0000000020000f3c                TimingLED2
                0x0000000020000f40                TimingSparkProcessAPI
                0x0000000020000f44                TimingMillis
 COMMON         0x0000000020000f48      0x224 ./src/spark_utilities.o
                0x0000000020000f48                readSet
                0x0000000020000f4c                sparkSocket
                0x0000000020000f50                pUserFunction
                0x0000000020000f54                recvBuff
                0x0000000020001054                tSocketAddr
                0x0000000020001064                timeout
                0x000000002000106c                userBuff
 COMMON         0x000000002000116c        0x2 ./src/usb_istr.o
                0x000000002000116c                wIstr
 *fill*         0x000000002000116e        0x2 00
 COMMON         0x0000000020001170        0x2 ./libraries/STM32_USB-FS-Device_Driver/src/usb_core.o
                0x0000000020001170                StatusInfo
 *fill*         0x0000000020001172        0x2 00
 COMMON         0x0000000020001174       0x32 ./libraries/STM32_USB-FS-Device_Driver/src/usb_init.o
                0x0000000020001174                SaveState
                0x0000000020001178                pProperty
                0x000000002000117c                EPindex
                0x0000000020001180                Device_Info
                0x000000002000119c                pUser_Standard_Requests
                0x00000000200011a0                pInformation
                0x00000000200011a4                wInterrupt_Mask
 COMMON         0x00000000200011a6        0x4 ./libraries/STM32_USB-FS-Device_Driver/src/usb_int.o
                0x00000000200011a6                SaveRState
                0x00000000200011a8                SaveTState
 *fill*         0x00000000200011aa        0x2 00
 COMMON         0x00000000200011ac       0x98 ./libraries/CC3000_Host_Driver/wlan.o
                0x00000000200011ac                profileArray
                0x00000000200011f0                tSLInformation
                0x0000000020001234                key
                0x0000000020001244                . = ALIGN (0x4)
                0x0000000020001244                _ebss = .
                0x0000000020001244                PROVIDE (end, _ebss)
                0x0000000020001244                PROVIDE (_end, _ebss)

._usrstack      0x0000000020001244      0x100 load address 0x0000000008013b38
                0x0000000020001244                . = ALIGN (0x4)
                0x0000000020001244                _susrstack = .
                0x0000000020001344                . = (. + _Minimum_Stack_Size)
 *fill*         0x0000000020001244      0x100 00
                0x0000000020001344                . = ALIGN (0x4)
                0x0000000020001344                _eusrstack = .

.b1text
 *(.b1text)
 *(.b1rodata)
 *(.b1rodata*)

.eb0text
 *(.eb0text)
 *(.eb0rodata)
 *(.eb0rodata*)

.eb1text
 *(.eb1text)
 *(.eb1rodata)
 *(.eb1rodata*)

.eb2text
 *(.eb2text)
 *(.eb2rodata)
 *(.eb2rodata*)

.eb3text
 *(.eb3text)
 *(.eb3rodata)
 *(.eb3rodata*)

DISCARD
 libc.a(*)
 libm.a(*)
 libgcc.a(*)

.stab
 *(.stab)

.stabstr
 *(.stabstr)

.stab.excl
 *(.stab.excl)

.stab.exclstr
 *(.stab.exclstr)

.stab.index
 *(.stab.index)

.stab.indexstr
 *(.stab.indexstr)

.comment        0x0000000000000000       0x70
 *(.comment)
 .comment       0x0000000000000000       0x70 ./src/application.o
                                         0x71 (size before relaxing)
 .comment       0x0000000000000000       0x71 ./src/cc3000_spi.o
 .comment       0x0000000000000000       0x71 ./src/hw_config.o
 .comment       0x0000000000000000       0x71 ./src/main.o
 .comment       0x0000000000000000       0x71 ./src/spark_utilities.o
 .comment       0x0000000000000000       0x71 ./src/stm32_it.o
 .comment       0x0000000000000000       0x71 ./src/system_stm32f10x.o
 .comment       0x0000000000000000       0x71 ./src/usb_desc.o
 .comment       0x0000000000000000       0x71 ./src/usb_endp.o
 .comment       0x0000000000000000       0x71 ./src/usb_istr.o
 .comment       0x0000000000000000       0x71 ./src/usb_prop.o
 .comment       0x0000000000000000       0x71 ./src/usb_pwr.o
 .comment       0x0000000000000000       0x71 ./libraries/STM32_USB-FS-Device_Driver/src/usb_core.o
 .comment       0x0000000000000000       0x71 ./libraries/STM32_USB-FS-Device_Driver/src/usb_init.o
 .comment       0x0000000000000000       0x71 ./libraries/STM32_USB-FS-Device_Driver/src/usb_int.o
 .comment       0x0000000000000000       0x71 ./libraries/STM32_USB-FS-Device_Driver/src/usb_mem.o
 .comment       0x0000000000000000       0x71 ./libraries/STM32_USB-FS-Device_Driver/src/usb_regs.o
 .comment       0x0000000000000000       0x71 ./libraries/STM32_USB-FS-Device_Driver/src/usb_sil.o
 .comment       0x0000000000000000       0x71 ./libraries/STM32F10x_StdPeriph_Driver/src/misc.o
 .comment       0x0000000000000000       0x71 ./libraries/STM32F10x_StdPeriph_Driver/src/stm32f10x_dma.o
 .comment       0x0000000000000000       0x71 ./libraries/STM32F10x_StdPeriph_Driver/src/stm32f10x_exti.o
 .comment       0x0000000000000000       0x71 ./libraries/STM32F10x_StdPeriph_Driver/src/stm32f10x_flash.o
 .comment       0x0000000000000000       0x71 ./libraries/STM32F10x_StdPeriph_Driver/src/stm32f10x_gpio.o
 .comment       0x0000000000000000       0x71 ./libraries/STM32F10x_StdPeriph_Driver/src/stm32f10x_pwr.o
 .comment       0x0000000000000000       0x71 ./libraries/STM32F10x_StdPeriph_Driver/src/stm32f10x_rcc.o
 .comment       0x0000000000000000       0x71 ./libraries/STM32F10x_StdPeriph_Driver/src/stm32f10x_spi.o
 .comment       0x0000000000000000       0x71 ./libraries/STM32F10x_StdPeriph_Driver/src/stm32f10x_tim.o
 .comment       0x0000000000000000       0x71 ./libraries/CC3000_Host_Driver/cc3000_common.o
 .comment       0x0000000000000000       0x71 ./libraries/CC3000_Host_Driver/evnt_handler.o
 .comment       0x0000000000000000       0x71 ./libraries/CC3000_Host_Driver/hci.o
 .comment       0x0000000000000000       0x71 ./libraries/CC3000_Host_Driver/netapp.o
 .comment       0x0000000000000000       0x71 ./libraries/CC3000_Host_Driver/nvmem.o
 .comment       0x0000000000000000       0x71 ./libraries/CC3000_Host_Driver/socket.o
 .comment       0x0000000000000000       0x71 ./libraries/CC3000_Host_Driver/wlan.o

.ARM.attributes
                0x0000000000000000       0x2f
 .ARM.attributes
                0x0000000000000000       0x21 ./startup/startup_stm32f10x_md.o
 .ARM.attributes
                0x0000000000000021       0x33 ./src/application.o
 .ARM.attributes
                0x0000000000000054       0x33 ./src/cc3000_spi.o
 .ARM.attributes
                0x0000000000000087       0x33 ./src/hw_config.o
 .ARM.attributes
                0x00000000000000ba       0x33 ./src/main.o
 .ARM.attributes
                0x00000000000000ed       0x33 ./src/spark_utilities.o
 .ARM.attributes
                0x0000000000000120       0x33 ./src/stm32_it.o
 .ARM.attributes
                0x0000000000000153       0x33 ./src/system_stm32f10x.o
 .ARM.attributes
                0x0000000000000186       0x33 ./src/usb_desc.o
 .ARM.attributes
                0x00000000000001b9       0x33 ./src/usb_endp.o
 .ARM.attributes
                0x00000000000001ec       0x33 ./src/usb_istr.o
 .ARM.attributes
                0x000000000000021f       0x33 ./src/usb_prop.o
 .ARM.attributes
                0x0000000000000252       0x33 ./src/usb_pwr.o
 .ARM.attributes
                0x0000000000000285       0x33 ./libraries/STM32_USB-FS-Device_Driver/src/usb_core.o
 .ARM.attributes
                0x00000000000002b8       0x33 ./libraries/STM32_USB-FS-Device_Driver/src/usb_init.o
 .ARM.attributes
                0x00000000000002eb       0x33 ./libraries/STM32_USB-FS-Device_Driver/src/usb_int.o
 .ARM.attributes
                0x000000000000031e       0x33 ./libraries/STM32_USB-FS-Device_Driver/src/usb_mem.o
 .ARM.attributes
                0x0000000000000351       0x33 ./libraries/STM32_USB-FS-Device_Driver/src/usb_regs.o
 .ARM.attributes
                0x0000000000000384       0x33 ./libraries/STM32_USB-FS-Device_Driver/src/usb_sil.o
 .ARM.attributes
                0x00000000000003b7       0x33 ./libraries/STM32F10x_StdPeriph_Driver/src/misc.o
 .ARM.attributes
                0x00000000000003ea       0x33 ./libraries/STM32F10x_StdPeriph_Driver/src/stm32f10x_dma.o
 .ARM.attributes
                0x000000000000041d       0x33 ./libraries/STM32F10x_StdPeriph_Driver/src/stm32f10x_exti.o
 .ARM.attributes
                0x0000000000000450       0x33 ./libraries/STM32F10x_StdPeriph_Driver/src/stm32f10x_flash.o
 .ARM.attributes
                0x0000000000000483       0x33 ./libraries/STM32F10x_StdPeriph_Driver/src/stm32f10x_gpio.o
 .ARM.attributes
                0x00000000000004b6       0x33 ./libraries/STM32F10x_StdPeriph_Driver/src/stm32f10x_pwr.o
 .ARM.attributes
                0x00000000000004e9       0x33 ./libraries/STM32F10x_StdPeriph_Driver/src/stm32f10x_rcc.o
 .ARM.attributes
                0x000000000000051c       0x33 ./libraries/STM32F10x_StdPeriph_Driver/src/stm32f10x_spi.o
 .ARM.attributes
                0x000000000000054f       0x33 ./libraries/STM32F10x_StdPeriph_Driver/src/stm32f10x_tim.o
 .ARM.attributes
                0x0000000000000582       0x33 ./libraries/CC3000_Host_Driver/cc3000_common.o
 .ARM.attributes
                0x00000000000005b5       0x33 ./libraries/CC3000_Host_Driver/evnt_handler.o
 .ARM.attributes
                0x00000000000005e8       0x33 ./libraries/CC3000_Host_Driver/hci.o
 .ARM.attributes
                0x000000000000061b       0x33 ./libraries/CC3000_Host_Driver/netapp.o
 .ARM.attributes
                0x000000000000064e       0x33 ./libraries/CC3000_Host_Driver/nvmem.o
 .ARM.attributes
                0x0000000000000681       0x33 ./libraries/CC3000_Host_Driver/socket.o
 .ARM.attributes
                0x00000000000006b4       0x33 ./libraries/CC3000_Host_Driver/wlan.o
 .ARM.attributes
                0x00000000000006e7       0x2d /usr/local/gcc-arm-none-eabi-4_7-2013q1/bin/../lib/gcc/arm-none-eabi/4.7.3/../../../../arm-none-eabi/lib/armv7-m/libg.a(lib_a-errno.o)
 .ARM.attributes
                0x0000000000000714       0x2d /usr/local/gcc-arm-none-eabi-4_7-2013q1/bin/../lib/gcc/arm-none-eabi/4.7.3/../../../../arm-none-eabi/lib/armv7-m/libg.a(lib_a-impure.o)
 .ARM.attributes
                0x0000000000000741       0x2d /usr/local/gcc-arm-none-eabi-4_7-2013q1/bin/../lib/gcc/arm-none-eabi/4.7.3/../../../../arm-none-eabi/lib/armv7-m/libg.a(lib_a-memcpy.o)
 .ARM.attributes
                0x000000000000076e       0x2d /usr/local/gcc-arm-none-eabi-4_7-2013q1/bin/../lib/gcc/arm-none-eabi/4.7.3/../../../../arm-none-eabi/lib/armv7-m/libg.a(lib_a-memset.o)
 .ARM.attributes
                0x000000000000079b       0x2d /usr/local/gcc-arm-none-eabi-4_7-2013q1/bin/../lib/gcc/arm-none-eabi/4.7.3/../../../../arm-none-eabi/lib/armv7-m/libg.a(lib_a-strchr.o)
 .ARM.attributes
                0x00000000000007c8       0x2d /usr/local/gcc-arm-none-eabi-4_7-2013q1/bin/../lib/gcc/arm-none-eabi/4.7.3/../../../../arm-none-eabi/lib/armv7-m/libg.a(lib_a-strcmp.o)
 .ARM.attributes
                0x00000000000007f5       0x2d /usr/local/gcc-arm-none-eabi-4_7-2013q1/bin/../lib/gcc/arm-none-eabi/4.7.3/../../../../arm-none-eabi/lib/armv7-m/libg.a(lib_a-strlen.o)
 .ARM.attributes
                0x0000000000000822       0x2d /usr/local/gcc-arm-none-eabi-4_7-2013q1/bin/../lib/gcc/arm-none-eabi/4.7.3/../../../../arm-none-eabi/lib/armv7-m/libg.a(lib_a-strncmp.o)

.debug
 *(.debug)

.line
 *(.line)

.debug_srcinfo
 *(.debug_srcinfo)

.debug_sfnames
 *(.debug_sfnames)

.debug_aranges  0x0000000000000000     0x1320
 *(.debug_aranges)
 .debug_aranges
                0x0000000000000000       0x28 ./startup/startup_stm32f10x_md.o
 .debug_aranges
                0x0000000000000028       0x28 ./src/application.o
 .debug_aranges
                0x0000000000000050       0xa0 ./src/cc3000_spi.o
 .debug_aranges
                0x00000000000000f0      0x158 ./src/hw_config.o
 .debug_aranges
                0x0000000000000248       0x78 ./src/main.o
 .debug_aranges
                0x00000000000002c0       0x70 ./src/spark_utilities.o
 .debug_aranges
                0x0000000000000330       0x90 ./src/stm32_it.o
 .debug_aranges
                0x00000000000003c0       0x38 ./src/system_stm32f10x.o
 .debug_aranges
                0x00000000000003f8       0x18 ./src/usb_desc.o
 .debug_aranges
                0x0000000000000410       0x30 ./src/usb_endp.o
 .debug_aranges
                0x0000000000000440       0x20 ./src/usb_istr.o
 .debug_aranges
                0x0000000000000460       0x88 ./src/usb_prop.o
 .debug_aranges
                0x00000000000004e8       0x40 ./src/usb_pwr.o
 .debug_aranges
                0x0000000000000528       0xb0 ./libraries/STM32_USB-FS-Device_Driver/src/usb_core.o
 .debug_aranges
                0x00000000000005d8       0x20 ./libraries/STM32_USB-FS-Device_Driver/src/usb_init.o
 .debug_aranges
                0x00000000000005f8       0x28 ./libraries/STM32_USB-FS-Device_Driver/src/usb_int.o
 .debug_aranges
                0x0000000000000620       0x28 ./libraries/STM32_USB-FS-Device_Driver/src/usb_mem.o
 .debug_aranges
                0x0000000000000648      0x1f0 ./libraries/STM32_USB-FS-Device_Driver/src/usb_regs.o
 .debug_aranges
                0x0000000000000838       0x30 ./libraries/STM32_USB-FS-Device_Driver/src/usb_sil.o
 .debug_aranges
                0x0000000000000868       0x40 ./libraries/STM32F10x_StdPeriph_Driver/src/misc.o
 .debug_aranges
                0x00000000000008a8       0x70 ./libraries/STM32F10x_StdPeriph_Driver/src/stm32f10x_dma.o
 .debug_aranges
                0x0000000000000918       0x58 ./libraries/STM32F10x_StdPeriph_Driver/src/stm32f10x_exti.o
 .debug_aranges
                0x0000000000000970       0xf8 ./libraries/STM32F10x_StdPeriph_Driver/src/stm32f10x_flash.o
 .debug_aranges
                0x0000000000000a68       0xa8 ./libraries/STM32F10x_StdPeriph_Driver/src/stm32f10x_gpio.o
 .debug_aranges
                0x0000000000000b10       0x60 ./libraries/STM32F10x_StdPeriph_Driver/src/stm32f10x_pwr.o
 .debug_aranges
                0x0000000000000b70      0x118 ./libraries/STM32F10x_StdPeriph_Driver/src/stm32f10x_rcc.o
 .debug_aranges
                0x0000000000000c88       0xd0 ./libraries/STM32F10x_StdPeriph_Driver/src/stm32f10x_spi.o
 .debug_aranges
                0x0000000000000d58      0x2f0 ./libraries/STM32F10x_StdPeriph_Driver/src/stm32f10x_tim.o
 .debug_aranges
                0x0000000000001048       0x40 ./libraries/CC3000_Host_Driver/cc3000_common.o
 .debug_aranges
                0x0000000000001088       0x68 ./libraries/CC3000_Host_Driver/evnt_handler.o
 .debug_aranges
                0x00000000000010f0       0x38 ./libraries/CC3000_Host_Driver/hci.o
 .debug_aranges
                0x0000000000001128       0x58 ./libraries/CC3000_Host_Driver/netapp.o
 .debug_aranges
                0x0000000000001180       0x50 ./libraries/CC3000_Host_Driver/nvmem.o
 .debug_aranges
                0x00000000000011d0       0xa8 ./libraries/CC3000_Host_Driver/socket.o
 .debug_aranges
                0x0000000000001278       0xa8 ./libraries/CC3000_Host_Driver/wlan.o

.debug_pubnames
 *(.debug_pubnames)

.debug_info     0x0000000000000000     0xf945
 *(.debug_info .gnu.linkonce.wi.*)
 .debug_info    0x0000000000000000       0x69 ./startup/startup_stm32f10x_md.o
 .debug_info    0x0000000000000069       0xca ./src/application.o
 .debug_info    0x0000000000000133      0x967 ./src/cc3000_spi.o
 .debug_info    0x0000000000000a9a     0x1b39 ./src/hw_config.o
 .debug_info    0x00000000000025d3      0x6e6 ./src/main.o
 .debug_info    0x0000000000002cb9      0x794 ./src/spark_utilities.o
 .debug_info    0x000000000000344d      0x4e1 ./src/stm32_it.o
 .debug_info    0x000000000000392e      0x4c0 ./src/system_stm32f10x.o
 .debug_info    0x0000000000003dee      0x184 ./src/usb_desc.o
 .debug_info    0x0000000000003f72      0x1f0 ./src/usb_endp.o
 .debug_info    0x0000000000004162      0x28f ./src/usb_istr.o
 .debug_info    0x00000000000043f1      0x8cb ./src/usb_prop.o
 .debug_info    0x0000000000004cbc      0x2ec ./src/usb_pwr.o
 .debug_info    0x0000000000004fa8      0xc0e ./libraries/STM32_USB-FS-Device_Driver/src/usb_core.o
 .debug_info    0x0000000000005bb6      0x4a4 ./libraries/STM32_USB-FS-Device_Driver/src/usb_init.o
 .debug_info    0x000000000000605a      0x1f1 ./libraries/STM32_USB-FS-Device_Driver/src/usb_int.o
 .debug_info    0x000000000000624b      0x1c5 ./libraries/STM32_USB-FS-Device_Driver/src/usb_mem.o
 .debug_info    0x0000000000006410      0xdb7 ./libraries/STM32_USB-FS-Device_Driver/src/usb_regs.o
 .debug_info    0x00000000000071c7      0x180 ./libraries/STM32_USB-FS-Device_Driver/src/usb_sil.o
 .debug_info    0x0000000000007347      0x59a ./libraries/STM32F10x_StdPeriph_Driver/src/misc.o
 .debug_info    0x00000000000078e1      0x4b9 ./libraries/STM32F10x_StdPeriph_Driver/src/stm32f10x_dma.o
 .debug_info    0x0000000000007d9a      0x375 ./libraries/STM32F10x_StdPeriph_Driver/src/stm32f10x_exti.o
 .debug_info    0x000000000000810f      0x841 ./libraries/STM32F10x_StdPeriph_Driver/src/stm32f10x_flash.o
 .debug_info    0x0000000000008950      0x741 ./libraries/STM32F10x_StdPeriph_Driver/src/stm32f10x_gpio.o
 .debug_info    0x0000000000009091      0x4c2 ./libraries/STM32F10x_StdPeriph_Driver/src/stm32f10x_pwr.o
 .debug_info    0x0000000000009553      0x92d ./libraries/STM32F10x_StdPeriph_Driver/src/stm32f10x_rcc.o
 .debug_info    0x0000000000009e80      0x994 ./libraries/STM32F10x_StdPeriph_Driver/src/stm32f10x_spi.o
 .debug_info    0x000000000000a814     0x1e7f ./libraries/STM32F10x_StdPeriph_Driver/src/stm32f10x_tim.o
 .debug_info    0x000000000000c693      0x1a5 ./libraries/CC3000_Host_Driver/cc3000_common.o
 .debug_info    0x000000000000c838      0x8d6 ./libraries/CC3000_Host_Driver/evnt_handler.o
 .debug_info    0x000000000000d10e      0x26d ./libraries/CC3000_Host_Driver/hci.o
 .debug_info    0x000000000000d37b      0x633 ./libraries/CC3000_Host_Driver/netapp.o
 .debug_info    0x000000000000d9ae      0x524 ./libraries/CC3000_Host_Driver/nvmem.o
 .debug_info    0x000000000000ded2      0xe42 ./libraries/CC3000_Host_Driver/socket.o
 .debug_info    0x000000000000ed14      0xc31 ./libraries/CC3000_Host_Driver/wlan.o

.debug_abbrev   0x0000000000000000     0x3231
 *(.debug_abbrev)
 .debug_abbrev  0x0000000000000000       0x12 ./startup/startup_stm32f10x_md.o
 .debug_abbrev  0x0000000000000012       0x6a ./src/application.o
 .debug_abbrev  0x000000000000007c      0x254 ./src/cc3000_spi.o
 .debug_abbrev  0x00000000000002d0      0x3b8 ./src/hw_config.o
 .debug_abbrev  0x0000000000000688      0x22b ./src/main.o
 .debug_abbrev  0x00000000000008b3      0x202 ./src/spark_utilities.o
 .debug_abbrev  0x0000000000000ab5      0x123 ./src/stm32_it.o
 .debug_abbrev  0x0000000000000bd8      0x153 ./src/system_stm32f10x.o
 .debug_abbrev  0x0000000000000d2b       0x78 ./src/usb_desc.o
 .debug_abbrev  0x0000000000000da3       0xcc ./src/usb_endp.o
 .debug_abbrev  0x0000000000000e6f       0xff ./src/usb_istr.o
 .debug_abbrev  0x0000000000000f6e      0x20d ./src/usb_prop.o
 .debug_abbrev  0x000000000000117b      0x132 ./src/usb_pwr.o
 .debug_abbrev  0x00000000000012ad      0x290 ./libraries/STM32_USB-FS-Device_Driver/src/usb_core.o
 .debug_abbrev  0x000000000000153d      0x125 ./libraries/STM32_USB-FS-Device_Driver/src/usb_init.o
 .debug_abbrev  0x0000000000001662       0xd5 ./libraries/STM32_USB-FS-Device_Driver/src/usb_int.o
 .debug_abbrev  0x0000000000001737       0xa4 ./libraries/STM32_USB-FS-Device_Driver/src/usb_mem.o
 .debug_abbrev  0x00000000000017db      0x174 ./libraries/STM32_USB-FS-Device_Driver/src/usb_regs.o
 .debug_abbrev  0x000000000000194f       0xc2 ./libraries/STM32_USB-FS-Device_Driver/src/usb_sil.o
 .debug_abbrev  0x0000000000001a11      0x12e ./libraries/STM32F10x_StdPeriph_Driver/src/misc.o
 .debug_abbrev  0x0000000000001b3f      0x15c ./libraries/STM32F10x_StdPeriph_Driver/src/stm32f10x_dma.o
 .debug_abbrev  0x0000000000001c9b      0x158 ./libraries/STM32F10x_StdPeriph_Driver/src/stm32f10x_exti.o
 .debug_abbrev  0x0000000000001df3      0x192 ./libraries/STM32F10x_StdPeriph_Driver/src/stm32f10x_flash.o
 .debug_abbrev  0x0000000000001f85      0x1cf ./libraries/STM32F10x_StdPeriph_Driver/src/stm32f10x_gpio.o
 .debug_abbrev  0x0000000000002154      0x186 ./libraries/STM32F10x_StdPeriph_Driver/src/stm32f10x_pwr.o
 .debug_abbrev  0x00000000000022da      0x1c1 ./libraries/STM32F10x_StdPeriph_Driver/src/stm32f10x_rcc.o
 .debug_abbrev  0x000000000000249b      0x185 ./libraries/STM32F10x_StdPeriph_Driver/src/stm32f10x_spi.o
 .debug_abbrev  0x0000000000002620      0x1b7 ./libraries/STM32F10x_StdPeriph_Driver/src/stm32f10x_tim.o
 .debug_abbrev  0x00000000000027d7       0xa6 ./libraries/CC3000_Host_Driver/cc3000_common.o
 .debug_abbrev  0x000000000000287d      0x230 ./libraries/CC3000_Host_Driver/evnt_handler.o
 .debug_abbrev  0x0000000000002aad       0xb8 ./libraries/CC3000_Host_Driver/hci.o
 .debug_abbrev  0x0000000000002b65      0x1c6 ./libraries/CC3000_Host_Driver/netapp.o
 .debug_abbrev  0x0000000000002d2b      0x15e ./libraries/CC3000_Host_Driver/nvmem.o
 .debug_abbrev  0x0000000000002e89      0x19c ./libraries/CC3000_Host_Driver/socket.o
 .debug_abbrev  0x0000000000003025      0x20c ./libraries/CC3000_Host_Driver/wlan.o

.debug_line     0x0000000000000000     0xf424
 *(.debug_line)
 .debug_line    0x0000000000000000       0x7d ./startup/startup_stm32f10x_md.o
 .debug_line    0x000000000000007d      0x4c9 ./src/application.o
 .debug_line    0x0000000000000546      0x858 ./src/cc3000_spi.o
 .debug_line    0x0000000000000d9e      0xaf8 ./src/hw_config.o
 .debug_line    0x0000000000001896      0x8a1 ./src/main.o
 .debug_line    0x0000000000002137      0x7a0 ./src/spark_utilities.o
 .debug_line    0x00000000000028d7      0x7db ./src/stm32_it.o
 .debug_line    0x00000000000030b2      0x52a ./src/system_stm32f10x.o
 .debug_line    0x00000000000035dc      0x656 ./src/usb_desc.o
 .debug_line    0x0000000000003c32      0x6bb ./src/usb_endp.o
 .debug_line    0x00000000000042ed      0x68e ./src/usb_istr.o
 .debug_line    0x000000000000497b      0x7ab ./src/usb_prop.o
 .debug_line    0x0000000000005126      0x6e8 ./src/usb_pwr.o
 .debug_line    0x000000000000580e      0x9b5 ./libraries/STM32_USB-FS-Device_Driver/src/usb_core.o
 .debug_line    0x00000000000061c3      0x683 ./libraries/STM32_USB-FS-Device_Driver/src/usb_init.o
 .debug_line    0x0000000000006846      0x765 ./libraries/STM32_USB-FS-Device_Driver/src/usb_int.o
 .debug_line    0x0000000000006fab      0x6d7 ./libraries/STM32_USB-FS-Device_Driver/src/usb_mem.o
 .debug_line    0x0000000000007682      0xc17 ./libraries/STM32_USB-FS-Device_Driver/src/usb_regs.o
 .debug_line    0x0000000000008299      0x6a9 ./libraries/STM32_USB-FS-Device_Driver/src/usb_sil.o
 .debug_line    0x0000000000008942      0x510 ./libraries/STM32F10x_StdPeriph_Driver/src/misc.o
 .debug_line    0x0000000000008e52      0x5c6 ./libraries/STM32F10x_StdPeriph_Driver/src/stm32f10x_dma.o
 .debug_line    0x0000000000009418      0x566 ./libraries/STM32F10x_StdPeriph_Driver/src/stm32f10x_exti.o
 .debug_line    0x000000000000997e      0x79a ./libraries/STM32F10x_StdPeriph_Driver/src/stm32f10x_flash.o
 .debug_line    0x000000000000a118      0x671 ./libraries/STM32F10x_StdPeriph_Driver/src/stm32f10x_gpio.o
 .debug_line    0x000000000000a789      0x578 ./libraries/STM32F10x_StdPeriph_Driver/src/stm32f10x_pwr.o
 .debug_line    0x000000000000ad01      0x780 ./libraries/STM32F10x_StdPeriph_Driver/src/stm32f10x_rcc.o
 .debug_line    0x000000000000b481      0x6d2 ./libraries/STM32F10x_StdPeriph_Driver/src/stm32f10x_spi.o
 .debug_line    0x000000000000bb53      0xd58 ./libraries/STM32F10x_StdPeriph_Driver/src/stm32f10x_tim.o
 .debug_line    0x000000000000c8ab      0x37f ./libraries/CC3000_Host_Driver/cc3000_common.o
 .debug_line    0x000000000000cc2a      0x8ee ./libraries/CC3000_Host_Driver/evnt_handler.o
 .debug_line    0x000000000000d518      0x6f5 ./libraries/CC3000_Host_Driver/hci.o
 .debug_line    0x000000000000dc0d      0x451 ./libraries/CC3000_Host_Driver/netapp.o
 .debug_line    0x000000000000e05e      0x413 ./libraries/CC3000_Host_Driver/nvmem.o
 .debug_line    0x000000000000e471      0x600 ./libraries/CC3000_Host_Driver/socket.o
 .debug_line    0x000000000000ea71      0x9b3 ./libraries/CC3000_Host_Driver/wlan.o

.debug_frame    0x0000000000000000     0x3d3c
 *(.debug_frame)
 .debug_frame   0x0000000000000000       0x48 ./src/application.o
 .debug_frame   0x0000000000000048      0x210 ./src/cc3000_spi.o
 .debug_frame   0x0000000000000258      0x4cc ./src/hw_config.o
 .debug_frame   0x0000000000000724      0x170 ./src/main.o
 .debug_frame   0x0000000000000894      0x16c ./src/spark_utilities.o
 .debug_frame   0x0000000000000a00      0x1b4 ./src/stm32_it.o
 .debug_frame   0x0000000000000bb4       0x80 ./src/system_stm32f10x.o
 .debug_frame   0x0000000000000c34       0x68 ./src/usb_endp.o
 .debug_frame   0x0000000000000c9c       0x2c ./src/usb_istr.o
 .debug_frame   0x0000000000000cc8      0x1a8 ./src/usb_prop.o
 .debug_frame   0x0000000000000e70       0xac ./src/usb_pwr.o
 .debug_frame   0x0000000000000f1c      0x264 ./libraries/STM32_USB-FS-Device_Driver/src/usb_core.o
 .debug_frame   0x0000000000001180       0x2c ./libraries/STM32_USB-FS-Device_Driver/src/usb_init.o
 .debug_frame   0x00000000000011ac       0x54 ./libraries/STM32_USB-FS-Device_Driver/src/usb_int.o
 .debug_frame   0x0000000000001200       0x48 ./libraries/STM32_USB-FS-Device_Driver/src/usb_mem.o
 .debug_frame   0x0000000000001248      0x698 ./libraries/STM32_USB-FS-Device_Driver/src/usb_regs.o
 .debug_frame   0x00000000000018e0       0x6c ./libraries/STM32_USB-FS-Device_Driver/src/usb_sil.o
 .debug_frame   0x000000000000194c       0x9c ./libraries/STM32F10x_StdPeriph_Driver/src/misc.o
 .debug_frame   0x00000000000019e8      0x144 ./libraries/STM32F10x_StdPeriph_Driver/src/stm32f10x_dma.o
 .debug_frame   0x0000000000001b2c       0xf0 ./libraries/STM32F10x_StdPeriph_Driver/src/stm32f10x_exti.o
 .debug_frame   0x0000000000001c1c      0x350 ./libraries/STM32F10x_StdPeriph_Driver/src/stm32f10x_flash.o
 .debug_frame   0x0000000000001f6c      0x210 ./libraries/STM32F10x_StdPeriph_Driver/src/stm32f10x_gpio.o
 .debug_frame   0x000000000000217c      0x10c ./libraries/STM32F10x_StdPeriph_Driver/src/stm32f10x_pwr.o
 .debug_frame   0x0000000000002288      0x394 ./libraries/STM32F10x_StdPeriph_Driver/src/stm32f10x_rcc.o
 .debug_frame   0x000000000000261c      0x29c ./libraries/STM32F10x_StdPeriph_Driver/src/stm32f10x_spi.o
 .debug_frame   0x00000000000028b8      0xa20 ./libraries/STM32F10x_StdPeriph_Driver/src/stm32f10x_tim.o
 .debug_frame   0x00000000000032d8       0x9c ./libraries/CC3000_Host_Driver/cc3000_common.o
 .debug_frame   0x0000000000003374      0x150 ./libraries/CC3000_Host_Driver/evnt_handler.o
 .debug_frame   0x00000000000034c4       0x90 ./libraries/CC3000_Host_Driver/hci.o
 .debug_frame   0x0000000000003554      0x114 ./libraries/CC3000_Host_Driver/netapp.o
 .debug_frame   0x0000000000003668       0xf0 ./libraries/CC3000_Host_Driver/nvmem.o
 .debug_frame   0x0000000000003758      0x268 ./libraries/CC3000_Host_Driver/socket.o
 .debug_frame   0x00000000000039c0      0x258 ./libraries/CC3000_Host_Driver/wlan.o
 .debug_frame   0x0000000000003c18       0x20 /usr/local/gcc-arm-none-eabi-4_7-2013q1/bin/../lib/gcc/arm-none-eabi/4.7.3/../../../../arm-none-eabi/lib/armv7-m/libg.a(lib_a-errno.o)
 .debug_frame   0x0000000000003c38       0x30 /usr/local/gcc-arm-none-eabi-4_7-2013q1/bin/../lib/gcc/arm-none-eabi/4.7.3/../../../../arm-none-eabi/lib/armv7-m/libg.a(lib_a-memcpy.o)
 .debug_frame   0x0000000000003c68       0x2c /usr/local/gcc-arm-none-eabi-4_7-2013q1/bin/../lib/gcc/arm-none-eabi/4.7.3/../../../../arm-none-eabi/lib/armv7-m/libg.a(lib_a-memset.o)
 .debug_frame   0x0000000000003c94       0x2c /usr/local/gcc-arm-none-eabi-4_7-2013q1/bin/../lib/gcc/arm-none-eabi/4.7.3/../../../../arm-none-eabi/lib/armv7-m/libg.a(lib_a-strchr.o)
 .debug_frame   0x0000000000003cc0       0x30 /usr/local/gcc-arm-none-eabi-4_7-2013q1/bin/../lib/gcc/arm-none-eabi/4.7.3/../../../../arm-none-eabi/lib/armv7-m/libg.a(lib_a-strcmp.o)
 .debug_frame   0x0000000000003cf0       0x20 /usr/local/gcc-arm-none-eabi-4_7-2013q1/bin/../lib/gcc/arm-none-eabi/4.7.3/../../../../arm-none-eabi/lib/armv7-m/libg.a(lib_a-strlen.o)
 .debug_frame   0x0000000000003d10       0x2c /usr/local/gcc-arm-none-eabi-4_7-2013q1/bin/../lib/gcc/arm-none-eabi/4.7.3/../../../../arm-none-eabi/lib/armv7-m/libg.a(lib_a-strncmp.o)

.debug_str      0x0000000000000000    0x56f0e
 *(.debug_str)
 .debug_str     0x0000000000000000    0x471c2 ./src/application.o
                                      0x47305 (size before relaxing)
 .debug_str     0x00000000000471c2     0x4b23 ./src/cc3000_spi.o
                                      0x4bcdf (size before relaxing)
 .debug_str     0x000000000004bce5     0x3471 ./src/hw_config.o
                                      0x4d9da (size before relaxing)
 .debug_str     0x000000000004f156      0xf50 ./src/main.o
                                      0x4e729 (size before relaxing)
 .debug_str     0x00000000000500a6      0x2e4 ./src/spark_utilities.o
                                      0x4ae4f (size before relaxing)
 .debug_str     0x000000000005038a      0x144 ./src/stm32_it.o
                                      0x4e20e (size before relaxing)
 .debug_str     0x00000000000504ce      0x10f ./src/system_stm32f10x.o
                                      0x47286 (size before relaxing)
 .debug_str     0x00000000000505dd       0xb1 ./src/usb_desc.o
                                      0x4c6ca (size before relaxing)
 .debug_str     0x000000000005068e       0x68 ./src/usb_endp.o
                                      0x4c772 (size before relaxing)
 .debug_str     0x00000000000506f6      0x11a ./src/usb_istr.o
                                      0x4c7c3 (size before relaxing)
 .debug_str     0x0000000000050810      0x3b3 ./src/usb_prop.o
                                      0x4cff8 (size before relaxing)
 .debug_str     0x0000000000050bc3       0xf1 ./src/usb_pwr.o
                                      0x4c5ef (size before relaxing)
 .debug_str     0x0000000000050cb4      0x5be ./libraries/STM32_USB-FS-Device_Driver/src/usb_core.o
                                      0x4ceb0 (size before relaxing)
 .debug_str     0x0000000000051272       0x52 ./libraries/STM32_USB-FS-Device_Driver/src/usb_init.o
                                      0x4c7f1 (size before relaxing)
 .debug_str     0x00000000000512c4       0x4b ./libraries/STM32_USB-FS-Device_Driver/src/usb_int.o
                                      0x4c4a5 (size before relaxing)
 .debug_str     0x000000000005130f       0x8e ./libraries/STM32_USB-FS-Device_Driver/src/usb_mem.o
                                      0x4c4a6 (size before relaxing)
 .debug_str     0x000000000005139d      0x3fa ./libraries/STM32_USB-FS-Device_Driver/src/usb_regs.o
                                      0x4c82e (size before relaxing)
 .debug_str     0x0000000000051797       0x81 ./libraries/STM32_USB-FS-Device_Driver/src/usb_sil.o
                                      0x4c4b4 (size before relaxing)
 .debug_str     0x0000000000051818      0x11c ./libraries/STM32F10x_StdPeriph_Driver/src/misc.o
                                      0x4737f (size before relaxing)
 .debug_str     0x0000000000051934      0x615 ./libraries/STM32F10x_StdPeriph_Driver/src/stm32f10x_dma.o
                                      0x47820 (size before relaxing)
 .debug_str     0x0000000000051f49      0x122 ./libraries/STM32F10x_StdPeriph_Driver/src/stm32f10x_exti.o
                                      0x4730c (size before relaxing)
 .debug_str     0x000000000005206b      0x72b ./libraries/STM32F10x_StdPeriph_Driver/src/stm32f10x_flash.o
                                      0x478f9 (size before relaxing)
 .debug_str     0x0000000000052796      0x49b ./libraries/STM32F10x_StdPeriph_Driver/src/stm32f10x_gpio.o
                                      0x476e6 (size before relaxing)
 .debug_str     0x0000000000052c31      0x2ce ./libraries/STM32F10x_StdPeriph_Driver/src/stm32f10x_pwr.o
                                      0x47461 (size before relaxing)
 .debug_str     0x0000000000052eff      0xacd ./libraries/STM32F10x_StdPeriph_Driver/src/stm32f10x_rcc.o
                                      0x47ccc (size before relaxing)
 .debug_str     0x00000000000539cc      0x514 ./libraries/STM32F10x_StdPeriph_Driver/src/stm32f10x_spi.o
                                      0x477e6 (size before relaxing)
 .debug_str     0x0000000000053ee0      0xadb ./libraries/STM32F10x_StdPeriph_Driver/src/stm32f10x_tim.o
                                      0x47dea (size before relaxing)
 .debug_str     0x00000000000549bb       0x98 ./libraries/CC3000_Host_Driver/cc3000_common.o
                                       0x69e2 (size before relaxing)
 .debug_str     0x0000000000054a53      0x84b ./libraries/CC3000_Host_Driver/evnt_handler.o
                                      0x4c97b (size before relaxing)
 .debug_str     0x000000000005529e      0x105 ./libraries/CC3000_Host_Driver/hci.o
                                      0x4bfcf (size before relaxing)
 .debug_str     0x00000000000553a3      0x227 ./libraries/CC3000_Host_Driver/netapp.o
                                       0x6fb6 (size before relaxing)
 .debug_str     0x00000000000555ca      0xcd2 ./libraries/CC3000_Host_Driver/nvmem.o
                                       0x7a33 (size before relaxing)
 .debug_str     0x000000000005629c      0x546 ./libraries/CC3000_Host_Driver/socket.o
                                       0x7da8 (size before relaxing)
 .debug_str     0x00000000000567e2      0x72c ./libraries/CC3000_Host_Driver/wlan.o
                                      0x4c9bc (size before relaxing)

.debug_loc      0x0000000000000000     0x6b3d
 *(.debug_loc)
 .debug_loc     0x0000000000000000       0x58 ./src/application.o
 .debug_loc     0x0000000000000058      0x364 ./src/cc3000_spi.o
 .debug_loc     0x00000000000003bc      0x86e ./src/hw_config.o
 .debug_loc     0x0000000000000c2a      0x27c ./src/main.o
 .debug_loc     0x0000000000000ea6      0x26a ./src/spark_utilities.o
 .debug_loc     0x0000000000001110      0x294 ./src/stm32_it.o
 .debug_loc     0x00000000000013a4       0xc8 ./src/system_stm32f10x.o
 .debug_loc     0x000000000000146c       0x90 ./src/usb_endp.o
 .debug_loc     0x00000000000014fc       0x2c ./src/usb_istr.o
 .debug_loc     0x0000000000001528      0x2d4 ./src/usb_prop.o
 .debug_loc     0x00000000000017fc      0x10c ./src/usb_pwr.o
 .debug_loc     0x0000000000001908      0x3f8 ./libraries/STM32_USB-FS-Device_Driver/src/usb_core.o
 .debug_loc     0x0000000000001d00       0x2c ./libraries/STM32_USB-FS-Device_Driver/src/usb_init.o
 .debug_loc     0x0000000000001d2c       0x70 ./libraries/STM32_USB-FS-Device_Driver/src/usb_int.o
 .debug_loc     0x0000000000001d9c       0x70 ./libraries/STM32_USB-FS-Device_Driver/src/usb_mem.o
 .debug_loc     0x0000000000001e0c      0xcac ./libraries/STM32_USB-FS-Device_Driver/src/usb_regs.o
 .debug_loc     0x0000000000002ab8       0x9c ./libraries/STM32_USB-FS-Device_Driver/src/usb_sil.o
 .debug_loc     0x0000000000002b54      0x118 ./libraries/STM32F10x_StdPeriph_Driver/src/misc.o
 .debug_loc     0x0000000000002c6c      0x268 ./libraries/STM32F10x_StdPeriph_Driver/src/stm32f10x_dma.o
 .debug_loc     0x0000000000002ed4      0x1b4 ./libraries/STM32F10x_StdPeriph_Driver/src/stm32f10x_exti.o
 .debug_loc     0x0000000000003088      0x5d8 ./libraries/STM32F10x_StdPeriph_Driver/src/stm32f10x_flash.o
 .debug_loc     0x0000000000003660      0x3e4 ./libraries/STM32F10x_StdPeriph_Driver/src/stm32f10x_gpio.o
 .debug_loc     0x0000000000003a44      0x1e0 ./libraries/STM32F10x_StdPeriph_Driver/src/stm32f10x_pwr.o
 .debug_loc     0x0000000000003c24      0x6dc ./libraries/STM32F10x_StdPeriph_Driver/src/stm32f10x_rcc.o
 .debug_loc     0x0000000000004300      0x508 ./libraries/STM32F10x_StdPeriph_Driver/src/stm32f10x_spi.o
 .debug_loc     0x0000000000004808     0x13e8 ./libraries/STM32F10x_StdPeriph_Driver/src/stm32f10x_tim.o
 .debug_loc     0x0000000000005bf0      0x118 ./libraries/CC3000_Host_Driver/cc3000_common.o
 .debug_loc     0x0000000000005d08      0x234 ./libraries/CC3000_Host_Driver/evnt_handler.o
 .debug_loc     0x0000000000005f3c       0xe0 ./libraries/CC3000_Host_Driver/hci.o
 .debug_loc     0x000000000000601c      0x1c0 ./libraries/CC3000_Host_Driver/netapp.o
 .debug_loc     0x00000000000061dc      0x188 ./libraries/CC3000_Host_Driver/nvmem.o
 .debug_loc     0x0000000000006364      0x3f3 ./libraries/CC3000_Host_Driver/socket.o
 .debug_loc     0x0000000000006757      0x3e6 ./libraries/CC3000_Host_Driver/wlan.o

.debug_macinfo
 *(.debug_macinfo)

.debug_weaknames
 *(.debug_weaknames)

.debug_funcnames
 *(.debug_funcnames)

.debug_typenames
 *(.debug_typenames)

.debug_varnames
 *(.debug_varnames)
OUTPUT(marvin.elf elf32-littlearm)

.debug_ranges   0x0000000000000000     0x10f0
 .debug_ranges  0x0000000000000000       0x20 ./startup/startup_stm32f10x_md.o
 .debug_ranges  0x0000000000000020       0x18 ./src/application.o
 .debug_ranges  0x0000000000000038       0x90 ./src/cc3000_spi.o
 .debug_ranges  0x00000000000000c8      0x148 ./src/hw_config.o
 .debug_ranges  0x0000000000000210       0x68 ./src/main.o
 .debug_ranges  0x0000000000000278       0x60 ./src/spark_utilities.o
 .debug_ranges  0x00000000000002d8       0x80 ./src/stm32_it.o
 .debug_ranges  0x0000000000000358       0x28 ./src/system_stm32f10x.o
 .debug_ranges  0x0000000000000380       0x20 ./src/usb_endp.o
 .debug_ranges  0x00000000000003a0       0x10 ./src/usb_istr.o
 .debug_ranges  0x00000000000003b0       0x78 ./src/usb_prop.o
 .debug_ranges  0x0000000000000428       0x30 ./src/usb_pwr.o
 .debug_ranges  0x0000000000000458       0xa0 ./libraries/STM32_USB-FS-Device_Driver/src/usb_core.o
 .debug_ranges  0x00000000000004f8       0x10 ./libraries/STM32_USB-FS-Device_Driver/src/usb_init.o
 .debug_ranges  0x0000000000000508       0x18 ./libraries/STM32_USB-FS-Device_Driver/src/usb_int.o
 .debug_ranges  0x0000000000000520       0x18 ./libraries/STM32_USB-FS-Device_Driver/src/usb_mem.o
 .debug_ranges  0x0000000000000538      0x1e0 ./libraries/STM32_USB-FS-Device_Driver/src/usb_regs.o
 .debug_ranges  0x0000000000000718       0x20 ./libraries/STM32_USB-FS-Device_Driver/src/usb_sil.o
 .debug_ranges  0x0000000000000738       0x30 ./libraries/STM32F10x_StdPeriph_Driver/src/misc.o
 .debug_ranges  0x0000000000000768       0x60 ./libraries/STM32F10x_StdPeriph_Driver/src/stm32f10x_dma.o
 .debug_ranges  0x00000000000007c8       0x48 ./libraries/STM32F10x_StdPeriph_Driver/src/stm32f10x_exti.o
 .debug_ranges  0x0000000000000810       0xe8 ./libraries/STM32F10x_StdPeriph_Driver/src/stm32f10x_flash.o
 .debug_ranges  0x00000000000008f8       0x98 ./libraries/STM32F10x_StdPeriph_Driver/src/stm32f10x_gpio.o
 .debug_ranges  0x0000000000000990       0x50 ./libraries/STM32F10x_StdPeriph_Driver/src/stm32f10x_pwr.o
 .debug_ranges  0x00000000000009e0      0x108 ./libraries/STM32F10x_StdPeriph_Driver/src/stm32f10x_rcc.o
 .debug_ranges  0x0000000000000ae8       0xc0 ./libraries/STM32F10x_StdPeriph_Driver/src/stm32f10x_spi.o