
Allocating common symbols
Common symbol       size              file

SaveRState          0x2               ./libraries/STM32_USB-FS-Device_Driver/src/usb_int.o
DeviceState         0x1               ./src/main.o
SaveState           0x2               ./libraries/STM32_USB-FS-Device_Driver/src/usb_init.o
JumpAddress         0x4               ./src/main.o
wIstr               0x2               ./src/usb_istr.o
pProperty           0x4               ./libraries/STM32_USB-FS-Device_Driver/src/usb_init.o
MAL_Buffer          0x400             ./src/dfu_mal.o
EPindex             0x1               ./libraries/STM32_USB-FS-Device_Driver/src/usb_init.o
Jump_To_Application
                    0x4               ./src/main.o
ApplicationAddress  0x4               ./src/main.o
SaveTState          0x2               ./libraries/STM32_USB-FS-Device_Driver/src/usb_int.o
DeviceStatus        0x6               ./src/main.o
Device_Info         0x1c              ./libraries/STM32_USB-FS-Device_Driver/src/usb_init.o
pUser_Standard_Requests
                    0x4               ./libraries/STM32_USB-FS-Device_Driver/src/usb_init.o
StatusInfo          0x2               ./libraries/STM32_USB-FS-Device_Driver/src/usb_core.o
pInformation        0x4               ./libraries/STM32_USB-FS-Device_Driver/src/usb_init.o
ResumeS             0x2               ./src/usb_pwr.o
pMAL_Init           0x4               ./src/dfu_mal.o
pMAL_Erase          0x4               ./src/dfu_mal.o
pMAL_Read           0x4               ./src/dfu_mal.o
wInterrupt_Mask     0x2               ./libraries/STM32_USB-FS-Device_Driver/src/usb_init.o
pMAL_Write          0x4               ./src/dfu_mal.o

Discarded input sections

 .text          0x0000000000000000       0x14 ./startup/startup_stm32f10x_md.o
 .data          0x0000000000000000        0x0 ./startup/startup_stm32f10x_md.o
 .bss           0x0000000000000000        0x0 ./startup/startup_stm32f10x_md.o
 .group         0x0000000000000000        0x8 ./src/dfu_mal.o
 .group         0x0000000000000000        0x8 ./src/dfu_mal.o
 .group         0x0000000000000000        0x8 ./src/dfu_mal.o
 .group         0x0000000000000000        0x8 ./src/dfu_mal.o
 .group         0x0000000000000000        0x8 ./src/dfu_mal.o
 .group         0x0000000000000000        0x8 ./src/dfu_mal.o
 .group         0x0000000000000000        0x8 ./src/dfu_mal.o
 .group         0x0000000000000000        0x8 ./src/dfu_mal.o
 .group         0x0000000000000000        0x8 ./src/dfu_mal.o
 .group         0x0000000000000000        0x8 ./src/dfu_mal.o
 .group         0x0000000000000000        0x8 ./src/dfu_mal.o
 .group         0x0000000000000000        0x8 ./src/dfu_mal.o
 .group         0x0000000000000000        0x8 ./src/dfu_mal.o
 .group         0x0000000000000000        0x8 ./src/dfu_mal.o
 .group         0x0000000000000000        0x8 ./src/dfu_mal.o
 .group         0x0000000000000000        0x8 ./src/dfu_mal.o
 .group         0x0000000000000000        0x8 ./src/dfu_mal.o
 .group         0x0000000000000000        0x8 ./src/dfu_mal.o
 .group         0x0000000000000000        0x8 ./src/dfu_mal.o
 .group         0x0000000000000000        0x8 ./src/dfu_mal.o
 .group         0x0000000000000000        0x8 ./src/dfu_mal.o
 .group         0x0000000000000000        0x8 ./src/dfu_mal.o
 .group         0x0000000000000000        0x8 ./src/dfu_mal.o
 .group         0x0000000000000000        0x8 ./src/dfu_mal.o
 .group         0x0000000000000000        0x8 ./src/dfu_mal.o
 .group         0x0000000000000000        0x8 ./src/dfu_mal.o
 .group         0x0000000000000000        0x8 ./src/dfu_mal.o
 .group         0x0000000000000000        0x8 ./src/dfu_mal.o
 .group         0x0000000000000000        0x8 ./src/dfu_mal.o
 .group         0x0000000000000000        0x8 ./src/dfu_mal.o
 .group         0x0000000000000000        0x8 ./src/dfu_mal.o
 .group         0x0000000000000000        0x8 ./src/dfu_mal.o
 .group         0x0000000000000000        0x8 ./src/dfu_mal.o
 .group         0x0000000000000000        0x8 ./src/dfu_mal.o
 .group         0x0000000000000000        0x8 ./src/dfu_mal.o
 .group         0x0000000000000000        0x8 ./src/dfu_mal.o
 .group         0x0000000000000000        0x8 ./src/dfu_mal.o
 .group         0x0000000000000000        0x8 ./src/dfu_mal.o
 .group         0x0000000000000000        0x8 ./src/dfu_mal.o
 .group         0x0000000000000000        0x8 ./src/dfu_mal.o
 .group         0x0000000000000000        0x8 ./src/dfu_mal.o
 .group         0x0000000000000000        0x8 ./src/dfu_mal.o
 .group         0x0000000000000000        0x8 ./src/dfu_mal.o
 .text          0x0000000000000000        0x0 ./src/dfu_mal.o
 .data          0x0000000000000000        0x0 ./src/dfu_mal.o
 .bss           0x0000000000000000        0x0 ./src/dfu_mal.o
 .group         0x0000000000000000        0x8 ./src/flash_if.o
 .group         0x0000000000000000        0x8 ./src/flash_if.o
 .group         0x0000000000000000        0x8 ./src/flash_if.o
[...]
Memory Configuration

Name             Origin             Length             Attributes
RAM              0x0000000020000000 0x0000000000005000 xrw
FLASH            0x0000000008000000 0x0000000000020000 xr
FLASHB1          0x0000000000000000 0x0000000000000000 xr
EXTMEMB0         0x0000000000000000 0x0000000000000000 xr
EXTMEMB1         0x0000000000000000 0x0000000000000000 xr
EXTMEMB2         0x0000000000000000 0x0000000000000000 xr
EXTMEMB3         0x0000000000000000 0x0000000000000000 xr
*default*        0x0000000000000000 0xffffffffffffffff

Linker script and memory map

LOAD ./startup/startup_stm32f10x_md.o
LOAD ./src/dfu_mal.o
LOAD ./src/flash_if.o
LOAD ./src/hw_config.o
LOAD ./src/main.o
LOAD ./src/spi_if.o
LOAD ./src/sst25vf_spi.o
LOAD ./src/stm32_it.o
LOAD ./src/system_stm32f10x.o
LOAD ./src/usb_desc.o
LOAD ./src/usb_istr.o
LOAD ./src/usb_prop.o
LOAD ./src/usb_pwr.o
LOAD ./libraries/STM32_USB-FS-Device_Driver/src/usb_core.o
LOAD ./libraries/STM32_USB-FS-Device_Driver/src/usb_init.o
LOAD ./libraries/STM32_USB-FS-Device_Driver/src/usb_int.o
LOAD ./libraries/STM32_USB-FS-Device_Driver/src/usb_mem.o
LOAD ./libraries/STM32_USB-FS-Device_Driver/src/usb_regs.o
LOAD ./libraries/STM32_USB-FS-Device_Driver/src/usb_sil.o
LOAD ./libraries/STM32F10x_StdPeriph_Driver/src/misc.o
LOAD ./libraries/STM32F10x_StdPeriph_Driver/src/stm32f10x_adc.o
LOAD ./libraries/STM32F10x_StdPeriph_Driver/src/stm32f10x_bkp.o
LOAD ./libraries/STM32F10x_StdPeriph_Driver/src/stm32f10x_dma.o
LOAD ./libraries/STM32F10x_StdPeriph_Driver/src/stm32f10x_exti.o
LOAD ./libraries/STM32F10x_StdPeriph_Driver/src/stm32f10x_flash.o
LOAD ./libraries/STM32F10x_StdPeriph_Driver/src/stm32f10x_gpio.o
LOAD ./libraries/STM32F10x_StdPeriph_Driver/src/stm32f10x_i2c.o
LOAD ./libraries/STM32F10x_StdPeriph_Driver/src/stm32f10x_pwr.o
LOAD ./libraries/STM32F10x_StdPeriph_Driver/src/stm32f10x_rcc.o
LOAD ./libraries/STM32F10x_StdPeriph_Driver/src/stm32f10x_rtc.o
LOAD ./libraries/STM32F10x_StdPeriph_Driver/src/stm32f10x_spi.o
LOAD ./libraries/STM32F10x_StdPeriph_Driver/src/stm32f10x_tim.o
LOAD ./libraries/STM32F10x_StdPeriph_Driver/src/stm32f10x_usart.o
START GROUP
LOAD /usr/local/gcc-arm-none-eabi-4_7-2013q1/bin/../lib/gcc/arm-none-eabi/4.7.3/armv7-m/libgcc.a
LOAD /usr/local/gcc-arm-none-eabi-4_7-2013q1/bin/../lib/gcc/arm-none-eabi/4.7.3/../../../../arm-none-eabi/lib/armv7-m/libg.a
LOAD /usr/local/gcc-arm-none-eabi-4_7-2013q1/bin/../lib/gcc/arm-none-eabi/4.7.3/../../../../arm-none-eabi/lib/armv7-m/libc.a
END GROUP
                0x0000000000000400                __Stack_Size = 0x400
                0x0000000000000400                PROVIDE (_Stack_Size, __Stack_Size)
                0x0000000020004c00                __Stack_Init = (_estack - __Stack_Size)
                0x0000000020004c00                PROVIDE (_Stack_Init, __Stack_Init)
                0x0000000000000100                _Minimum_Stack_Size = 0x100
                0x0000000020005000                _estack = 0x20005000

.isr_vector     0x0000000008000000      0x10c
                0x0000000008000000                . = ALIGN (0x4)
 *(.isr_vector)
 .isr_vector    0x0000000008000000      0x10c ./startup/startup_stm32f10x_md.o
                0x0000000008000000                g_pfnVectors
                0x000000000800010c                . = ALIGN (0x4)

.flashtext      0x000000000800010c        0x0
                0x000000000800010c                . = ALIGN (0x4)
 *(.flashtext)
                0x000000000800010c                . = ALIGN (0x4)

.text           0x000000000800010c     0x24fc
                0x000000000800010c                . = ALIGN (0x4)
 *(.text)
 *(.text.*)
 .text.Reset_Handler
                0x000000000800010c       0x4c ./startup/startup_stm32f10x_md.o
                0x000000000800010c                Reset_Handler
 .text.Default_Handler
                0x0000000008000158        0x4 ./startup/startup_stm32f10x_md.o
                0x0000000008000158                USBWakeUp_IRQHandler
                0x0000000008000158                TIM1_CC_IRQHandler
                0x0000000008000158                PVD_IRQHandler
                0x0000000008000158                EXTI3_IRQHandler
                0x0000000008000158                I2C2_EV_IRQHandler
                0x0000000008000158                ADC1_2_IRQHandler
                0x0000000008000158                SPI1_IRQHandler
                0x0000000008000158                TAMPER_IRQHandler
                0x0000000008000158                DMA1_Channel4_IRQHandler
                0x0000000008000158                USART3_IRQHandler
                0x0000000008000158                RTC_IRQHandler
                0x0000000008000158                DMA1_Channel7_IRQHandler
                0x0000000008000158                CAN1_RX1_IRQHandler
                0x0000000008000158                TIM4_IRQHandler
                0x0000000008000158                I2C1_EV_IRQHandler
                0x0000000008000158                DMA1_Channel6_IRQHandler
                0x0000000008000158                TIM3_IRQHandler
                0x0000000008000158                RCC_IRQHandler
                0x0000000008000158                TIM1_TRG_COM_IRQHandler
                0x0000000008000158                DMA1_Channel1_IRQHandler
                0x0000000008000158                Default_Handler
                0x0000000008000158                EXTI9_5_IRQHandler
                0x0000000008000158                SPI2_IRQHandler
                0x0000000008000158                DMA1_Channel5_IRQHandler
                0x0000000008000158                EXTI4_IRQHandler
                0x0000000008000158                USB_HP_CAN1_TX_IRQHandler
                0x0000000008000158                DMA1_Channel3_IRQHandler
                0x0000000008000158                WWDG_IRQHandler
                0x0000000008000158                TIM2_IRQHandler
                0x0000000008000158                TIM1_BRK_IRQHandler
                0x0000000008000158                EXTI1_IRQHandler
                0x0000000008000158                RTCAlarm_IRQHandler
                0x0000000008000158                USART2_IRQHandler
                0x0000000008000158                I2C2_ER_IRQHandler
                0x0000000008000158                DMA1_Channel2_IRQHandler
                0x0000000008000158                CAN1_SCE_IRQHandler
                0x0000000008000158                FLASH_IRQHandler
                0x0000000008000158                USART1_IRQHandler
                0x0000000008000158                I2C1_ER_IRQHandler
                0x0000000008000158                EXTI2_IRQHandler
 .text.MAL_Init
                0x000000000800015c        0xe ./src/dfu_mal.o
                0x000000000800015c                MAL_Init
 *fill*         0x000000000800016a        0x2 00
 .text.MAL_Erase
                0x000000000800016c       0x30 ./src/dfu_mal.o
                0x000000000800016c                MAL_Erase
 .text.MAL_Write
                0x000000000800019c       0x30 ./src/dfu_mal.o
                0x000000000800019c                MAL_Write
 .text.MAL_Read
                0x00000000080001cc       0x30 ./src/dfu_mal.o
                0x00000000080001cc                MAL_Read
 .text.MAL_GetStatus
                0x00000000080001fc       0x28 ./src/dfu_mal.o
                0x00000000080001fc                MAL_GetStatus
 .text.FLASH_If_Init
                0x0000000008000224        0x4 ./src/flash_if.o
                0x0000000008000224                FLASH_If_Init
 .text.FLASH_If_Erase
                0x0000000008000228        0xa ./src/flash_if.o
                0x0000000008000228                FLASH_If_Erase
 *fill*         0x0000000008000232        0x2 00
 .text.FLASH_If_Write
                0x0000000008000234       0x44 ./src/flash_if.o
                0x0000000008000234                FLASH_If_Write
 .text.FLASH_If_Read
                0x0000000008000278        0x2 ./src/flash_if.o
                0x0000000008000278                FLASH_If_Read
 .text.IntToUnicode
                0x000000000800027a       0x2a ./src/hw_config.o
 .text.NVIC_Configuration
                0x00000000080002a4        0x8 ./src/hw_config.o
                0x00000000080002a4                NVIC_Configuration
 .text.LED_Init
                0x00000000080002ac       0x3c ./src/hw_config.o
                0x00000000080002ac                LED_Init
 .text.LED_Off  0x00000000080002e8       0x1c ./src/hw_config.o
                0x00000000080002e8                LED_Off
 .text.LED_Toggle
                0x0000000008000304       0x20 ./src/hw_config.o
                0x0000000008000304                LED_Toggle
 .text.BUTTON_EXTI_Config
                0x0000000008000324       0x44 ./src/hw_config.o
                0x0000000008000324                BUTTON_EXTI_Config
 .text.BUTTON_Init
                0x0000000008000368       0xf0 ./src/hw_config.o
                0x0000000008000368                BUTTON_Init
 .text.Set_System
                0x0000000008000458       0x98 ./src/hw_config.o
                0x0000000008000458                Set_System
 .text.BUTTON_GetState
                0x00000000080004f0       0x1c ./src/hw_config.o
                0x00000000080004f0                BUTTON_GetState
 .text.BUTTON_GetDebouncedState
                0x000000000800050c       0x14 ./src/hw_config.o
                0x000000000800050c                BUTTON_GetDebouncedState
 .text.sFLASH_SPI_Init
                0x0000000008000520       0xc8 ./src/hw_config.o
                0x0000000008000520                sFLASH_SPI_Init
 .text.USB_Disconnect_Config
                0x00000000080005e8       0x2c ./src/hw_config.o
                0x00000000080005e8                USB_Disconnect_Config
 .text.Set_USBClock
                0x0000000008000614       0x16 ./src/hw_config.o
                0x0000000008000614                Set_USBClock
 *fill*         0x000000000800062a        0x2 00
 .text.Enter_LowPowerMode
                0x000000000800062c        0xc ./src/hw_config.o
                0x000000000800062c                Enter_LowPowerMode
 .text.Leave_LowPowerMode
                0x0000000008000638       0x1c ./src/hw_config.o
                0x0000000008000638                Leave_LowPowerMode
 .text.USB_Interrupts_Config
                0x0000000008000654       0x20 ./src/hw_config.o
                0x0000000008000654                USB_Interrupts_Config
 .text.USB_Cable_Config
                0x0000000008000674       0x1c ./src/hw_config.o
                0x0000000008000674                USB_Cable_Config
 .text.Reset_Device
                0x0000000008000690       0x34 ./src/hw_config.o
                0x0000000008000690                Reset_Device
 .text.Get_SerialNum
                0x00000000080006c4       0x34 ./src/hw_config.o
                0x00000000080006c4                Get_SerialNum
 .text.startup.main
                0x00000000080006f8       0xfc ./src/main.o
                0x00000000080006f8                main
 .text.Timing_Decrement
                0x00000000080007f4       0x2c ./src/main.o
                0x00000000080007f4                Timing_Decrement
 .text.SPI_If_Init
                0x0000000008000820        0xa ./src/spi_if.o
                0x0000000008000820                SPI_If_Init
 .text.SPI_If_Erase
                0x000000000800082a        0xa ./src/spi_if.o
                0x000000000800082a                SPI_If_Erase
 .text.SPI_If_Write
                0x0000000008000834       0x18 ./src/spi_if.o
                0x0000000008000834                SPI_If_Write
 .text.SPI_If_Read
                0x000000000800084c       0x18 ./src/spi_if.o
                0x000000000800084c                SPI_If_Read
 .text.sFLASH_SendByte
                0x0000000008000864       0x34 ./src/sst25vf_spi.o
                0x0000000008000864                sFLASH_SendByte
 .text.sFLASH_ReadID
                0x0000000008000898       0x44 ./src/sst25vf_spi.o
                0x0000000008000898                sFLASH_ReadID
 .text.sFLASH_ReadBuffer
                0x00000000080008dc       0x54 ./src/sst25vf_spi.o
                0x00000000080008dc                sFLASH_ReadBuffer
 .text.sFLASH_WriteEnable
                0x0000000008000930       0x28 ./src/sst25vf_spi.o
                0x0000000008000930                sFLASH_WriteEnable
 .text.sFLASH_WriteDisable
                0x0000000008000958       0x28 ./src/sst25vf_spi.o
                0x0000000008000958                sFLASH_WriteDisable
 .text.sFLASH_Init
                0x0000000008000980       0x7c ./src/sst25vf_spi.o
                0x0000000008000980                sFLASH_Init
 .text.sFLASH_WaitForWriteEnd
                0x00000000080009fc       0x30 ./src/sst25vf_spi.o
                0x00000000080009fc                sFLASH_WaitForWriteEnd
 .text.sFLASH_WritePage
                0x0000000008000a2c       0x9c ./src/sst25vf_spi.o
                0x0000000008000a2c                sFLASH_WritePage
 .text.sFLASH_WriteBuffer
                0x0000000008000ac8       0xd2 ./src/sst25vf_spi.o
                0x0000000008000ac8                sFLASH_WriteBuffer
 *fill*         0x0000000008000b9a        0x2 00
 .text.sFLASH_EraseSector
                0x0000000008000b9c       0x48 ./src/sst25vf_spi.o
                0x0000000008000b9c                sFLASH_EraseSector
 .text.NMI_Handler
                0x0000000008000be4        0x2 ./src/stm32_it.o
                0x0000000008000be4                NMI_Handler
 .text.HardFault_Handler
                0x0000000008000be6        0x2 ./src/stm32_it.o
                0x0000000008000be6                HardFault_Handler
 .text.MemManage_Handler
                0x0000000008000be8        0x2 ./src/stm32_it.o
                0x0000000008000be8                MemManage_Handler
 .text.BusFault_Handler
                0x0000000008000bea        0x2 ./src/stm32_it.o
                0x0000000008000bea                BusFault_Handler
 .text.UsageFault_Handler
                0x0000000008000bec        0x2 ./src/stm32_it.o
                0x0000000008000bec                UsageFault_Handler
 .text.SVC_Handler
                0x0000000008000bee        0x2 ./src/stm32_it.o
                0x0000000008000bee                SVC_Handler
 .text.DebugMon_Handler
                0x0000000008000bf0        0x2 ./src/stm32_it.o
                0x0000000008000bf0                DebugMon_Handler
 .text.PendSV_Handler
                0x0000000008000bf2        0x2 ./src/stm32_it.o
                0x0000000008000bf2                PendSV_Handler
 .text.SysTick_Handler
                0x0000000008000bf4        0x4 ./src/stm32_it.o
                0x0000000008000bf4                SysTick_Handler
 .text.EXTI0_IRQHandler
                0x0000000008000bf8       0x30 ./src/stm32_it.o
                0x0000000008000bf8                EXTI0_IRQHandler
 .text.EXTI15_10_IRQHandler
                0x0000000008000c28       0x30 ./src/stm32_it.o
                0x0000000008000c28                EXTI15_10_IRQHandler
 .text.TIM1_UP_IRQHandler
                0x0000000008000c58       0x3c ./src/stm32_it.o
                0x0000000008000c58                TIM1_UP_IRQHandler
 .text.USB_LP_CAN1_RX0_IRQHandler
                0x0000000008000c94        0x4 ./src/stm32_it.o
                0x0000000008000c94                USB_LP_CAN1_RX0_IRQHandler
 .text.SystemInit
                0x0000000008000c98       0xfc ./src/system_stm32f10x.o
                0x0000000008000c98                SystemInit
 .text.USB_Istr
                0x0000000008000d94      0x100 ./src/usb_istr.o
                0x0000000008000d94                USB_Istr
 .text.DFU_SetConfiguration
                0x0000000008000e94       0x18 ./src/usb_prop.o
                0x0000000008000e94                DFU_SetConfiguration
 .text.DFU_SetDeviceAddress
                0x0000000008000eac        0xc ./src/usb_prop.o
                0x0000000008000eac                DFU_SetDeviceAddress
 .text.DFU_Status_In
                0x0000000008000eb8        0x2 ./src/usb_prop.o
                0x0000000008000eb8                DFU_Status_In
 *fill*         0x0000000008000eba        0x2 00
 .text.DFU_Data_Setup
                0x0000000008000ebc       0x78 ./src/usb_prop.o
                0x0000000008000ebc                DFU_Data_Setup
 .text.DFU_Get_Interface_Setting
                0x0000000008000f34       0x10 ./src/usb_prop.o
                0x0000000008000f34                DFU_Get_Interface_Setting
 .text.DNLOAD   0x0000000008000f44       0x50 ./src/usb_prop.o
                0x0000000008000f44                DNLOAD
 .text.GETSTATE
                0x0000000008000f94       0x18 ./src/usb_prop.o
                0x0000000008000f94                GETSTATE
 .text.GETSTATUS
                0x0000000008000fac       0xa4 ./src/usb_prop.o
                0x0000000008000fac                GETSTATUS
 .text.UPLOAD   0x0000000008001050       0xcc ./src/usb_prop.o
                0x0000000008001050                UPLOAD
 .text.DFU_GetStringDescriptor
                0x000000000800111c       0x20 ./src/usb_prop.o
                0x000000000800111c                DFU_GetStringDescriptor
 .text.DFU_GetConfigDescriptor
                0x000000000800113c        0xc ./src/usb_prop.o
                0x000000000800113c                DFU_GetConfigDescriptor
 .text.DFU_GetDeviceDescriptor
                0x0000000008001148        0xc ./src/usb_prop.o
                0x0000000008001148                DFU_GetDeviceDescriptor
 .text.DFU_Reset
                0x0000000008001154       0xac ./src/usb_prop.o
                0x0000000008001154                DFU_Reset
 .text.DFU_init
                0x0000000008001200       0x28 ./src/usb_prop.o
                0x0000000008001200                DFU_init
 .text.DFU_NoData_Setup
                0x0000000008001228       0xcc ./src/usb_prop.o
                0x0000000008001228                DFU_NoData_Setup
 .text.DFU_write_crc
                0x00000000080012f4       0x44 ./src/usb_prop.o
                0x00000000080012f4                DFU_write_crc
 .text.DFU_Status_Out
                0x0000000008001338       0xc8 ./src/usb_prop.o
                0x0000000008001338                DFU_Status_Out
 .text.PowerOn  0x0000000008001400       0x30 ./src/usb_pwr.o
                0x0000000008001400                PowerOn
 .text.Suspend  0x0000000008001430       0x20 ./src/usb_pwr.o
                0x0000000008001430                Suspend
 .text.Resume_Init
                0x0000000008001450       0x20 ./src/usb_pwr.o
                0x0000000008001450                Resume_Init
 .text.Resume   0x0000000008001470       0x88 ./src/usb_pwr.o
                0x0000000008001470                Resume
 .text.Standard_GetConfiguration
                0x00000000080014f8       0x24 ./libraries/STM32_USB-FS-Device_Driver/src/usb_core.o
                0x00000000080014f8                Standard_GetConfiguration
 .text.Standard_GetInterface
                0x000000000800151c       0x24 ./libraries/STM32_USB-FS-Device_Driver/src/usb_core.o
                0x000000000800151c                Standard_GetInterface
 .text.Standard_GetStatus
                0x0000000008001540       0x9c ./libraries/STM32_USB-FS-Device_Driver/src/usb_core.o
                0x0000000008001540                Standard_GetStatus
 .text.DataStageIn
                0x00000000080015dc       0xa4 ./libraries/STM32_USB-FS-Device_Driver/src/usb_core.o
 .text.Standard_SetConfiguration
                0x0000000008001680       0x38 ./libraries/STM32_USB-FS-Device_Driver/src/usb_core.o
                0x0000000008001680                Standard_SetConfiguration
 .text.Standard_SetInterface
                0x00000000080016b8       0x48 ./libraries/STM32_USB-FS-Device_Driver/src/usb_core.o
                0x00000000080016b8                Standard_SetInterface
 .text.Standard_ClearFeature
                0x0000000008001700       0xdc ./libraries/STM32_USB-FS-Device_Driver/src/usb_core.o
                0x0000000008001700                Standard_ClearFeature
 .text.Standard_SetEndPointFeature
                0x00000000080017dc       0x8c ./libraries/STM32_USB-FS-Device_Driver/src/usb_core.o
                0x00000000080017dc                Standard_SetEndPointFeature
 .text.Standard_SetDeviceFeature
                0x0000000008001868       0x24 ./libraries/STM32_USB-FS-Device_Driver/src/usb_core.o
                0x0000000008001868                Standard_SetDeviceFeature
 .text.Standard_GetDescriptorData
                0x000000000800188c       0x1c ./libraries/STM32_USB-FS-Device_Driver/src/usb_core.o
                0x000000000800188c                Standard_GetDescriptorData
 .text.Post0_Process
                0x00000000080018a8       0x40 ./libraries/STM32_USB-FS-Device_Driver/src/usb_core.o
                0x00000000080018a8                Post0_Process
 .text.Out0_Process
                0x00000000080018e8       0xd4 ./libraries/STM32_USB-FS-Device_Driver/src/usb_core.o
                0x00000000080018e8                Out0_Process
 .text.Setup0_Process
                0x00000000080019bc      0x2f4 ./libraries/STM32_USB-FS-Device_Driver/src/usb_core.o
                0x00000000080019bc                Setup0_Process
 .text.SetDeviceAddress
                0x0000000008001cb0       0x40 ./libraries/STM32_USB-FS-Device_Driver/src/usb_core.o
                0x0000000008001cb0                SetDeviceAddress
 .text.In0_Process
                0x0000000008001cf0       0x60 ./libraries/STM32_USB-FS-Device_Driver/src/usb_core.o
                0x0000000008001cf0                In0_Process
 .text.NOP_Process
                0x0000000008001d50        0x2 ./libraries/STM32_USB-FS-Device_Driver/src/usb_core.o
                0x0000000008001d50                NOP_Process
 *fill*         0x0000000008001d52        0x2 00
 .text.USB_Init
                0x0000000008001d54       0x38 ./libraries/STM32_USB-FS-Device_Driver/src/usb_init.o
                0x0000000008001d54                USB_Init
 .text.CTR_LP   0x0000000008001d8c      0x18c ./libraries/STM32_USB-FS-Device_Driver/src/usb_int.o
                0x0000000008001d8c                CTR_LP
 .text.UserToPMABufferCopy
                0x0000000008001f18       0x2e ./libraries/STM32_USB-FS-Device_Driver/src/usb_mem.o
                0x0000000008001f18                UserToPMABufferCopy
 .text.PMAToUserBufferCopy
                0x0000000008001f46       0x24 ./libraries/STM32_USB-FS-Device_Driver/src/usb_mem.o
                0x0000000008001f46                PMAToUserBufferCopy
 .text.SetEPTxStatus
                0x0000000008001f6a       0x3a ./libraries/STM32_USB-FS-Device_Driver/src/usb_regs.o
                0x0000000008001f6a                SetEPTxStatus
 .text.SetEPRxValid
                0x0000000008001fa4       0x22 ./libraries/STM32_USB-FS-Device_Driver/src/usb_regs.o
                0x0000000008001fa4                SetEPRxValid
 .text.Clear_Status_Out
                0x0000000008001fc6       0x1e ./libraries/STM32_USB-FS-Device_Driver/src/usb_regs.o
                0x0000000008001fc6                Clear_Status_Out
 .text.ClearDTOG_RX
                0x0000000008001fe4       0x24 ./libraries/STM32_USB-FS-Device_Driver/src/usb_regs.o
                0x0000000008001fe4                ClearDTOG_RX
 .text.ClearDTOG_TX
                0x0000000008002008       0x24 ./libraries/STM32_USB-FS-Device_Driver/src/usb_regs.o
                0x0000000008002008                ClearDTOG_TX
 .text.GetEPTxAddr
                0x000000000800202c       0x1c ./libraries/STM32_USB-FS-Device_Driver/src/usb_regs.o
                0x000000000800202c                GetEPTxAddr
 .text.GetEPRxAddr
                0x0000000008002048       0x1c ./libraries/STM32_USB-FS-Device_Driver/src/usb_regs.o
                0x0000000008002048                GetEPRxAddr
 .text.SetEPTxCount
                0x0000000008002064       0x1c ./libraries/STM32_USB-FS-Device_Driver/src/usb_regs.o
                0x0000000008002064                SetEPTxCount
 .text.SetEPRxCount
                0x0000000008002080       0x3c ./libraries/STM32_USB-FS-Device_Driver/src/usb_regs.o
                0x0000000008002080                SetEPRxCount
 .text.ByteSwap
                0x00000000080020bc        0xa ./libraries/STM32_USB-FS-Device_Driver/src/usb_regs.o
                0x00000000080020bc                ByteSwap
 *fill*         0x00000000080020c6        0x2 00
 .text.USB_SIL_Init
                0x00000000080020c8       0x20 ./libraries/STM32_USB-FS-Device_Driver/src/usb_sil.o
                0x00000000080020c8                USB_SIL_Init
 .text.NVIC_PriorityGroupConfig
                0x00000000080020e8       0x14 ./libraries/STM32F10x_StdPeriph_Driver/src/misc.o
                0x00000000080020e8                NVIC_PriorityGroupConfig
 .text.NVIC_Init
                0x00000000080020fc       0x68 ./libraries/STM32F10x_StdPeriph_Driver/src/misc.o
                0x00000000080020fc                NVIC_Init
 .text.BKP_WriteBackupRegister
                0x0000000008002164       0x1c ./libraries/STM32F10x_StdPeriph_Driver/src/stm32f10x_bkp.o
                0x0000000008002164                BKP_WriteBackupRegister
 .text.BKP_ReadBackupRegister
                0x0000000008002180       0x20 ./libraries/STM32F10x_StdPeriph_Driver/src/stm32f10x_bkp.o
                0x0000000008002180                BKP_ReadBackupRegister
 .text.EXTI_Init
                0x00000000080021a0       0x78 ./libraries/STM32F10x_StdPeriph_Driver/src/stm32f10x_exti.o
                0x00000000080021a0                EXTI_Init
 .text.EXTI_ClearFlag
                0x0000000008002218        0xc ./libraries/STM32F10x_StdPeriph_Driver/src/stm32f10x_exti.o
                0x0000000008002218                EXTI_ClearFlag
 .text.EXTI_GetITStatus
                0x0000000008002224       0x20 ./libraries/STM32F10x_StdPeriph_Driver/src/stm32f10x_exti.o
                0x0000000008002224                EXTI_GetITStatus
 .text.FLASH_Unlock
                0x0000000008002244       0x18 ./libraries/STM32F10x_StdPeriph_Driver/src/stm32f10x_flash.o
                0x0000000008002244                FLASH_Unlock
 .text.FLASH_GetBank1Status
                0x000000000800225c       0x28 ./libraries/STM32F10x_StdPeriph_Driver/src/stm32f10x_flash.o
                0x000000000800225c                FLASH_GetBank1Status
 .text.FLASH_WaitForLastOperation
                0x0000000008002284       0x22 ./libraries/STM32F10x_StdPeriph_Driver/src/stm32f10x_flash.o
                0x0000000008002284                FLASH_WaitForLastOperation
 *fill*         0x00000000080022a6        0x2 00
 .text.FLASH_ProgramWord
                0x00000000080022a8       0x54 ./libraries/STM32F10x_StdPeriph_Driver/src/stm32f10x_flash.o
                0x00000000080022a8                FLASH_ProgramWord
 .text.FLASH_ErasePage
                0x00000000080022fc       0x3c ./libraries/STM32F10x_StdPeriph_Driver/src/stm32f10x_flash.o
                0x00000000080022fc                FLASH_ErasePage
 .text.GPIO_Init
                0x0000000008002338       0xa0 ./libraries/STM32F10x_StdPeriph_Driver/src/stm32f10x_gpio.o
                0x0000000008002338                GPIO_Init
 .text.GPIO_ReadInputDataBit
                0x00000000080023d8        0xc ./libraries/STM32F10x_StdPeriph_Driver/src/stm32f10x_gpio.o
                0x00000000080023d8                GPIO_ReadInputDataBit
 .text.GPIO_SetBits
                0x00000000080023e4        0x4 ./libraries/STM32F10x_StdPeriph_Driver/src/stm32f10x_gpio.o
                0x00000000080023e4                GPIO_SetBits
 .text.GPIO_ResetBits
                0x00000000080023e8        0x4 ./libraries/STM32F10x_StdPeriph_Driver/src/stm32f10x_gpio.o
                0x00000000080023e8                GPIO_ResetBits
 .text.GPIO_EXTILineConfig
                0x00000000080023ec       0x34 ./libraries/STM32F10x_StdPeriph_Driver/src/stm32f10x_gpio.o
                0x00000000080023ec                GPIO_EXTILineConfig
 .text.PWR_BackupAccessCmd
                0x0000000008002420        0xc ./libraries/STM32F10x_StdPeriph_Driver/src/stm32f10x_pwr.o
                0x0000000008002420                PWR_BackupAccessCmd
 .text.RCC_USBCLKConfig
                0x000000000800242c        0xc ./libraries/STM32F10x_StdPeriph_Driver/src/stm32f10x_rcc.o
                0x000000000800242c                RCC_USBCLKConfig
 .text.RCC_APB2PeriphClockCmd
                0x0000000008002438       0x18 ./libraries/STM32F10x_StdPeriph_Driver/src/stm32f10x_rcc.o
                0x0000000008002438                RCC_APB2PeriphClockCmd
 .text.RCC_APB1PeriphClockCmd
                0x0000000008002450       0x18 ./libraries/STM32F10x_StdPeriph_Driver/src/stm32f10x_rcc.o
                0x0000000008002450                RCC_APB1PeriphClockCmd
 .text.SPI_Init
                0x0000000008002468       0x3e ./libraries/STM32F10x_StdPeriph_Driver/src/stm32f10x_spi.o
                0x0000000008002468                SPI_Init
 .text.SPI_Cmd  0x00000000080024a6       0x18 ./libraries/STM32F10x_StdPeriph_Driver/src/stm32f10x_spi.o
                0x00000000080024a6                SPI_Cmd
 .text.SPI_I2S_SendData
                0x00000000080024be        0x4 ./libraries/STM32F10x_StdPeriph_Driver/src/stm32f10x_spi.o
                0x00000000080024be                SPI_I2S_SendData
 .text.SPI_I2S_ReceiveData
                0x00000000080024c2        0x6 ./libraries/STM32F10x_StdPeriph_Driver/src/stm32f10x_spi.o
                0x00000000080024c2                SPI_I2S_ReceiveData
 .text.SPI_I2S_GetFlagStatus
                0x00000000080024c8        0xc ./libraries/STM32F10x_StdPeriph_Driver/src/stm32f10x_spi.o
                0x00000000080024c8                SPI_I2S_GetFlagStatus
 .text.TIM_TimeBaseInit
                0x00000000080024d4       0x94 ./libraries/STM32F10x_StdPeriph_Driver/src/stm32f10x_tim.o
                0x00000000080024d4                TIM_TimeBaseInit
 .text.TIM_TimeBaseStructInit
                0x0000000008002568       0x12 ./libraries/STM32F10x_StdPeriph_Driver/src/stm32f10x_tim.o
                0x0000000008002568                TIM_TimeBaseStructInit
 .text.TIM_Cmd  0x000000000800257a       0x18 ./libraries/STM32F10x_StdPeriph_Driver/src/stm32f10x_tim.o
                0x000000000800257a                TIM_Cmd
 .text.TIM_ITConfig
                0x0000000008002592       0x12 ./libraries/STM32F10x_StdPeriph_Driver/src/stm32f10x_tim.o
                0x0000000008002592                TIM_ITConfig
 .text.TIM_SelectOnePulseMode
                0x00000000080025a4       0x16 ./libraries/STM32F10x_StdPeriph_Driver/src/stm32f10x_tim.o
                0x00000000080025a4                TIM_SelectOnePulseMode
 .text.TIM_GetITStatus
                0x00000000080025ba       0x16 ./libraries/STM32F10x_StdPeriph_Driver/src/stm32f10x_tim.o
                0x00000000080025ba                TIM_GetITStatus
 .text.TIM_ClearITPendingBit
                0x00000000080025d0        0x8 ./libraries/STM32F10x_StdPeriph_Driver/src/stm32f10x_tim.o
                0x00000000080025d0                TIM_ClearITPendingBit
 *(.rodata)
 .rodata        0x00000000080025d8        0x8 ./src/dfu_mal.o
 .rodata        0x00000000080025e0       0x28 ./src/hw_config.o
                0x00000000080025e0                LED_CLK
                0x00000000080025e8                LED_PIN
                0x00000000080025ec                BUTTON_PORT_SOURCE
                0x00000000080025f0                BUTTON_PIN_SOURCE
                0x00000000080025f4                BUTTON_EXTI_LINE
                0x00000000080025f8                BUTTON_CLK
                0x0000000008002600                BUTTON_PIN
                0x0000000008002604                BUTTON_IRQn
 *(.rodata*)
 *(.glue_7)
 .glue_7        0x0000000000000000        0x0 linker stubs
 *(.glue_7t)
 .glue_7t       0x0000000000000000        0x0 linker stubs
                0x0000000008002608                . = ALIGN (0x4)
                0x0000000008002608                _etext = .
                0x0000000008002608                _sidata = _etext

.vfp11_veneer   0x0000000008002608        0x0
 .vfp11_veneer  0x0000000000000000        0x0 linker stubs

.v4_bx          0x0000000008002608        0x0
 .v4_bx         0x0000000000000000        0x0 linker stubs

.iplt           0x0000000008002608        0x0
 .iplt          0x0000000000000000        0x0 ./startup/startup_stm32f10x_md.o

.rel.dyn        0x0000000008002608        0x0
 .rel.iplt      0x0000000000000000        0x0 ./startup/startup_stm32f10x_md.o

.data           0x0000000020000000      0x254 load address 0x0000000008002608
                0x0000000020000000                . = ALIGN (0x4)
                0x0000000020000000                _sdata = .
 *(.data)
 .data          0x0000000020000000       0x14 ./src/hw_config.o
                0x0000000020000000                LED_PORT
                0x0000000020000008                BUTTON_EXTI_TRIGGER
                0x000000002000000a                BUTTON_GPIO_MODE
                0x000000002000000c                BUTTON_PORT
 .data          0x0000000020000014       0x14 ./src/system_stm32f10x.o
                0x0000000020000014                SystemCoreClock
                0x0000000020000018                AHBPrescTable
 .data          0x0000000020000028      0x152 ./src/usb_desc.o
                0x0000000020000028                DFU_StringInterface1
                0x000000002000008a                DFU_StringInterface0
                0x00000000200000ec                DFU_StringSerial
                0x0000000020000106                DFU_StringProduct
                0x000000002000011a                DFU_StringVendor
                0x0000000020000140                DFU_StringLangId
                0x0000000020000144                DFU_ConfigDescriptor
                0x0000000020000168                DFU_DeviceDescriptor
 *fill*         0x000000002000017a        0x2 00
 .data          0x000000002000017c       0x38 ./src/usb_istr.o
                0x000000002000017c                pEpInt_OUT
                0x0000000020000198                pEpInt_IN
 .data          0x00000000200001b4       0x9c ./src/usb_prop.o
                0x00000000200001b4                Pointer
                0x00000000200001b8                Config_Descriptor
                0x00000000200001c0                DFU_String_Descriptor
                0x00000000200001f0                Device_Descriptor
                0x00000000200001f8                Device_Property
                0x0000000020000228                User_Standard_Requests
                0x000000002000024c                Device_Table
 .data          0x0000000020000250        0x1 ./src/usb_pwr.o
                0x0000000020000250                fSuspendEnabled
 *(.data.*)
                0x0000000020000254                . = ALIGN (0x4)
 *fill*         0x0000000020000251        0x3 00
                0x0000000020000254                _edata = .

.igot.plt       0x0000000020000254        0x0 load address 0x000000000800285c
 .igot.plt      0x0000000000000000        0x0 ./startup/startup_stm32f10x_md.o

.bss            0x0000000020000254      0x490 load address 0x000000000800285c
                0x0000000020000254                . = ALIGN (0x4)
                0x0000000020000254                _sbss = .
 *(.bss)
 .bss           0x0000000020000254        0x2 ./src/hw_config.o
                0x0000000020000254                BUTTON_DEBOUNCED
 *fill*         0x0000000020000256        0x2 00
 .bss           0x0000000020000258       0x10 ./src/main.o
                0x000000002000025c                DFUDeviceMode
 .bss           0x0000000020000268        0x1 ./src/usb_istr.o
                0x0000000020000268                bIntPackSOF
 *fill*         0x0000000020000269        0x3 00
 .bss           0x000000002000026c        0xc ./src/usb_prop.o
                0x000000002000026c                wBlockNum
                0x0000000020000270                wlength
                0x0000000020000274                Manifest_State
 .bss           0x0000000020000278        0x4 ./src/usb_pwr.o
                0x0000000020000278                bDeviceState
 .bss           0x000000002000027c        0x1 ./libraries/STM32_USB-FS-Device_Driver/src/usb_core.o
                0x000000002000027c                Data_Mul_MaxPacketSize
 *(COMMON)
 *fill*         0x000000002000027d        0x3 00
 COMMON         0x0000000020000280      0x410 ./src/dfu_mal.o
                0x0000000020000280                MAL_Buffer
                0x0000000020000680                pMAL_Init
                0x0000000020000684                pMAL_Erase
                0x0000000020000688                pMAL_Read
                0x000000002000068c                pMAL_Write
 COMMON         0x0000000020000690       0x16 ./src/main.o
                0x0000000020000690                DeviceState
                0x0000000020000694                JumpAddress
                0x0000000020000698                Jump_To_Application
                0x000000002000069c                ApplicationAddress
                0x00000000200006a0                DeviceStatus
 COMMON         0x00000000200006a6        0x2 ./src/usb_istr.o
                0x00000000200006a6                wIstr
 COMMON         0x00000000200006a8        0x2 ./src/usb_pwr.o
                0x00000000200006a8                ResumeS
 COMMON         0x00000000200006aa        0x2 ./libraries/STM32_USB-FS-Device_Driver/src/usb_core.o
                0x00000000200006aa                StatusInfo
 COMMON         0x00000000200006ac       0x32 ./libraries/STM32_USB-FS-Device_Driver/src/usb_init.o
                0x00000000200006ac                SaveState
                0x00000000200006b0                pProperty
                0x00000000200006b4                EPindex
                0x00000000200006b8                Device_Info
                0x00000000200006d4                pUser_Standard_Requests
                0x00000000200006d8                pInformation
                0x00000000200006dc                wInterrupt_Mask
 COMMON         0x00000000200006de        0x4 ./libraries/STM32_USB-FS-Device_Driver/src/usb_int.o
                0x00000000200006de                SaveRState
                0x00000000200006e0                SaveTState
                0x00000000200006e4                . = ALIGN (0x4)
 *fill*         0x00000000200006e2        0x2 00
                0x00000000200006e4                _ebss = .
                0x00000000200006e4                PROVIDE (end, _ebss)
                0x00000000200006e4                PROVIDE (_end, _ebss)

._usrstack      0x00000000200006e4      0x100 load address 0x0000000008002cec
                0x00000000200006e4                . = ALIGN (0x4)
                0x00000000200006e4                _susrstack = .
                0x00000000200007e4                . = (. + _Minimum_Stack_Size)
 *fill*         0x00000000200006e4      0x100 00
                0x00000000200007e4                . = ALIGN (0x4)
                0x00000000200007e4                _eusrstack = .

.b1text
 *(.b1text)
 *(.b1rodata)
 *(.b1rodata*)

.eb0text
 *(.eb0text)
 *(.eb0rodata)
 *(.eb0rodata*)

.eb1text
 *(.eb1text)
 *(.eb1rodata)
 *(.eb1rodata*)

.eb2text
 *(.eb2text)
 *(.eb2rodata)
 *(.eb2rodata*)

.eb3text
 *(.eb3text)
 *(.eb3rodata)
 *(.eb3rodata*)

DISCARD
 libc.a(*)
 libm.a(*)
 libgcc.a(*)

.stab
 *(.stab)

.stabstr
 *(.stabstr)

.stab.excl
 *(.stab.excl)

.stab.exclstr
 *(.stab.exclstr)

.stab.index
 *(.stab.index)

.stab.indexstr
 *(.stab.indexstr)

.comment        0x0000000000000000       0x70
 *(.comment)
 .comment       0x0000000000000000       0x70 ./src/dfu_mal.o
                                         0x71 (size before relaxing)
 .comment       0x0000000000000000       0x71 ./src/flash_if.o
 .comment       0x0000000000000000       0x71 ./src/hw_config.o
 .comment       0x0000000000000000       0x71 ./src/main.o
 .comment       0x0000000000000000       0x71 ./src/spi_if.o
 .comment       0x0000000000000000       0x71 ./src/sst25vf_spi.o
 .comment       0x0000000000000000       0x71 ./src/stm32_it.o
 .comment       0x0000000000000000       0x71 ./src/system_stm32f10x.o
 .comment       0x0000000000000000       0x71 ./src/usb_desc.o
 .comment       0x0000000000000000       0x71 ./src/usb_istr.o
 .comment       0x0000000000000000       0x71 ./src/usb_prop.o
 .comment       0x0000000000000000       0x71 ./src/usb_pwr.o
 .comment       0x0000000000000000       0x71 ./libraries/STM32_USB-FS-Device_Driver/src/usb_core.o
 .comment       0x0000000000000000       0x71 ./libraries/STM32_USB-FS-Device_Driver/src/usb_init.o
 .comment       0x0000000000000000       0x71 ./libraries/STM32_USB-FS-Device_Driver/src/usb_int.o
 .comment       0x0000000000000000       0x71 ./libraries/STM32_USB-FS-Device_Driver/src/usb_mem.o
 .comment       0x0000000000000000       0x71 ./libraries/STM32_USB-FS-Device_Driver/src/usb_regs.o
 .comment       0x0000000000000000       0x71 ./libraries/STM32_USB-FS-Device_Driver/src/usb_sil.o
 .comment       0x0000000000000000       0x71 ./libraries/STM32F10x_StdPeriph_Driver/src/misc.o
 .comment       0x0000000000000000       0x71 ./libraries/STM32F10x_StdPeriph_Driver/src/stm32f10x_bkp.o
 .comment       0x0000000000000000       0x71 ./libraries/STM32F10x_StdPeriph_Driver/src/stm32f10x_exti.o
 .comment       0x0000000000000000       0x71 ./libraries/STM32F10x_StdPeriph_Driver/src/stm32f10x_flash.o
 .comment       0x0000000000000000       0x71 ./libraries/STM32F10x_StdPeriph_Driver/src/stm32f10x_gpio.o
 .comment       0x0000000000000000       0x71 ./libraries/STM32F10x_StdPeriph_Driver/src/stm32f10x_pwr.o
 .comment       0x0000000000000000       0x71 ./libraries/STM32F10x_StdPeriph_Driver/src/stm32f10x_rcc.o
 .comment       0x0000000000000000       0x71 ./libraries/STM32F10x_StdPeriph_Driver/src/stm32f10x_spi.o
 .comment       0x0000000000000000       0x71 ./libraries/STM32F10x_StdPeriph_Driver/src/stm32f10x_tim.o

.ARM.attributes
                0x0000000000000000       0x2f
 .ARM.attributes
                0x0000000000000000       0x21 ./startup/startup_stm32f10x_md.o
 .ARM.attributes
                0x0000000000000021       0x33 ./src/dfu_mal.o
 .ARM.attributes
                0x0000000000000054       0x33 ./src/flash_if.o
 .ARM.attributes
                0x0000000000000087       0x33 ./src/hw_config.o
 .ARM.attributes
                0x00000000000000ba       0x33 ./src/main.o
 .ARM.attributes
                0x00000000000000ed       0x33 ./src/spi_if.o
 .ARM.attributes
                0x0000000000000120       0x33 ./src/sst25vf_spi.o
 .ARM.attributes
                0x0000000000000153       0x33 ./src/stm32_it.o
 .ARM.attributes
                0x0000000000000186       0x33 ./src/system_stm32f10x.o
 .ARM.attributes
                0x00000000000001b9       0x33 ./src/usb_desc.o
 .ARM.attributes
                0x00000000000001ec       0x33 ./src/usb_istr.o
 .ARM.attributes
                0x000000000000021f       0x33 ./src/usb_prop.o
 .ARM.attributes
                0x0000000000000252       0x33 ./src/usb_pwr.o
 .ARM.attributes
                0x0000000000000285       0x33 ./libraries/STM32_USB-FS-Device_Driver/src/usb_core.o
 .ARM.attributes
                0x00000000000002b8       0x33 ./libraries/STM32_USB-FS-Device_Driver/src/usb_init.o
 .ARM.attributes
                0x00000000000002eb       0x33 ./libraries/STM32_USB-FS-Device_Driver/src/usb_int.o
 .ARM.attributes
                0x000000000000031e       0x33 ./libraries/STM32_USB-FS-Device_Driver/src/usb_mem.o
 .ARM.attributes
                0x0000000000000351       0x33 ./libraries/STM32_USB-FS-Device_Driver/src/usb_regs.o
 .ARM.attributes
                0x0000000000000384       0x33 ./libraries/STM32_USB-FS-Device_Driver/src/usb_sil.o
 .ARM.attributes
                0x00000000000003b7       0x33 ./libraries/STM32F10x_StdPeriph_Driver/src/misc.o
 .ARM.attributes
                0x00000000000003ea       0x33 ./libraries/STM32F10x_StdPeriph_Driver/src/stm32f10x_bkp.o
 .ARM.attributes
                0x000000000000041d       0x33 ./libraries/STM32F10x_StdPeriph_Driver/src/stm32f10x_exti.o
 .ARM.attributes
                0x0000000000000450       0x33 ./libraries/STM32F10x_StdPeriph_Driver/src/stm32f10x_flash.o
 .ARM.attributes
                0x0000000000000483       0x33 ./libraries/STM32F10x_StdPeriph_Driver/src/stm32f10x_gpio.o
 .ARM.attributes
                0x00000000000004b6       0x33 ./libraries/STM32F10x_StdPeriph_Driver/src/stm32f10x_pwr.o
 .ARM.attributes
                0x00000000000004e9       0x33 ./libraries/STM32F10x_StdPeriph_Driver/src/stm32f10x_rcc.o
 .ARM.attributes
                0x000000000000051c       0x33 ./libraries/STM32F10x_StdPeriph_Driver/src/stm32f10x_spi.o
 .ARM.attributes
                0x000000000000054f       0x33 ./libraries/STM32F10x_StdPeriph_Driver/src/stm32f10x_tim.o

.debug
 *(.debug)

.line
 *(.line)

.debug_srcinfo
 *(.debug_srcinfo)

.debug_sfnames
 *(.debug_sfnames)

.debug_aranges  0x0000000000000000      0xf08
 *(.debug_aranges)
 .debug_aranges
                0x0000000000000000       0x28 ./startup/startup_stm32f10x_md.o
 .debug_aranges
                0x0000000000000028       0x40 ./src/dfu_mal.o
 .debug_aranges
                0x0000000000000068       0x38 ./src/flash_if.o
 .debug_aranges
                0x00000000000000a0       0xc0 ./src/hw_config.o
 .debug_aranges
                0x0000000000000160       0x30 ./src/main.o
 .debug_aranges
                0x0000000000000190       0x38 ./src/spi_if.o
 .debug_aranges
                0x00000000000001c8       0x80 ./src/sst25vf_spi.o
 .debug_aranges
                0x0000000000000248       0x80 ./src/stm32_it.o
 .debug_aranges
                0x00000000000002c8       0x28 ./src/system_stm32f10x.o
 .debug_aranges
                0x00000000000002f0       0x18 ./src/usb_desc.o
 .debug_aranges
                0x0000000000000308       0x20 ./src/usb_istr.o
 .debug_aranges
                0x0000000000000328       0xa0 ./src/usb_prop.o
 .debug_aranges
                0x00000000000003c8       0x40 ./src/usb_pwr.o
 .debug_aranges
                0x0000000000000408       0x98 ./libraries/STM32_USB-FS-Device_Driver/src/usb_core.o
 .debug_aranges
                0x00000000000004a0       0x20 ./libraries/STM32_USB-FS-Device_Driver/src/usb_init.o
 .debug_aranges
                0x00000000000004c0       0x28 ./libraries/STM32_USB-FS-Device_Driver/src/usb_int.o
 .debug_aranges
                0x00000000000004e8       0x28 ./libraries/STM32_USB-FS-Device_Driver/src/usb_mem.o
 .debug_aranges
                0x0000000000000510      0x1f0 ./libraries/STM32_USB-FS-Device_Driver/src/usb_regs.o
 .debug_aranges
                0x0000000000000700       0x30 ./libraries/STM32_USB-FS-Device_Driver/src/usb_sil.o
 .debug_aranges
                0x0000000000000730       0x40 ./libraries/STM32F10x_StdPeriph_Driver/src/misc.o
 .debug_aranges
                0x0000000000000770       0x78 ./libraries/STM32F10x_StdPeriph_Driver/src/stm32f10x_bkp.o
 .debug_aranges
                0x00000000000007e8       0x58 ./libraries/STM32F10x_StdPeriph_Driver/src/stm32f10x_exti.o
 .debug_aranges
                0x0000000000000840       0xf8 ./libraries/STM32F10x_StdPeriph_Driver/src/stm32f10x_flash.o
 .debug_aranges
                0x0000000000000938       0xa8 ./libraries/STM32F10x_StdPeriph_Driver/src/stm32f10x_gpio.o
 .debug_aranges
                0x00000000000009e0       0x60 ./libraries/STM32F10x_StdPeriph_Driver/src/stm32f10x_pwr.o
 .debug_aranges
                0x0000000000000a40      0x118 ./libraries/STM32F10x_StdPeriph_Driver/src/stm32f10x_rcc.o
 .debug_aranges
                0x0000000000000b58       0xd0 ./libraries/STM32F10x_StdPeriph_Driver/src/stm32f10x_spi.o
 .debug_aranges
                0x0000000000000c28      0x2e0 ./libraries/STM32F10x_StdPeriph_Driver/src/stm32f10x_tim.o

.debug_pubnames
 *(.debug_pubnames)

.debug_info     0x0000000000000000     0xe1b8
 *(.debug_info .gnu.linkonce.wi.*)
 .debug_info    0x0000000000000000       0x6a ./startup/startup_stm32f10x_md.o
 .debug_info    0x000000000000006a      0x307 ./src/dfu_mal.o
 .debug_info    0x0000000000000371      0x232 ./src/flash_if.o
 .debug_info    0x00000000000005a3     0x1caf ./src/hw_config.o
 .debug_info    0x0000000000002252      0x43e ./src/main.o
 .debug_info    0x0000000000002690      0x24b ./src/spi_if.o
 .debug_info    0x00000000000028db      0xf27 ./src/sst25vf_spi.o
 .debug_info    0x0000000000003802      0x6cd ./src/stm32_it.o
 .debug_info    0x0000000000003ecf      0x4e2 ./src/system_stm32f10x.o
 .debug_info    0x00000000000043b1      0x198 ./src/usb_desc.o
 .debug_info    0x0000000000004549      0x377 ./src/usb_istr.o
 .debug_info    0x00000000000048c0      0xd3d ./src/usb_prop.o
 .debug_info    0x00000000000055fd      0x363 ./src/usb_pwr.o
 .debug_info    0x0000000000005960      0xf33 ./libraries/STM32_USB-FS-Device_Driver/src/usb_core.o
 .debug_info    0x0000000000006893      0x49d ./libraries/STM32_USB-FS-Device_Driver/src/usb_init.o
 .debug_info    0x0000000000006d30      0x1ff ./libraries/STM32_USB-FS-Device_Driver/src/usb_int.o
 .debug_info    0x0000000000006f2f      0x1c8 ./libraries/STM32_USB-FS-Device_Driver/src/usb_mem.o
 .debug_info    0x00000000000070f7      0xde4 ./libraries/STM32_USB-FS-Device_Driver/src/usb_regs.o
 .debug_info    0x0000000000007edb      0x29d ./libraries/STM32_USB-FS-Device_Driver/src/usb_sil.o
 .debug_info    0x0000000000008178      0x59c ./libraries/STM32F10x_StdPeriph_Driver/src/misc.o
 .debug_info    0x0000000000008714      0x8c5 ./libraries/STM32F10x_StdPeriph_Driver/src/stm32f10x_bkp.o
 .debug_info    0x0000000000008fd9      0x373 ./libraries/STM32F10x_StdPeriph_Driver/src/stm32f10x_exti.o
 .debug_info    0x000000000000934c      0xab1 ./libraries/STM32F10x_StdPeriph_Driver/src/stm32f10x_flash.o
 .debug_info    0x0000000000009dfd      0x844 ./libraries/STM32F10x_StdPeriph_Driver/src/stm32f10x_gpio.o
 .debug_info    0x000000000000a641      0x50b ./libraries/STM32F10x_StdPeriph_Driver/src/stm32f10x_pwr.o
 .debug_info    0x000000000000ab4c      0x948 ./libraries/STM32F10x_StdPeriph_Driver/src/stm32f10x_rcc.o
 .debug_info    0x000000000000b494      0xa63 ./libraries/STM32F10x_StdPeriph_Driver/src/stm32f10x_spi.o
 .debug_info    0x000000000000bef7     0x22c1 ./libraries/STM32F10x_StdPeriph_Driver/src/stm32f10x_tim.o

.debug_abbrev   0x0000000000000000     0x32b7
 *(.debug_abbrev)
 .debug_abbrev  0x0000000000000000       0x12 ./startup/startup_stm32f10x_md.o
 .debug_abbrev  0x0000000000000012      0x168 ./src/dfu_mal.o
 .debug_abbrev  0x000000000000017a      0x15b ./src/flash_if.o
 .debug_abbrev  0x00000000000002d5      0x46c ./src/hw_config.o
 .debug_abbrev  0x0000000000000741      0x1ff ./src/main.o
 .debug_abbrev  0x0000000000000940      0x109 ./src/spi_if.o
 .debug_abbrev  0x0000000000000a49      0x235 ./src/sst25vf_spi.o
 .debug_abbrev  0x0000000000000c7e      0x1c9 ./src/stm32_it.o
 .debug_abbrev  0x0000000000000e47      0x182 ./src/system_stm32f10x.o
 .debug_abbrev  0x0000000000000fc9       0x71 ./src/usb_desc.o
 .debug_abbrev  0x000000000000103a      0x164 ./src/usb_istr.o
 .debug_abbrev  0x000000000000119e      0x395 ./src/usb_prop.o
 .debug_abbrev  0x0000000000001533      0x1a9 ./src/usb_pwr.o
 .debug_abbrev  0x00000000000016dc      0x3ee ./libraries/STM32_USB-FS-Device_Driver/src/usb_core.o
 .debug_abbrev  0x0000000000001aca      0x125 ./libraries/STM32_USB-FS-Device_Driver/src/usb_init.o
 .debug_abbrev  0x0000000000001bef       0xf3 ./libraries/STM32_USB-FS-Device_Driver/src/usb_int.o
 .debug_abbrev  0x0000000000001ce2       0xb3 ./libraries/STM32_USB-FS-Device_Driver/src/usb_mem.o
 .debug_abbrev  0x0000000000001d95      0x210 ./libraries/STM32_USB-FS-Device_Driver/src/usb_regs.o
 .debug_abbrev  0x0000000000001fa5      0x139 ./libraries/STM32_USB-FS-Device_Driver/src/usb_sil.o
 .debug_abbrev  0x00000000000020de      0x157 ./libraries/STM32F10x_StdPeriph_Driver/src/misc.o
 .debug_abbrev  0x0000000000002235      0x1ba ./libraries/STM32F10x_StdPeriph_Driver/src/stm32f10x_bkp.o
 .debug_abbrev  0x00000000000023ef      0x181 ./libraries/STM32F10x_StdPeriph_Driver/src/stm32f10x_exti.o
 .debug_abbrev  0x0000000000002570      0x22c ./libraries/STM32F10x_StdPeriph_Driver/src/stm32f10x_flash.o
 .debug_abbrev  0x000000000000279c      0x214 ./libraries/STM32F10x_StdPeriph_Driver/src/stm32f10x_gpio.o
 .debug_abbrev  0x00000000000029b0      0x1d6 ./libraries/STM32F10x_StdPeriph_Driver/src/stm32f10x_pwr.o
 .debug_abbrev  0x0000000000002b86      0x20e ./libraries/STM32F10x_StdPeriph_Driver/src/stm32f10x_rcc.o
 .debug_abbrev  0x0000000000002d94      0x21d ./libraries/STM32F10x_StdPeriph_Driver/src/stm32f10x_spi.o
 .debug_abbrev  0x0000000000002fb1      0x306 ./libraries/STM32F10x_StdPeriph_Driver/src/stm32f10x_tim.o

.debug_line     0x0000000000000000     0xc87e
 *(.debug_line)
 .debug_line    0x0000000000000000       0x7d ./startup/startup_stm32f10x_md.o
 .debug_line    0x000000000000007d      0x6ca ./src/dfu_mal.o
 .debug_line    0x0000000000000747      0x5d0 ./src/flash_if.o
 .debug_line    0x0000000000000d17      0x8f2 ./src/hw_config.o
 .debug_line    0x0000000000001609      0x6ef ./src/main.o
 .debug_line    0x0000000000001cf8      0x5c8 ./src/spi_if.o
 .debug_line    0x00000000000022c0      0x79b ./src/sst25vf_spi.o
 .debug_line    0x0000000000002a5b      0x736 ./src/stm32_it.o
 .debug_line    0x0000000000003191      0x59c ./src/system_stm32f10x.o
 .debug_line    0x000000000000372d      0x549 ./src/usb_desc.o
 .debug_line    0x0000000000003c76      0x688 ./src/usb_istr.o
 .debug_line    0x00000000000042fe      0x8e1 ./src/usb_prop.o
 .debug_line    0x0000000000004bdf      0x6c3 ./src/usb_pwr.o
 .debug_line    0x00000000000052a2      0x95c ./libraries/STM32_USB-FS-Device_Driver/src/usb_core.o
 .debug_line    0x0000000000005bfe      0x667 ./libraries/STM32_USB-FS-Device_Driver/src/usb_init.o
 .debug_line    0x0000000000006265      0x6cd ./libraries/STM32_USB-FS-Device_Driver/src/usb_int.o
 .debug_line    0x0000000000006932      0x6a1 ./libraries/STM32_USB-FS-Device_Driver/src/usb_mem.o
 .debug_line    0x0000000000006fd3      0xc7c ./libraries/STM32_USB-FS-Device_Driver/src/usb_regs.o
 .debug_line    0x0000000000007c4f      0x68c ./libraries/STM32_USB-FS-Device_Driver/src/usb_sil.o
 .debug_line    0x00000000000082db      0x5b8 ./libraries/STM32F10x_StdPeriph_Driver/src/misc.o
 .debug_line    0x0000000000008893      0x639 ./libraries/STM32F10x_StdPeriph_Driver/src/stm32f10x_bkp.o
 .debug_line    0x0000000000008ecc      0x611 ./libraries/STM32F10x_StdPeriph_Driver/src/stm32f10x_exti.o
 .debug_line    0x00000000000094dd      0x86e ./libraries/STM32F10x_StdPeriph_Driver/src/stm32f10x_flash.o
 .debug_line    0x0000000000009d4b      0x71e ./libraries/STM32F10x_StdPeriph_Driver/src/stm32f10x_gpio.o
 .debug_line    0x000000000000a469      0x615 ./libraries/STM32F10x_StdPeriph_Driver/src/stm32f10x_pwr.o
 .debug_line    0x000000000000aa7e      0x801 ./libraries/STM32F10x_StdPeriph_Driver/src/stm32f10x_rcc.o
 .debug_line    0x000000000000b27f      0x7ac ./libraries/STM32F10x_StdPeriph_Driver/src/stm32f10x_spi.o
 .debug_line    0x000000000000ba2b      0xe53 ./libraries/STM32F10x_StdPeriph_Driver/src/stm32f10x_tim.o

.debug_frame    0x0000000000000000     0x2118
 *(.debug_frame)
 .debug_frame   0x0000000000000000       0x90 ./src/dfu_mal.o
 .debug_frame   0x0000000000000090       0x6c ./src/flash_if.o
 .debug_frame   0x00000000000000fc      0x224 ./src/hw_config.o
 .debug_frame   0x0000000000000320       0x4c ./src/main.o
 .debug_frame   0x000000000000036c       0x80 ./src/spi_if.o
 .debug_frame   0x00000000000003ec      0x1b4 ./src/sst25vf_spi.o
 .debug_frame   0x00000000000005a0      0x104 ./src/stm32_it.o
 .debug_frame   0x00000000000006a4       0x34 ./src/system_stm32f10x.o
 .debug_frame   0x00000000000006d8       0x30 ./src/usb_istr.o
 .debug_frame   0x0000000000000708      0x184 ./src/usb_prop.o
 .debug_frame   0x000000000000088c       0x94 ./src/usb_pwr.o
 .debug_frame   0x0000000000000920      0x1dc ./libraries/STM32_USB-FS-Device_Driver/src/usb_core.o
 .debug_frame   0x0000000000000afc       0x2c ./libraries/STM32_USB-FS-Device_Driver/src/usb_init.o
 .debug_frame   0x0000000000000b28       0x54 ./libraries/STM32_USB-FS-Device_Driver/src/usb_int.o
 .debug_frame   0x0000000000000b7c       0x48 ./libraries/STM32_USB-FS-Device_Driver/src/usb_mem.o
 .debug_frame   0x0000000000000bc4      0x3d8 ./libraries/STM32_USB-FS-Device_Driver/src/usb_regs.o
 .debug_frame   0x0000000000000f9c       0x60 ./libraries/STM32_USB-FS-Device_Driver/src/usb_sil.o
 .debug_frame   0x0000000000000ffc       0x6c ./libraries/STM32F10x_StdPeriph_Driver/src/misc.o
 .debug_frame   0x0000000000001068       0xe4 ./libraries/STM32F10x_StdPeriph_Driver/src/stm32f10x_bkp.o
 .debug_frame   0x000000000000114c       0x9c ./libraries/STM32F10x_StdPeriph_Driver/src/stm32f10x_exti.o
 .debug_frame   0x00000000000011e8      0x28c ./libraries/STM32F10x_StdPeriph_Driver/src/stm32f10x_flash.o
 .debug_frame   0x0000000000001474      0x180 ./libraries/STM32F10x_StdPeriph_Driver/src/stm32f10x_gpio.o
 .debug_frame   0x00000000000015f4       0xac ./libraries/STM32F10x_StdPeriph_Driver/src/stm32f10x_pwr.o
 .debug_frame   0x00000000000016a0      0x22c ./libraries/STM32F10x_StdPeriph_Driver/src/stm32f10x_rcc.o
 .debug_frame   0x00000000000018cc      0x1bc ./libraries/STM32F10x_StdPeriph_Driver/src/stm32f10x_spi.o
 .debug_frame   0x0000000000001a88      0x690 ./libraries/STM32F10x_StdPeriph_Driver/src/stm32f10x_tim.o

.debug_str      0x0000000000000000    0x56502
 *(.debug_str)
 .debug_str     0x0000000000000000    0x50bfd ./src/dfu_mal.o
                                      0x50ce2 (size before relaxing)
 .debug_str     0x0000000000050bfd       0xb4 ./src/flash_if.o
                                      0x4e6ae (size before relaxing)
 .debug_str     0x0000000000050cb1      0xe79 ./src/hw_config.o
                                      0x51b59 (size before relaxing)
 .debug_str     0x0000000000051b2a      0x48d ./src/main.o
                                      0x511ca (size before relaxing)
 .debug_str     0x0000000000051fb7       0x7a ./src/spi_if.o
                                      0x4e903 (size before relaxing)
 .debug_str     0x0000000000052031      0x1c9 ./src/sst25vf_spi.o
                                      0x4e8cb (size before relaxing)
 .debug_str     0x00000000000521fa      0x144 ./src/stm32_it.o
                                      0x50c6a (size before relaxing)
 .debug_str     0x000000000005233e      0x10f ./src/system_stm32f10x.o
                                      0x4de04 (size before relaxing)
 .debug_str     0x000000000005244d       0x9a ./src/usb_desc.o
                                      0x4e4cb (size before relaxing)
 .debug_str     0x00000000000524e7      0x1bc ./src/usb_istr.o
                                      0x50f32 (size before relaxing)
 .debug_str     0x00000000000526a3      0x3ee ./src/usb_prop.o
                                      0x5180f (size before relaxing)
 .debug_str     0x0000000000052a91       0x4b ./src/usb_pwr.o
                                      0x50b6c (size before relaxing)
 .debug_str     0x0000000000052adc      0x612 ./libraries/STM32_USB-FS-Device_Driver/src/usb_core.o
                                      0x51471 (size before relaxing)
 .debug_str     0x00000000000530ee       0x49 ./libraries/STM32_USB-FS-Device_Driver/src/usb_init.o
                                      0x50d27 (size before relaxing)
 .debug_str     0x0000000000053137       0x44 ./libraries/STM32_USB-FS-Device_Driver/src/usb_int.o
                                      0x50a03 (size before relaxing)
 .debug_str     0x000000000005317b       0x66 ./libraries/STM32_USB-FS-Device_Driver/src/usb_mem.o
                                      0x509dc (size before relaxing)
 .debug_str     0x00000000000531e1      0x379 ./libraries/STM32_USB-FS-Device_Driver/src/usb_regs.o
                                      0x50d64 (size before relaxing)
 .debug_str     0x000000000005355a       0x74 ./libraries/STM32_USB-FS-Device_Driver/src/usb_sil.o
                                      0x50a44 (size before relaxing)
 .debug_str     0x00000000000535ce       0xf9 ./libraries/STM32F10x_StdPeriph_Driver/src/misc.o
                                      0x4defd (size before relaxing)
 .debug_str     0x00000000000536c7      0x570 ./libraries/STM32F10x_StdPeriph_Driver/src/stm32f10x_bkp.o
                                      0x4e332 (size before relaxing)
 .debug_str     0x0000000000053c37      0x102 ./libraries/STM32F10x_StdPeriph_Driver/src/stm32f10x_exti.o
                                      0x4de8a (size before relaxing)
 .debug_str     0x0000000000053d39      0x6f8 ./libraries/STM32F10x_StdPeriph_Driver/src/stm32f10x_flash.o
                                      0x4e477 (size before relaxing)
 .debug_str     0x0000000000054431      0x462 ./libraries/STM32F10x_StdPeriph_Driver/src/stm32f10x_gpio.o
                                      0x4e27b (size before relaxing)
 .debug_str     0x0000000000054893      0x2d1 ./libraries/STM32F10x_StdPeriph_Driver/src/stm32f10x_pwr.o
                                      0x4dff6 (size before relaxing)
 .debug_str     0x0000000000054b64      0xa7b ./libraries/STM32F10x_StdPeriph_Driver/src/stm32f10x_rcc.o
                                      0x4e84a (size before relaxing)
 .debug_str     0x00000000000555df      0x4c2 ./libraries/STM32F10x_StdPeriph_Driver/src/stm32f10x_spi.o
                                      0x4e3a4 (size before relaxing)
 .debug_str     0x0000000000055aa1      0xa61 ./libraries/STM32F10x_StdPeriph_Driver/src/stm32f10x_tim.o
                                      0x4e996 (size before relaxing)

.debug_loc      0x0000000000000000     0x7b94
 *(.debug_loc)
 .debug_loc     0x0000000000000000      0x220 ./src/dfu_mal.o
 .debug_loc     0x0000000000000220      0x11f ./src/flash_if.o
 .debug_loc     0x000000000000033f      0x5e9 ./src/hw_config.o
 .debug_loc     0x0000000000000928       0x33 ./src/main.o
 .debug_loc     0x000000000000095b      0x13b ./src/spi_if.o
 .debug_loc     0x0000000000000a96      0x959 ./src/sst25vf_spi.o
 .debug_loc     0x00000000000013ef       0x60 ./src/stm32_it.o
 .debug_loc     0x000000000000144f       0xfd ./src/system_stm32f10x.o
 .debug_loc     0x000000000000154c       0x20 ./src/usb_istr.o
 .debug_loc     0x000000000000156c      0x4ab ./src/usb_prop.o
 .debug_loc     0x0000000000001a17      0x1a8 ./src/usb_pwr.o
 .debug_loc     0x0000000000001bbf      0x988 ./libraries/STM32_USB-FS-Device_Driver/src/usb_core.o
 .debug_loc     0x0000000000002547       0x20 ./libraries/STM32_USB-FS-Device_Driver/src/usb_init.o
 .debug_loc     0x0000000000002567      0x120 ./libraries/STM32_USB-FS-Device_Driver/src/usb_int.o
 .debug_loc     0x0000000000002687      0x19c ./libraries/STM32_USB-FS-Device_Driver/src/usb_mem.o
 .debug_loc     0x0000000000002823      0xcb3 ./libraries/STM32_USB-FS-Device_Driver/src/usb_regs.o
 .debug_loc     0x00000000000034d6      0x120 ./libraries/STM32_USB-FS-Device_Driver/src/usb_sil.o
 .debug_loc     0x00000000000035f6      0x1de ./libraries/STM32F10x_StdPeriph_Driver/src/misc.o
 .debug_loc     0x00000000000037d4      0x198 ./libraries/STM32F10x_StdPeriph_Driver/src/stm32f10x_bkp.o
 .debug_loc     0x000000000000396c      0x218 ./libraries/STM32F10x_StdPeriph_Driver/src/stm32f10x_exti.o
 .debug_loc     0x0000000000003b84      0x936 ./libraries/STM32F10x_StdPeriph_Driver/src/stm32f10x_flash.o
 .debug_loc     0x00000000000044ba      0x62c ./libraries/STM32F10x_StdPeriph_Driver/src/stm32f10x_gpio.o
 .debug_loc     0x0000000000004ae6      0x178 ./libraries/STM32F10x_StdPeriph_Driver/src/stm32f10x_pwr.o
 .debug_loc     0x0000000000004c5e      0x7a9 ./libraries/STM32F10x_StdPeriph_Driver/src/stm32f10x_rcc.o
 .debug_loc     0x0000000000005407      0x6ec ./libraries/STM32F10x_StdPeriph_Driver/src/stm32f10x_spi.o
 .debug_loc     0x0000000000005af3     0x20a1 ./libraries/STM32F10x_StdPeriph_Driver/src/stm32f10x_tim.o

.debug_macinfo
 *(.debug_macinfo)

.debug_weaknames
 *(.debug_weaknames)

.debug_funcnames
 *(.debug_funcnames)

.debug_typenames
 *(.debug_typenames)

.debug_varnames
 *(.debug_varnames)
OUTPUT(usb-dfu.elf elf32-littlearm)

.debug_ranges   0x0000000000000000      0xf90
 .debug_ranges  0x0000000000000000       0x20 ./startup/startup_stm32f10x_md.o
 .debug_ranges  0x0000000000000020       0x30 ./src/dfu_mal.o
 .debug_ranges  0x0000000000000050       0x28 ./src/flash_if.o
 .debug_ranges  0x0000000000000078       0xf8 ./src/hw_config.o
 .debug_ranges  0x0000000000000170       0x20 ./src/main.o
 .debug_ranges  0x0000000000000190       0x28 ./src/spi_if.o
 .debug_ranges  0x00000000000001b8       0x70 ./src/sst25vf_spi.o
 .debug_ranges  0x0000000000000228       0x70 ./src/stm32_it.o
 .debug_ranges  0x0000000000000298       0x78 ./src/system_stm32f10x.o
 .debug_ranges  0x0000000000000310       0x10 ./src/usb_istr.o
 .debug_ranges  0x0000000000000320       0x90 ./src/usb_prop.o
 .debug_ranges  0x00000000000003b0       0x30 ./src/usb_pwr.o
 .debug_ranges  0x00000000000003e0      0x158 ./libraries/STM32_USB-FS-Device_Driver/src/usb_core.o
 .debug_ranges  0x0000000000000538       0x10 ./libraries/STM32_USB-FS-Device_Driver/src/usb_init.o
 .debug_ranges  0x0000000000000548       0x30 ./libraries/STM32_USB-FS-Device_Driver/src/usb_int.o
 .debug_ranges  0x0000000000000578       0x18 ./libraries/STM32_USB-FS-Device_Driver/src/usb_mem.o
 .debug_ranges  0x0000000000000590      0x228 ./libraries/STM32_USB-FS-Device_Driver/src/usb_regs.o
 .debug_ranges  0x00000000000007b8       0x20 ./libraries/STM32_USB-FS-Device_Driver/src/usb_sil.o
 .debug_ranges  0x00000000000007d8       0x30 ./libraries/STM32F10x_StdPeriph_Driver/src/misc.o
 .debug_ranges  0x0000000000000808       0x68 ./libraries/STM32F10x_StdPeriph_Driver/src/stm32f10x_bkp.o
 .debug_ranges  0x0000000000000870       0x48 ./libraries/STM32F10x_StdPeriph_Driver/src/stm32f10x_exti.o
 .debug_ranges  0x00000000000008b8       0xe8 ./libraries/STM32F10x_StdPeriph_Driver/src/stm32f10x_flash.o
 .debug_ranges  0x00000000000009a0       0x98 ./libraries/STM32F10x_StdPeriph_Driver/src/stm32f10x_gpio.o
 .debug_ranges  0x0000000000000a38       0x50 ./libraries/STM32F10x_StdPeriph_Driver/src/stm32f10x_pwr.o
 .debug_ranges  0x0000000000000a88      0x108 ./libraries/STM32F10x_StdPeriph_Driver/src/stm32f10x_rcc.o
 .debug_ranges  0x0000000000000b90       0xc0 ./libraries/STM32F10x_StdPeriph_Driver/src/stm32f10x_spi.o
 .debug_ranges  0x0000000000000c50      0x340 ./libraries/STM32F10x_StdPeriph_Driver/src/stm32f10x_tim.o

.debug_macro    0x0000000000000000    0x11810
 .debug_macro   0x0000000000000000      0x254 ./src/dfu_mal.o
 .debug_macro   0x0000000000000254      0x808 ./src/dfu_mal.o
 .debug_macro   0x0000000000000a5c       0x28 ./src/dfu_mal.o
 .debug_macro   0x0000000000000a84       0x5d ./src/dfu_mal.o
 .debug_macro   0x0000000000000ae1       0x3a ./src/dfu_mal.o
 .debug_macro   0x0000000000000b1b       0x3a ./src/dfu_mal.o
 .debug_macro   0x0000000000000b55       0x10 ./src/dfu_mal.o
 .debug_macro   0x0000000000000b65       0x2e ./src/dfu_mal.o
 .debug_macro   0x0000000000000b93       0xa2 ./src/dfu_mal.o
 .debug_macro   0x0000000000000c35      0x20e ./src/dfu_mal.o
 .debug_macro   0x0000000000000e43       0x18 ./src/dfu_mal.o
 .debug_macro   0x0000000000000e5b      0xa8b ./src/dfu_mal.o
 .debug_macro   0x00000000000018e6     0x7eb3 ./src/dfu_mal.o
 .debug_macro   0x0000000000009799      0x2e4 ./src/dfu_mal.o
 .debug_macro   0x0000000000009a7d      0x14a ./src/dfu_mal.o
 .debug_macro   0x0000000000009bc7      0x3cf ./src/dfu_mal.o
 .debug_macro   0x0000000000009f96      0x17b ./src/dfu_mal.o
 .debug_macro   0x000000000000a111       0xac ./src/dfu_mal.o
 .debug_macro   0x000000000000a1bd      0x3b0 ./src/dfu_mal.o
 .debug_macro   0x000000000000a56d       0x9d ./src/dfu_mal.o
 .debug_macro   0x000000000000a60a      0x2d5 ./src/dfu_mal.o
 .debug_macro   0x000000000000a8df      0x279 ./src/dfu_mal.o
 .debug_macro   0x000000000000ab58      0x2ad ./src/dfu_mal.o
 .debug_macro   0x000000000000ae05      0x2b4 ./src/dfu_mal.o
 .debug_macro   0x000000000000b0b9       0x64 ./src/dfu_mal.o
 .debug_macro   0x000000000000b11d       0x82 ./src/dfu_mal.o
 .debug_macro   0x000000000000b19f      0x3e2 ./src/dfu_mal.o
 .debug_macro   0x000000000000b581       0x58 ./src/dfu_mal.o
 .debug_macro   0x000000000000b5d9      0x344 ./src/dfu_mal.o
 .debug_macro   0x000000000000b91d      0x2c4 ./src/dfu_mal.o
 .debug_macro   0x000000000000bbe1      0x711 ./src/dfu_mal.o
 .debug_macro   0x000000000000c2f2      0x229 ./src/dfu_mal.o
 .debug_macro   0x000000000000c51b       0x34 ./src/dfu_mal.o
 .debug_macro   0x000000000000c54f       0x8c ./src/dfu_mal.o
 .debug_macro   0x000000000000c5db       0x35 ./src/dfu_mal.o
 .debug_macro   0x000000000000c610      0x142 ./src/dfu_mal.o
 .debug_macro   0x000000000000c752       0x70 ./src/dfu_mal.o
 .debug_macro   0x000000000000c7c2       0x22 ./src/dfu_mal.o
 .debug_macro   0x000000000000c7e4       0x52 ./src/dfu_mal.o
 .debug_macro   0x000000000000c836       0x46 ./src/dfu_mal.o
 .debug_macro   0x000000000000c87c       0x94 ./src/dfu_mal.o
 .debug_macro   0x000000000000c910      0x454 ./src/dfu_mal.o
 .debug_macro   0x000000000000cd64       0x28 ./src/dfu_mal.o
 .debug_macro   0x000000000000cd8c       0x5e ./src/dfu_mal.o
 .debug_macro   0x000000000000cdea      0x1ba ./src/flash_if.o
 .debug_macro   0x000000000000cfa4      0x246 ./src/hw_config.o
 .debug_macro   0x000000000000d1ea      0x259 ./src/main.o
 .debug_macro   0x000000000000d443       0xf4 ./src/main.o
 .debug_macro   0x000000000000d537      0x1dc ./src/spi_if.o
 .debug_macro   0x000000000000d713      0x1b6 ./src/sst25vf_spi.o
 .debug_macro   0x000000000000d8c9      0x242 ./src/stm32_it.o
 .debug_macro   0x000000000000db0b      0x192 ./src/system_stm32f10x.o
 .debug_macro   0x000000000000dc9d      0x1a3 ./src/usb_desc.o
 .debug_macro   0x000000000000de40       0x4c ./src/usb_desc.o
 .debug_macro   0x000000000000de8c      0x23d ./src/usb_istr.o
 .debug_macro   0x000000000000e0c9      0x24f ./src/usb_prop.o
 .debug_macro   0x000000000000e318      0x226 ./src/usb_pwr.o
 .debug_macro   0x000000000000e53e      0x258 ./libraries/STM32_USB-FS-Device_Driver/src/usb_core.o
 .debug_macro   0x000000000000e796      0x21c ./libraries/STM32_USB-FS-Device_Driver/src/usb_init.o
 .debug_macro   0x000000000000e9b2      0x21c ./libraries/STM32_USB-FS-Device_Driver/src/usb_int.o
 .debug_macro   0x000000000000ebce      0x21c ./libraries/STM32_USB-FS-Device_Driver/src/usb_mem.o
 .debug_macro   0x000000000000edea      0x21c ./libraries/STM32_USB-FS-Device_Driver/src/usb_regs.o
 .debug_macro   0x000000000000f006      0x21c ./libraries/STM32_USB-FS-Device_Driver/src/usb_sil.o
 .debug_macro   0x000000000000f222      0x196 ./libraries/STM32F10x_StdPeriph_Driver/src/misc.o
 .debug_macro   0x000000000000f3b8       0x86 ./libraries/STM32F10x_StdPeriph_Driver/src/misc.o
 .debug_macro   0x000000000000f43e      0x1ea ./libraries/STM32F10x_StdPeriph_Driver/src/stm32f10x_bkp.o
 .debug_macro   0x000000000000f628      0x196 ./libraries/STM32F10x_StdPeriph_Driver/src/stm32f10x_exti.o
 .debug_macro   0x000000000000f7be       0x97 ./libraries/STM32F10x_StdPeriph_Driver/src/stm32f10x_exti.o
 .debug_macro   0x000000000000f855      0x226 ./libraries/STM32F10x_StdPeriph_Driver/src/stm32f10x_flash.o
 .debug_macro   0x000000000000fa7b      0x2cf ./libraries/STM32F10x_StdPeriph_Driver/src/stm32f10x_flash.o
 .debug_macro   0x000000000000fd4a      0x1de ./libraries/STM32F10x_StdPeriph_Driver/src/stm32f10x_gpio.o
 .debug_macro   0x000000000000ff28      0x2a7 ./libraries/STM32F10x_StdPeriph_Driver/src/stm32f10x_gpio.o
 .debug_macro   0x00000000000101cf      0x1d2 ./libraries/STM32F10x_StdPeriph_Driver/src/stm32f10x_pwr.o
 .debug_macro   0x00000000000103a1       0x7c ./libraries/STM32F10x_StdPeriph_Driver/src/stm32f10x_pwr.o
 .debug_macro   0x000000000001041d      0x2b0 ./libraries/STM32F10x_StdPeriph_Driver/src/stm32f10x_rcc.o
 .debug_macro   0x00000000000106cd      0x3dc ./libraries/STM32F10x_StdPeriph_Driver/src/stm32f10x_rcc.o
 .debug_macro   0x0000000000010aa9      0x1f6 ./libraries/STM32F10x_StdPeriph_Driver/src/stm32f10x_spi.o
 .debug_macro   0x0000000000010c9f      0x2be ./libraries/STM32F10x_StdPeriph_Driver/src/stm32f10x_spi.o
 .debug_macro   0x0000000000010f5d      0x1a8 ./libraries/STM32F10x_StdPeriph_Driver/src/stm32f10x_tim.o
 .debug_macro   0x0000000000011105      0x70b ./libraries/STM32F10x_StdPeriph_Driver/src/stm32f10x_tim.o
